Archive member included because of file (symbol)

./../Platform/Sensors/debug/libSensors_efm32_debug.a(Environmental.o)
                              /Applications/XDK.app/Contents/MacOS/workspace/beeinformed_3_0/debug/objects/edge_sensors.o (Environmental_setPowerMode)
./../Platform/Sensors/debug/libSensors_efm32_debug.a(EnvironmentalUtils.o)
                              ./../Platform/Sensors/debug/libSensors_efm32_debug.a(Environmental.o) (SetAmbientTemperatureOffset)
./../Platform/Sensors/debug/libSensors_efm32_debug.a(LightSensor.o)
                              /Applications/XDK.app/Contents/MacOS/workspace/beeinformed_3_0/debug/objects/edge_sensors.o (LightSensor_init)
./../Platform/BSP/debug/libBSP_efm32_debug.a(BSP_Board.o)
                              /Applications/XDK.app/Contents/MacOS/workspace/beeinformed_3_0/debug/objects/source/SystemStartup.o (BSP_Board_OSTickInitialize)
./../Platform/BSP/debug/libBSP_efm32_debug.a(BSP_DMA.o)
                              ./../Platform/BSP/debug/libBSP_efm32_debug.a(BSP_Board.o) (BSP_DMA_Initialize)
./../Platform/BSP/debug/libBSP_efm32_debug.a(BSP_IrqHandler.o)
                              ./../Platform/BSP/debug/libBSP_efm32_debug.a(BSP_Board.o) (IrqHandler_SysTickDummyHandler)
./../Platform/BSP/debug/libBSP_efm32_debug.a(BSP_LED.o)
                              /Applications/XDK.app/Contents/MacOS/workspace/beeinformed_3_0/debug/objects/source/SystemStartup.o (BSP_LED_Connect)
./../Platform/BSP/debug/libBSP_efm32_debug.a(BSP_Mic_AKU340.o)
                              /Applications/XDK.app/Contents/MacOS/workspace/beeinformed_3_0/debug/objects/edge_audio_acq.o (BSP_Mic_AKU340_Connect)
./../Platform/BSP/debug/libBSP_efm32_debug.a(BSP_SDCard.o)
                              ./../Platform/BSP/debug/libBSP_efm32_debug.a(BSP_IrqHandler.o) (SDCard_SPIRxISR)
./../Platform/BSP/debug/libBSP_efm32_debug.a(BSP_SensorNode.o)
                              ./../Platform/BSP/debug/libBSP_efm32_debug.a(BSP_IrqHandler.o) (SensorNode_I2CISR)
./../Platform/BSP/debug/libBSP_efm32_debug.a(BSP_USB.o)
                              ./../Platform/BSP/debug/libBSP_efm32_debug.a(BSP_Board.o) (USB_init)
./../Platform/BSP/debug/libBSP_efm32_debug.a(BSP_WiFi_cc3100mod.o)
                              ./../Platform/BSP/debug/libBSP_efm32_debug.a(BSP_IrqHandler.o) (WiFi_CC3100MOD_SPIRxISR)
./../Platform/BSP/debug/libBSP_efm32_debug.a(BSP_BT_EM9301.o)
                              ./../Platform/BSP/debug/libBSP_efm32_debug.a(BSP_IrqHandler.o) (BT_EM9301_UART_TxISR)
./../Libraries/FreeRTOS/debug/libFreeRTOS_efm32_debug.a(queue.o)
                              /Applications/XDK.app/Contents/MacOS/workspace/beeinformed_3_0/debug/objects/app_ble.o (xQueueGenericCreate)
./../Libraries/FreeRTOS/debug/libFreeRTOS_efm32_debug.a(tasks.o)
                              /Applications/XDK.app/Contents/MacOS/workspace/beeinformed_3_0/debug/objects/app_ble.o (xTaskGenericCreate)
./../Libraries/FreeRTOS/debug/libFreeRTOS_efm32_debug.a(timers.o)
                              ./../Libraries/FreeRTOS/debug/libFreeRTOS_efm32_debug.a(tasks.o) (xTimerCreateTimerTask)
./../Libraries/FreeRTOS/debug/libFreeRTOS_efm32_debug.a(heap_4.o)
                              ./../Libraries/FreeRTOS/debug/libFreeRTOS_efm32_debug.a(queue.o) (pvPortMalloc)
./../Libraries/FreeRTOS/debug/libFreeRTOS_efm32_debug.a(port.o)
                              ./../Libraries/FreeRTOS/debug/libFreeRTOS_efm32_debug.a(tasks.o) (pxPortInitialiseStack)
./../Libraries/FreeRTOS/debug/libFreeRTOS_efm32_debug.a(list.o)
                              ./../Libraries/FreeRTOS/debug/libFreeRTOS_efm32_debug.a(queue.o) (vListInitialise)
./../Libraries/EMlib/debug/libEMLib_efm32_debug.a(em_adc.o)
                              /Applications/XDK.app/Contents/MacOS/workspace/beeinformed_3_0/debug/objects/edge_audio_acq.o (ADC_Init)
./../Libraries/EMlib/debug/libEMLib_efm32_debug.a(em_cmu.o)
                              ./../Libraries/EMlib/debug/libEMLib_efm32_debug.a(em_adc.o) (CMU_ClockFreqGet)
./../Libraries/EMlib/debug/libEMLib_efm32_debug.a(em_msc.o)
                              ./../Platform/BSP/debug/libBSP_efm32_debug.a(BSP_Board.o) (MSC_Init)
./../Libraries/EMlib/debug/libEMLib_efm32_debug.a(em_dma.o)
                              ./../Platform/BSP/debug/libBSP_efm32_debug.a(BSP_DMA.o) (DMA_Reset)
./../Libraries/EMlib/debug/libEMLib_efm32_debug.a(em_emu.o)
                              ./../Libraries/EMlib/debug/libEMLib_efm32_debug.a(em_cmu.o) (EMU_UpdateOscConfig)
./../Libraries/EMlib/debug/libEMLib_efm32_debug.a(em_gpio.o)
                              ./../Platform/BSP/debug/libBSP_efm32_debug.a(BSP_Board.o) (GPIO_DriveModeSet)
./../Libraries/EMlib/debug/libEMLib_efm32_debug.a(em_int.o)
                              /Applications/XDK.app/Contents/MacOS/workspace/beeinformed_3_0/debug/objects/./../Libraries/EMlib/3rd-party/EMLib/usb/src/em_usbdint.o (INT_LockCnt)
./../Libraries/EMlib/debug/libEMLib_efm32_debug.a(em_i2c.o)
[...]
Memory Configuration

Name             Origin             Length             Attributes
FLASH            0x0000000000010000 0x00000000000f0000 xr
RAM              0x0000000020000000 0x0000000000020000 xrw
*default*        0x0000000000000000 0xffffffffffffffff

Linker script and memory map

LOAD /Applications/XDK.app/Contents/Eclipse/armGCC/bin/../lib/gcc/arm-none-eabi/4.7.4/armv7-m/crti.o
LOAD /Applications/XDK.app/Contents/Eclipse/armGCC/bin/../lib/gcc/arm-none-eabi/4.7.4/armv7-m/crtbegin.o
LOAD /Applications/XDK.app/Contents/Eclipse/armGCC/bin/../lib/gcc/arm-none-eabi/4.7.4/../../../../arm-none-eabi/lib/armv7-m/crt0.o
LOAD /Applications/XDK.app/Contents/MacOS/workspace/beeinformed_3_0/debug/objects/source/Assert.o
LOAD /Applications/XDK.app/Contents/MacOS/workspace/beeinformed_3_0/debug/objects/source/RetargetStdio.o
LOAD /Applications/XDK.app/Contents/MacOS/workspace/beeinformed_3_0/debug/objects/source/SensorHandle.o
LOAD /Applications/XDK.app/Contents/MacOS/workspace/beeinformed_3_0/debug/objects/source/SystemStartup.o
LOAD /Applications/XDK.app/Contents/MacOS/workspace/beeinformed_3_0/debug/objects/source/UsbResetUtility.o
LOAD /Applications/XDK.app/Contents/MacOS/workspace/beeinformed_3_0/debug/objects/source/XdkVersion.o
LOAD /Applications/XDK.app/Contents/MacOS/workspace/beeinformed_3_0/debug/objects/./../Libraries/EMlib/3rd-party/EMLib/usb/src/em_usbdint.o
LOAD /Applications/XDK.app/Contents/MacOS/workspace/beeinformed_3_0/debug/objects/main.o
LOAD /Applications/XDK.app/Contents/MacOS/workspace/beeinformed_3_0/debug/objects/app_ble.o
LOAD /Applications/XDK.app/Contents/MacOS/workspace/beeinformed_3_0/debug/objects/beeinformed.o
LOAD /Applications/XDK.app/Contents/MacOS/workspace/beeinformed_3_0/debug/objects/edge_sensors.o
LOAD /Applications/XDK.app/Contents/MacOS/workspace/beeinformed_3_0/debug/objects/edge_audio_acq.o
LOAD /Applications/XDK.app/Contents/MacOS/workspace/beeinformed_3_0/debug/objects/edge_audio_processing.o
LOAD /Applications/XDK.app/Contents/MacOS/workspace/beeinformed_3_0/debug/objects/startup_efm32gg.o
START GROUP
LOAD ./../Platform/SensorUtils/debug/libSensorUtils_efm32_debug.a
LOAD ./../Platform/Sensors/debug/libSensors_efm32_debug.a
LOAD ./../Platform/BSP/debug/libBSP_efm32_debug.a
LOAD ./../Libraries/FreeRTOS/debug/libFreeRTOS_efm32_debug.a
LOAD ./../Libraries/EMlib/debug/libEMLib_efm32_debug.a
LOAD ./../Libraries/BSTLib/debug/libBSTLib_efm32_debug.a
LOAD ./../Libraries/WiFi/debug/libWiFi_efm32_debug.a
LOAD ./../Libraries/FATfs/debug/libFATfs_efm32_debug.a
LOAD ./../Libraries/BLEStack/3rd-party/Alpwise/ALPW-BLESDKCM3/BLESW_CoreStack/Libraries/BLESW_CoreStack_CM3.a
LOAD ./../Libraries/BLEStack/3rd-party/Alpwise/ALPW-BLESDKCM3/BLESW_ALPWDataExchange/Libraries/BLESW_ALPWDEP_Server_CM3.a
LOAD ./../Libraries/BLEStack/3rd-party/Alpwise/ALPW-BLESDKCM3/BLESW_CoreStack/Libraries/BLESW_ALPWDES_CM3.a
LOAD ./../Libraries/BLEStack/3rd-party/Alpwise/ALPW-BLESDKCM3/BLESW_AlertNotification/Libraries/BLESW_ANP_Server_CM3.a
LOAD ./../Libraries/BLEStack/3rd-party/Alpwise/ALPW-BLESDKCM3/BLESW_CoreStack/Libraries/BLESW_ANS_CM3.a
LOAD ./../Libraries/BLEStack/3rd-party/Alpwise/ALPW-BLESDKCM3/BLESW_BloodPressure/Libraries/BLESW_BLP_Sensor_CM3.a
LOAD ./../Libraries/BLEStack/3rd-party/Alpwise/ALPW-BLESDKCM3/BLESW_CoreStack/Libraries/BLESW_BLS_CM3.a
LOAD ./../Libraries/BLEStack/3rd-party/Alpwise/ALPW-BLESDKCM3/BLESW_CyclingPower/Libraries/BLESW_CPP_Sensor_CM3.a
LOAD ./../Libraries/BLEStack/3rd-party/Alpwise/ALPW-BLESDKCM3/BLESW_CoreStack/Libraries/BLESW_CPS_CM3.a
LOAD ./../Libraries/BLEStack/3rd-party/Alpwise/ALPW-BLESDKCM3/BLESW_CyclingSpeedAndCadence/Libraries/BLESW_CSCP_Sensor_CM3.a
LOAD ./../Libraries/BLEStack/3rd-party/Alpwise/ALPW-BLESDKCM3/BLESW_CoreStack/Libraries/BLESW_CSCS_CM3.a
LOAD ./../Libraries/BLEStack/3rd-party/Alpwise/ALPW-BLESDKCM3/BLESW_Glucose/Libraries/BLESW_GLP_Sensor_CM3.a
LOAD ./../Libraries/BLEStack/3rd-party/Alpwise/ALPW-BLESDKCM3/BLESW_CoreStack/Libraries/BLESW_GLS_CM3.a
LOAD ./../Libraries/BLEStack/3rd-party/Alpwise/ALPW-BLESDKCM3/BLESW_HealthThermometer/Libraries/BLESW_HTP_Thermometer_CM3.a
LOAD ./../Libraries/BLEStack/3rd-party/Alpwise/ALPW-BLESDKCM3/BLESW_CoreStack/Libraries/BLESW_HTS_CM3.a
LOAD ./../Libraries/BLEStack/3rd-party/Alpwise/ALPW-BLESDKCM3/BLESW_HeartRate/Libraries/BLESW_HRP_Sensor_CM3.a
LOAD ./../Libraries/BLEStack/3rd-party/Alpwise/ALPW-BLESDKCM3/BLESW_CoreStack/Libraries/BLESW_HRS_CM3.a
LOAD ./../Libraries/BLEStack/3rd-party/Alpwise/ALPW-BLESDKCM3/BLESW_HumanInterfaceDevice/Libraries/BLESW_HID_Host_CM3.a
LOAD ./../Libraries/BLEStack/3rd-party/Alpwise/ALPW-BLESDKCM3/BLESW_CoreStack/Libraries/BLESW_HIDS_CM3.a
LOAD ./../Libraries/BLEStack/3rd-party/Alpwise/ALPW-BLESDKCM3/BLESW_LocationAndNavigation/Libraries/BLESW_LNP_Sensor_CM3.a
LOAD ./../Libraries/BLEStack/3rd-party/Alpwise/ALPW-BLESDKCM3/BLESW_CoreStack/Libraries/BLESW_LNS_CM3.a
LOAD ./../Libraries/BLEStack/3rd-party/Alpwise/ALPW-BLESDKCM3/BLESW_NetworkAvailability/Libraries/BLESW_NWAP_Reporter_CM3.a
LOAD ./../Libraries/BLEStack/3rd-party/Alpwise/ALPW-BLESDKCM3/BLESW_CoreStack/Libraries/BLESW_NWAS_CM3.a
LOAD ./../Libraries/BLEStack/3rd-party/Alpwise/ALPW-BLESDKCM3/BLESW_PhoneAlertStatus/Libraries/BLESW_PASP_Server_CM3.a
LOAD ./../Libraries/BLEStack/3rd-party/Alpwise/ALPW-BLESDKCM3/BLESW_CoreStack/Libraries/BLESW_PASS_CM3.a
LOAD ./../Libraries/BLEStack/3rd-party/Alpwise/ALPW-BLESDKCM3/BLESW_RunningSpeedAndCadence/Libraries/BLESW_RSCP_Sensor_CM3.a
LOAD ./../Libraries/BLEStack/3rd-party/Alpwise/ALPW-BLESDKCM3/BLESW_CoreStack/Libraries/BLESW_RSCS_CM3.a
LOAD ./../Libraries/EMlib/3rd-party/EMLib/CMSIS/Lib/GCC/libarm_cortexM3l_math.a
LOAD ./../Libraries/BSXlite/3rd-party/bsxlite/lib/libalgobsx.a
LOAD ./../Platform/Essentials/release/libEssentials_efm32.a
LOAD ./../Platform/Utils/release/libUtils_efm32.a
LOAD ./../Platform/Drivers/release/libDrivers_efm32.a
LOAD ./../Platform/FOTA/release/libFOTA_efm32.a
LOAD ./../Platform/Wlan/release/libWlan_efm32.a
LOAD ./../Platform/BLE/release/libBLE_efm32.a
LOAD ./../Libraries/Escrypt_CycurTLS/release/libEscrypt_CycurTLS_efm32.a
LOAD ./../Platform/ServalPAL_WiFi/release/libServalPalWifi_efm32.a
LOAD ./../Platform/SensorToolbox/release/libSensorToolbox_efm32.a
END GROUP
START GROUP
LOAD /Applications/XDK.app/Contents/Eclipse/armGCC/bin/../lib/gcc/arm-none-eabi/4.7.4/armv7-m/libgcc.a
LOAD /Applications/XDK.app/Contents/Eclipse/armGCC/bin/../lib/gcc/arm-none-eabi/4.7.4/../../../../arm-none-eabi/lib/armv7-m/libc.a
LOAD /Applications/XDK.app/Contents/Eclipse/armGCC/bin/../lib/gcc/arm-none-eabi/4.7.4/../../../../arm-none-eabi/lib/armv7-m/libm.a
END GROUP
START GROUP
LOAD /Applications/XDK.app/Contents/Eclipse/armGCC/bin/../lib/gcc/arm-none-eabi/4.7.4/armv7-m/libgcc.a
LOAD /Applications/XDK.app/Contents/Eclipse/armGCC/bin/../lib/gcc/arm-none-eabi/4.7.4/../../../../arm-none-eabi/lib/armv7-m/libc.a
END GROUP
LOAD /Applications/XDK.app/Contents/Eclipse/armGCC/bin/../lib/gcc/arm-none-eabi/4.7.4/armv7-m/crtend.o
LOAD /Applications/XDK.app/Contents/Eclipse/armGCC/bin/../lib/gcc/arm-none-eabi/4.7.4/armv7-m/crtn.o

.text           0x0000000000010000    0x2605c
 *(.isr_vector)
 .isr_vector    0x0000000000010000      0x100 /Applications/XDK.app/Contents/MacOS/workspace/beeinformed_3_0/debug/objects/startup_efm32gg.o
                0x0000000000010000                __isr_vector
 *(.text*)
 .text          0x0000000000010100       0x54 /Applications/XDK.app/Contents/Eclipse/armGCC/bin/../lib/gcc/arm-none-eabi/4.7.4/armv7-m/crtbegin.o
 .text          0x0000000000010154       0x70 /Applications/XDK.app/Contents/Eclipse/armGCC/bin/../lib/gcc/arm-none-eabi/4.7.4/../../../../arm-none-eabi/lib/armv7-m/crt0.o
                0x0000000000010154                _mainCRTStartup
                0x0000000000010154                _start
                0x0000000000010154                start
 .text.Assert_initialize
                0x00000000000101c4       0x40 /Applications/XDK.app/Contents/MacOS/workspace/beeinformed_3_0/debug/objects/source/Assert.o
                0x00000000000101c4                Assert_initialize
 .text.Assert_dynamic
                0x0000000000010204       0x2c /Applications/XDK.app/Contents/MacOS/workspace/beeinformed_3_0/debug/objects/source/Assert.o
                0x0000000000010204                Assert_dynamic
 .text._close   0x0000000000010230       0x18 /Applications/XDK.app/Contents/MacOS/workspace/beeinformed_3_0/debug/objects/source/RetargetStdio.o
                0x0000000000010230                _close
 .text._exit    0x0000000000010248        0xc /Applications/XDK.app/Contents/MacOS/workspace/beeinformed_3_0/debug/objects/source/RetargetStdio.o
                0x0000000000010248                _exit
 .text._fstat   0x0000000000010254       0x24 /Applications/XDK.app/Contents/MacOS/workspace/beeinformed_3_0/debug/objects/source/RetargetStdio.o
                0x0000000000010254                _fstat
 .text._isatty  0x0000000000010278       0x18 /Applications/XDK.app/Contents/MacOS/workspace/beeinformed_3_0/debug/objects/source/RetargetStdio.o
                0x0000000000010278                _isatty
 .text._lseek   0x0000000000010290       0x1c /Applications/XDK.app/Contents/MacOS/workspace/beeinformed_3_0/debug/objects/source/RetargetStdio.o
                0x0000000000010290                _lseek
 .text._read    0x00000000000102ac       0x70 /Applications/XDK.app/Contents/MacOS/workspace/beeinformed_3_0/debug/objects/source/RetargetStdio.o
                0x00000000000102ac                _read
 .text._sbrk    0x000000000001031c       0xa0 /Applications/XDK.app/Contents/MacOS/workspace/beeinformed_3_0/debug/objects/source/RetargetStdio.o
                0x000000000001031c                _sbrk
 .text._write   0x00000000000103bc       0x20 /Applications/XDK.app/Contents/MacOS/workspace/beeinformed_3_0/debug/objects/source/RetargetStdio.o
                0x00000000000103bc                _write
 .text.Retcode_getPackage
                0x00000000000103dc       0x1c /Applications/XDK.app/Contents/MacOS/workspace/beeinformed_3_0/debug/objects/source/SystemStartup.o
 .text.Retcode_GetModuleId
                0x00000000000103f8       0x1c /Applications/XDK.app/Contents/MacOS/workspace/beeinformed_3_0/debug/objects/source/SystemStartup.o
 .text.Retcode_getSeverity
                0x0000000000010414       0x24 /Applications/XDK.app/Contents/MacOS/workspace/beeinformed_3_0/debug/objects/source/SystemStartup.o
 .text.Retcode_getCode
                0x0000000000010438       0x20 /Applications/XDK.app/Contents/MacOS/workspace/beeinformed_3_0/debug/objects/source/SystemStartup.o
 .text.bleGetMacAddress
                0x0000000000010458       0xec /Applications/XDK.app/Contents/MacOS/workspace/beeinformed_3_0/debug/objects/source/SystemStartup.o
 .text.SysTickPreCallback
                0x0000000000010544       0x14 /Applications/XDK.app/Contents/MacOS/workspace/beeinformed_3_0/debug/objects/source/SystemStartup.o
 .text.DefaultErrorHandlingFunc
                0x0000000000010558       0xe8 /Applications/XDK.app/Contents/MacOS/workspace/beeinformed_3_0/debug/objects/source/SystemStartup.o
                0x0000000000010558                DefaultErrorHandlingFunc
 .text.assertIndicationMapping
                0x0000000000010640       0x44 /Applications/XDK.app/Contents/MacOS/workspace/beeinformed_3_0/debug/objects/source/SystemStartup.o
                0x0000000000010640                assertIndicationMapping
 .text.systemStartup
                0x0000000000010684      0x154 /Applications/XDK.app/Contents/MacOS/workspace/beeinformed_3_0/debug/objects/source/SystemStartup.o
                0x0000000000010684                systemStartup
 .text.vApplicationStackOverflowHook
                0x00000000000107d8       0x5c /Applications/XDK.app/Contents/MacOS/workspace/beeinformed_3_0/debug/objects/source/SystemStartup.o
                0x00000000000107d8                vApplicationStackOverflowHook
 .text.NVIC_SystemReset
                0x0000000000010834       0x30 /Applications/XDK.app/Contents/MacOS/workspace/beeinformed_3_0/debug/objects/source/UsbResetUtility.o
 .text.UsbResetUtility_SystemReset
                0x0000000000010864       0x10 /Applications/XDK.app/Contents/MacOS/workspace/beeinformed_3_0/debug/objects/source/UsbResetUtility.o
 .text.UsbResetUtility_InteruptHandling
                0x0000000000010874       0x54 /Applications/XDK.app/Contents/MacOS/workspace/beeinformed_3_0/debug/objects/source/UsbResetUtility.o
 .text.UsbResetUtility_Init
                0x00000000000108c8       0x40 /Applications/XDK.app/Contents/MacOS/workspace/beeinformed_3_0/debug/objects/source/UsbResetUtility.o
                0x00000000000108c8                UsbResetUtility_Init
 .text.UsbResetUtility_UsbISRCallback
                0x0000000000010908      0x138 /Applications/XDK.app/Contents/MacOS/workspace/beeinformed_3_0/debug/objects/source/UsbResetUtility.o
                0x0000000000010908                UsbResetUtility_UsbISRCallback
 .text.INT_Disable
                0x0000000000010a40       0x40 /Applications/XDK.app/Contents/MacOS/workspace/beeinformed_3_0/debug/objects/./../Libraries/EMlib/3rd-party/EMLib/usb/src/em_usbdint.o
 .text.INT_Enable
                0x0000000000010a80       0x54 /Applications/XDK.app/Contents/MacOS/workspace/beeinformed_3_0/debug/objects/./../Libraries/EMlib/3rd-party/EMLib/usb/src/em_usbdint.o
 .text.USBHAL_FlushTxFifo
                0x0000000000010ad4       0x4c /Applications/XDK.app/Contents/MacOS/workspace/beeinformed_3_0/debug/objects/./../Libraries/EMlib/3rd-party/EMLib/usb/src/em_usbdint.o
 .text.USBHAL_GetCoreInts
                0x0000000000010b20       0x40 /Applications/XDK.app/Contents/MacOS/workspace/beeinformed_3_0/debug/objects/./../Libraries/EMlib/3rd-party/EMLib/usb/src/em_usbdint.o
 .text.USBDHAL_EnableInts
                0x0000000000010b60       0x70 /Applications/XDK.app/Contents/MacOS/workspace/beeinformed_3_0/debug/objects/./../Libraries/EMlib/3rd-party/EMLib/usb/src/em_usbdint.o
 .text.USBDHAL_Ep0Activate
                0x0000000000010bd0       0x70 /Applications/XDK.app/Contents/MacOS/workspace/beeinformed_3_0/debug/objects/./../Libraries/EMlib/3rd-party/EMLib/usb/src/em_usbdint.o
 .text.USBDHAL_GetAllInEpInts
                0x0000000000010c40       0x48 /Applications/XDK.app/Contents/MacOS/workspace/beeinformed_3_0/debug/objects/./../Libraries/EMlib/3rd-party/EMLib/usb/src/em_usbdint.o
 .text.USBDHAL_GetAllOutEpInts
                0x0000000000010c88       0x44 /Applications/XDK.app/Contents/MacOS/workspace/beeinformed_3_0/debug/objects/./../Libraries/EMlib/3rd-party/EMLib/usb/src/em_usbdint.o
 .text.USBDHAL_GetInEpInts
                0x0000000000010ccc       0x44 /Applications/XDK.app/Contents/MacOS/workspace/beeinformed_3_0/debug/objects/./../Libraries/EMlib/3rd-party/EMLib/usb/src/em_usbdint.o
 .text.USBDHAL_GetOutEpInts
                0x0000000000010d10       0x44 /Applications/XDK.app/Contents/MacOS/workspace/beeinformed_3_0/debug/objects/./../Libraries/EMlib/3rd-party/EMLib/usb/src/em_usbdint.o
 .text.USBDHAL_StartEp0Setup
                0x0000000000010d54       0x88 /Applications/XDK.app/Contents/MacOS/workspace/beeinformed_3_0/debug/objects/./../Libraries/EMlib/3rd-party/EMLib/usb/src/em_usbdint.o
 .text.USBD_GetEpFromAddr
                0x0000000000010ddc       0xa0 /Applications/XDK.app/Contents/MacOS/workspace/beeinformed_3_0/debug/objects/./../Libraries/EMlib/3rd-party/EMLib/usb/src/em_usbdint.o
 .text.USB_IRQHandler
                0x0000000000010e7c      0x16c /Applications/XDK.app/Contents/MacOS/workspace/beeinformed_3_0/debug/objects/./../Libraries/EMlib/3rd-party/EMLib/usb/src/em_usbdint.o
                0x0000000000010e7c                USB_IRQHandler
 .text.Handle_USB_GINTSTS_ENUMDONE
                0x0000000000010fe8       0x3c /Applications/XDK.app/Contents/MacOS/workspace/beeinformed_3_0/debug/objects/./../Libraries/EMlib/3rd-party/EMLib/usb/src/em_usbdint.o
 .text.Handle_USB_GINTSTS_IEPINT
                0x0000000000011024      0x118 /Applications/XDK.app/Contents/MacOS/workspace/beeinformed_3_0/debug/objects/./../Libraries/EMlib/3rd-party/EMLib/usb/src/em_usbdint.o
 .text.Handle_USB_GINTSTS_OEPINT
                0x000000000001113c      0x230 /Applications/XDK.app/Contents/MacOS/workspace/beeinformed_3_0/debug/objects/./../Libraries/EMlib/3rd-party/EMLib/usb/src/em_usbdint.o
 .text.Handle_USB_GINTSTS_RESETDET
                0x000000000001136c       0x40 /Applications/XDK.app/Contents/MacOS/workspace/beeinformed_3_0/debug/objects/./../Libraries/EMlib/3rd-party/EMLib/usb/src/em_usbdint.o
 .text.Handle_USB_GINTSTS_SOF
                0x00000000000113ac       0x64 /Applications/XDK.app/Contents/MacOS/workspace/beeinformed_3_0/debug/objects/./../Libraries/EMlib/3rd-party/EMLib/usb/src/em_usbdint.o
 .text.Handle_USB_GINTSTS_USBRST
                0x0000000000011410      0x150 /Applications/XDK.app/Contents/MacOS/workspace/beeinformed_3_0/debug/objects/./../Libraries/EMlib/3rd-party/EMLib/usb/src/em_usbdint.o
 .text.Handle_USB_GINTSTS_USBSUSP
                0x0000000000011560       0x68 /Applications/XDK.app/Contents/MacOS/workspace/beeinformed_3_0/debug/objects/./../Libraries/EMlib/3rd-party/EMLib/usb/src/em_usbdint.o
 .text.Handle_USB_GINTSTS_WKUPINT
                0x00000000000115c8       0x30 /Applications/XDK.app/Contents/MacOS/workspace/beeinformed_3_0/debug/objects/./../Libraries/EMlib/3rd-party/EMLib/usb/src/em_usbdint.o
 .text.main     0x00000000000115f8       0xa8 /Applications/XDK.app/Contents/MacOS/workspace/beeinformed_3_0/debug/objects/main.o
                0x00000000000115f8                main
 .text.ble_notify_cb
                0x00000000000116a0       0xbc /Applications/XDK.app/Contents/MacOS/workspace/beeinformed_3_0/debug/objects/app_ble.o
 .text.ble_recv_timeout_cb
                0x000000000001175c       0x24 /Applications/XDK.app/Contents/MacOS/workspace/beeinformed_3_0/debug/objects/app_ble.o
 .text.ble_data_rx_cb
                0x0000000000011780       0x78 /Applications/XDK.app/Contents/MacOS/workspace/beeinformed_3_0/debug/objects/app_ble.o
 .text.ble_data_tx_cb
                0x00000000000117f8      0x174 /Applications/XDK.app/Contents/MacOS/workspace/beeinformed_3_0/debug/objects/app_ble.o
 .text.ble_app_service_register_cb
                0x000000000001196c       0x24 /Applications/XDK.app/Contents/MacOS/workspace/beeinformed_3_0/debug/objects/app_ble.o
 .text.ble_send_packet
                0x0000000000011990      0x1c4 /Applications/XDK.app/Contents/MacOS/workspace/beeinformed_3_0/debug/objects/app_ble.o
 .text.ble_on_sensor_acquired
                0x0000000000011b54       0x38 /Applications/XDK.app/Contents/MacOS/workspace/beeinformed_3_0/debug/objects/app_ble.o
 .text.ble_on_audio_acquired
                0x0000000000011b8c       0x58 /Applications/XDK.app/Contents/MacOS/workspace/beeinformed_3_0/debug/objects/app_ble.o
 .text.handle_sensors
                0x0000000000011be4       0x2c /Applications/XDK.app/Contents/MacOS/workspace/beeinformed_3_0/debug/objects/app_ble.o
 .text.handle_audio
                0x0000000000011c10       0x3c /Applications/XDK.app/Contents/MacOS/workspace/beeinformed_3_0/debug/objects/app_ble.o
 .text.ble_cmd_handler
                0x0000000000011c4c       0x70 /Applications/XDK.app/Contents/MacOS/workspace/beeinformed_3_0/debug/objects/app_ble.o
 .text.ble_app_task
                0x0000000000011cbc       0xf0 /Applications/XDK.app/Contents/MacOS/workspace/beeinformed_3_0/debug/objects/app_ble.o
 .text.app_ble_init
                0x0000000000011dac      0x1d0 /Applications/XDK.app/Contents/MacOS/workspace/beeinformed_3_0/debug/objects/app_ble.o
                0x0000000000011dac                app_ble_init
 .text.appInitSystem
                0x0000000000011f7c       0x38 /Applications/XDK.app/Contents/MacOS/workspace/beeinformed_3_0/debug/objects/beeinformed.o
                0x0000000000011f7c                appInitSystem
 .text.sensors_hw_init
                0x0000000000011fb4       0xb8 /Applications/XDK.app/Contents/MacOS/workspace/beeinformed_3_0/debug/objects/edge_sensors.o
 .text.sensors_task
                0x000000000001206c      0x27c /Applications/XDK.app/Contents/MacOS/workspace/beeinformed_3_0/debug/objects/edge_sensors.o
 .text.sensor_app_start
                0x00000000000122e8       0x5c /Applications/XDK.app/Contents/MacOS/workspace/beeinformed_3_0/debug/objects/edge_sensors.o
                0x00000000000122e8                sensor_app_start
 .text.sensor_trigger_reading
                0x0000000000012344       0x9c /Applications/XDK.app/Contents/MacOS/workspace/beeinformed_3_0/debug/objects/edge_sensors.o
                0x0000000000012344                sensor_trigger_reading
 .text.NVIC_EnableIRQ
                0x00000000000123e0       0x38 /Applications/XDK.app/Contents/MacOS/workspace/beeinformed_3_0/debug/objects/edge_audio_acq.o
 .text.NVIC_DisableIRQ
                0x0000000000012418       0x3c /Applications/XDK.app/Contents/MacOS/workspace/beeinformed_3_0/debug/objects/edge_audio_acq.o
 .text.NVIC_SetPriority
                0x0000000000012454       0x5c /Applications/XDK.app/Contents/MacOS/workspace/beeinformed_3_0/debug/objects/edge_audio_acq.o
 .text.ADC_DataSingleGet
                0x00000000000124b0       0x18 /Applications/XDK.app/Contents/MacOS/workspace/beeinformed_3_0/debug/objects/edge_audio_acq.o
 .text.ADC_IntClear
                0x00000000000124c8       0x1c /Applications/XDK.app/Contents/MacOS/workspace/beeinformed_3_0/debug/objects/edge_audio_acq.o
 .text.ADC_IntDisable
                0x00000000000124e4       0x24 /Applications/XDK.app/Contents/MacOS/workspace/beeinformed_3_0/debug/objects/edge_audio_acq.o
 .text.ADC_IntEnable
                0x0000000000012508       0x20 /Applications/XDK.app/Contents/MacOS/workspace/beeinformed_3_0/debug/objects/edge_audio_acq.o
 .text.TIMER_Enable
                0x0000000000012528       0x64 /Applications/XDK.app/Contents/MacOS/workspace/beeinformed_3_0/debug/objects/edge_audio_acq.o
 .text.TIMER_TopSet
                0x000000000001258c       0x1c /Applications/XDK.app/Contents/MacOS/workspace/beeinformed_3_0/debug/objects/edge_audio_acq.o
 .text.ADC0_IRQHandler
                0x00000000000125a8       0xbc /Applications/XDK.app/Contents/MacOS/workspace/beeinformed_3_0/debug/objects/edge_audio_acq.o
                0x00000000000125a8                ADC0_IRQHandler
 .text.audio_start_capture
                0x0000000000012664       0x38 /Applications/XDK.app/Contents/MacOS/workspace/beeinformed_3_0/debug/objects/edge_audio_acq.o
 .text.audio_init_timer
                0x000000000001269c       0xb0 /Applications/XDK.app/Contents/MacOS/workspace/beeinformed_3_0/debug/objects/edge_audio_acq.o
 .text.audio_init_adc
                0x000000000001274c      0x12c /Applications/XDK.app/Contents/MacOS/workspace/beeinformed_3_0/debug/objects/edge_audio_acq.o
 .text.audio_hw_init
                0x0000000000012878       0x24 /Applications/XDK.app/Contents/MacOS/workspace/beeinformed_3_0/debug/objects/edge_audio_acq.o
 .text.audio_task
                0x000000000001289c      0x1f0 /Applications/XDK.app/Contents/MacOS/workspace/beeinformed_3_0/debug/objects/edge_audio_acq.o
 .text.audio_app_init
                0x0000000000012a8c       0x5c /Applications/XDK.app/Contents/MacOS/workspace/beeinformed_3_0/debug/objects/edge_audio_acq.o
                0x0000000000012a8c                audio_app_init
 .text.audio_start_record
                0x0000000000012ae8       0xac /Applications/XDK.app/Contents/MacOS/workspace/beeinformed_3_0/debug/objects/edge_audio_acq.o
                0x0000000000012ae8                audio_start_record
 .text.FIX_MPY  0x0000000000012b94       0x4c /Applications/XDK.app/Contents/MacOS/workspace/beeinformed_3_0/debug/objects/edge_audio_processing.o
 .text.fix_fft  0x0000000000012be0      0x384 /Applications/XDK.app/Contents/MacOS/workspace/beeinformed_3_0/debug/objects/edge_audio_processing.o
 .text.fix_fftr
                0x0000000000012f64       0xe4 /Applications/XDK.app/Contents/MacOS/workspace/beeinformed_3_0/debug/objects/edge_audio_processing.o
                0x0000000000012f64                fix_fftr
 .text.fix_sqrt
                0x0000000000013048       0x88 /Applications/XDK.app/Contents/MacOS/workspace/beeinformed_3_0/debug/objects/edge_audio_processing.o
 .text.audio_dsp_format_samples
                0x00000000000130d0       0x48 /Applications/XDK.app/Contents/MacOS/workspace/beeinformed_3_0/debug/objects/edge_audio_processing.o
 .text.audio_dsp_transform
                0x0000000000013118       0xb0 /Applications/XDK.app/Contents/MacOS/workspace/beeinformed_3_0/debug/objects/edge_audio_processing.o
 .text.audio_dsp_find_bee_data
                0x00000000000131c8       0xd0 /Applications/XDK.app/Contents/MacOS/workspace/beeinformed_3_0/debug/objects/edge_audio_processing.o
 .text.audio_dsp_process_samples
                0x0000000000013298       0x90 /Applications/XDK.app/Contents/MacOS/workspace/beeinformed_3_0/debug/objects/edge_audio_processing.o
                0x0000000000013298                audio_dsp_process_samples
 .text          0x0000000000013328       0x98 /Applications/XDK.app/Contents/MacOS/workspace/beeinformed_3_0/debug/objects/startup_efm32gg.o
                0x0000000000013328                Reset_Handler
                0x000000000001335c                Default_Handler
                0x000000000001335e                NMI_Handler
                0x0000000000013360                HardFault_Handler
                0x0000000000013362                MemManage_Handler
                0x0000000000013364                BusFault_Handler
                0x0000000000013366                UsageFault_Handler
                0x000000000001336a                DebugMon_Handler
                0x0000000000013374                TIMER0_IRQHandler
                0x000000000001337a                ACMP0_IRQHandler
                0x0000000000013380                DAC0_IRQHandler
                0x0000000000013384                I2C1_IRQHandler
                0x0000000000013388                TIMER1_IRQHandler
                0x000000000001338a                TIMER2_IRQHandler
                0x000000000001338c                TIMER3_IRQHandler
                0x0000000000013392                LESENSE_IRQHandler
                0x0000000000013394                USART2_RX_IRQHandler
                0x0000000000013396                USART2_TX_IRQHandler
                0x000000000001339c                UART1_RX_IRQHandler
                0x000000000001339e                UART1_TX_IRQHandler
                0x00000000000133a0                LEUART0_IRQHandler
                0x00000000000133a2                LEUART1_IRQHandler
                0x00000000000133a4                LETIMER0_IRQHandler
                0x00000000000133a6                PCNT0_IRQHandler
                0x00000000000133a8                PCNT1_IRQHandler
                0x00000000000133aa                PCNT2_IRQHandler
                0x00000000000133ac                RTC_IRQHandler
                0x00000000000133ae                BURTC_IRQHandler
                0x00000000000133b0                CMU_IRQHandler
                0x00000000000133b2                VCMP_IRQHandler
                0x00000000000133b4                LCD_IRQHandler
                0x00000000000133b6                MSC_IRQHandler
                0x00000000000133b8                AES_IRQHandler
                0x00000000000133ba                EBI_IRQHandler
                0x00000000000133bc                EMU_IRQHandler
 .text.Retcode_getPackage
                0x00000000000133c0       0x1c ./../Platform/Sensors/debug/libSensors_efm32_debug.a(Environmental.o)
 .text.bme280LibErrorMapping
                0x00000000000133dc       0x48 ./../Platform/Sensors/debug/libSensors_efm32_debug.a(Environmental.o)
 .text.Environmental_init
                0x0000000000013424       0x9c ./../Platform/Sensors/debug/libSensors_efm32_debug.a(Environmental.o)
                0x0000000000013424                Environmental_init
 .text.Environmental_setPowerMode
                0x00000000000134c0       0xbc ./../Platform/Sensors/debug/libSensors_efm32_debug.a(Environmental.o)
                0x00000000000134c0                Environmental_setPowerMode
 .text.Environmental_readTemperatureLSB
                0x000000000001357c       0x94 ./../Platform/Sensors/debug/libSensors_efm32_debug.a(Environmental.o)
                0x000000000001357c                Environmental_readTemperatureLSB
 .text.Environmental_readPressureLSB
                0x0000000000013610       0x94 ./../Platform/Sensors/debug/libSensors_efm32_debug.a(Environmental.o)
                0x0000000000013610                Environmental_readPressureLSB
 .text.Environmental_readHumidityLSB
                0x00000000000136a4       0x94 ./../Platform/Sensors/debug/libSensors_efm32_debug.a(Environmental.o)
                0x00000000000136a4                Environmental_readHumidityLSB
 .text.Environmental_readTemperature
                0x0000000000013738       0x6c ./../Platform/Sensors/debug/libSensors_efm32_debug.a(Environmental.o)
                0x0000000000013738                Environmental_readTemperature
 .text.Environmental_readPressure
                0x00000000000137a4       0x54 ./../Platform/Sensors/debug/libSensors_efm32_debug.a(Environmental.o)
                0x00000000000137a4                Environmental_readPressure
 .text.Environmental_readHumidity
                0x00000000000137f8       0x60 ./../Platform/Sensors/debug/libSensors_efm32_debug.a(Environmental.o)
                0x00000000000137f8                Environmental_readHumidity
 .text.Retcode_getPackage
                0x0000000000013858       0x1c ./../Platform/Sensors/debug/libSensors_efm32_debug.a(LightSensor.o)
 .text.maxIsrCallback
                0x0000000000013874       0xbc ./../Platform/Sensors/debug/libSensors_efm32_debug.a(LightSensor.o)
 .text.LightSensor_init
                0x0000000000013930       0xb8 ./../Platform/Sensors/debug/libSensors_efm32_debug.a(LightSensor.o)
                0x0000000000013930                LightSensor_init
 .text.LightSensor_setContinuousMode
                0x00000000000139e8       0xa4 ./../Platform/Sensors/debug/libSensors_efm32_debug.a(LightSensor.o)
                0x00000000000139e8                LightSensor_setContinuousMode
 .text.LightSensor_readLuxData
                0x0000000000013a8c       0xac ./../Platform/Sensors/debug/libSensors_efm32_debug.a(LightSensor.o)
                0x0000000000013a8c                LightSensor_readLuxData
 .text.NVIC_SetPriorityGrouping
                0x0000000000013b38       0x50 ./../Platform/BSP/debug/libBSP_efm32_debug.a(BSP_Board.o)
 .text.NVIC_DisableIRQ
                0x0000000000013b88       0x3c ./../Platform/BSP/debug/libBSP_efm32_debug.a(BSP_Board.o)
 .text.NVIC_ClearPendingIRQ
                0x0000000000013bc4       0x3c ./../Platform/BSP/debug/libBSP_efm32_debug.a(BSP_Board.o)
 .text.NVIC_SetPriority
                0x0000000000013c00       0x5c ./../Platform/BSP/debug/libBSP_efm32_debug.a(BSP_Board.o)
 .text.SysTick_Config
                0x0000000000013c5c       0x64 ./../Platform/BSP/debug/libBSP_efm32_debug.a(BSP_Board.o)
 .text.CHIP_Init
                0x0000000000013cc0       0x50 ./../Platform/BSP/debug/libBSP_efm32_debug.a(BSP_Board.o)
 .text.GPIO_PinOutClear
                0x0000000000013d10       0x4c ./../Platform/BSP/debug/libBSP_efm32_debug.a(BSP_Board.o)
 .text.INT_Disable
                0x0000000000013d5c       0x40 ./../Platform/BSP/debug/libBSP_efm32_debug.a(BSP_Board.o)
 .text.INT_Enable
                0x0000000000013d9c       0x54 ./../Platform/BSP/debug/libBSP_efm32_debug.a(BSP_Board.o)
 .text.BSP_Board_OSTickInitialize
                0x0000000000013df0       0x2c ./../Platform/BSP/debug/libBSP_efm32_debug.a(BSP_Board.o)
                0x0000000000013df0                BSP_Board_OSTickInitialize
 .text.BSP_Board_Initialize
                0x0000000000013e1c      0x150 ./../Platform/BSP/debug/libBSP_efm32_debug.a(BSP_Board.o)
                0x0000000000013e1c                BSP_Board_Initialize
 .text.BSP_Board_Delay
                0x0000000000013f6c       0x30 ./../Platform/BSP/debug/libBSP_efm32_debug.a(BSP_Board.o)
                0x0000000000013f6c                BSP_Board_Delay
 .text.BSP_Board_SetOStoBSPDelayFunc
                0x0000000000013f9c       0x20 ./../Platform/BSP/debug/libBSP_efm32_debug.a(BSP_Board.o)
                0x0000000000013f9c                BSP_Board_SetOStoBSPDelayFunc
 .text.Board_GPIOInterruptInit
                0x0000000000013fbc       0x30 ./../Platform/BSP/debug/libBSP_efm32_debug.a(BSP_Board.o)
                0x0000000000013fbc                Board_GPIOInterruptInit
 .text.Board_GPIOInterruptGetCallback
                0x0000000000013fec       0x24 ./../Platform/BSP/debug/libBSP_efm32_debug.a(BSP_Board.o)
                0x0000000000013fec                Board_GPIOInterruptGetCallback
 .text.Board_GPIOInterruptRegisterCallback
                0x0000000000014010       0x38 ./../Platform/BSP/debug/libBSP_efm32_debug.a(BSP_Board.o)
                0x0000000000014010                Board_GPIOInterruptRegisterCallback
 .text.Board_GPIOInterruptDispatch
                0x0000000000014048       0x64 ./../Platform/BSP/debug/libBSP_efm32_debug.a(BSP_Board.o)
                0x0000000000014048                Board_GPIOInterruptDispatch
 .text.Board_UART0_UART_Init
                0x00000000000140ac       0xcc ./../Platform/BSP/debug/libBSP_efm32_debug.a(BSP_Board.o)
                0x00000000000140ac                Board_UART0_UART_Init
 .text.Board_UART1_UART_Init
                0x0000000000014178       0xcc ./../Platform/BSP/debug/libBSP_efm32_debug.a(BSP_Board.o)
                0x0000000000014178                Board_UART1_UART_Init
 .text.Board_USART0_SPI_Init
                0x0000000000014244       0xa8 ./../Platform/BSP/debug/libBSP_efm32_debug.a(BSP_Board.o)
                0x0000000000014244                Board_USART0_SPI_Init
 .text.Board_USART1_SPI_Init
                0x00000000000142ec       0x8c ./../Platform/BSP/debug/libBSP_efm32_debug.a(BSP_Board.o)
                0x00000000000142ec                Board_USART1_SPI_Init
 .text.Board_GPIO_Init
                0x0000000000014378       0x6c ./../Platform/BSP/debug/libBSP_efm32_debug.a(BSP_Board.o)
                0x0000000000014378                Board_GPIO_Init
 .text.Board_WakeupPowerSupply2V5
                0x00000000000143e4       0x50 ./../Platform/BSP/debug/libBSP_efm32_debug.a(BSP_Board.o)
                0x00000000000143e4                Board_WakeupPowerSupply2V5
 .text.PowerSupply2V5UpdateRegister
                0x0000000000014434      0x268 ./../Platform/BSP/debug/libBSP_efm32_debug.a(BSP_Board.o)
                0x0000000000014434                PowerSupply2V5UpdateRegister
 .text.Board_ADC_Init
                0x000000000001469c       0x78 ./../Platform/BSP/debug/libBSP_efm32_debug.a(BSP_Board.o)
                0x000000000001469c                Board_ADC_Init
 .text.Board_I2C0_Init
                0x0000000000014714       0x54 ./../Platform/BSP/debug/libBSP_efm32_debug.a(BSP_Board.o)
                0x0000000000014714                Board_I2C0_Init
 .text.Board_I2C1_Init
                0x0000000000014768       0x54 ./../Platform/BSP/debug/libBSP_efm32_debug.a(BSP_Board.o)
                0x0000000000014768                Board_I2C1_Init
 .text.Board_USB_Init
                0x00000000000147bc       0x70 ./../Platform/BSP/debug/libBSP_efm32_debug.a(BSP_Board.o)
                0x00000000000147bc                Board_USB_Init
 .text.Board_IncTick
                0x000000000001482c       0x24 ./../Platform/BSP/debug/libBSP_efm32_debug.a(BSP_Board.o)
                0x000000000001482c                Board_IncTick
 .text.Board_GetTick
                0x0000000000014850       0x18 ./../Platform/BSP/debug/libBSP_efm32_debug.a(BSP_Board.o)
                0x0000000000014850                Board_GetTick
 .text.Board_Delay
                0x0000000000014868       0x30 ./../Platform/BSP/debug/libBSP_efm32_debug.a(BSP_Board.o)
                0x0000000000014868                Board_Delay
 .text.Board_RTC_Init
                0x0000000000014898       0x28 ./../Platform/BSP/debug/libBSP_efm32_debug.a(BSP_Board.o)
                0x0000000000014898                Board_RTC_Init
 .text.Board_BURTC_Init
                0x00000000000148c0       0x28 ./../Platform/BSP/debug/libBSP_efm32_debug.a(BSP_Board.o)
                0x00000000000148c0                Board_BURTC_Init
 .text.BSP_Board_EnableSysTick
                0x00000000000148e8       0x38 ./../Platform/BSP/debug/libBSP_efm32_debug.a(BSP_Board.o)
                0x00000000000148e8                BSP_Board_EnableSysTick
 .text.NVIC_EnableIRQ
                0x0000000000014920       0x38 ./../Platform/BSP/debug/libBSP_efm32_debug.a(BSP_DMA.o)
 .text.NVIC_ClearPendingIRQ
                0x0000000000014958       0x3c ./../Platform/BSP/debug/libBSP_efm32_debug.a(BSP_DMA.o)
 .text.NVIC_SetPriority
                0x0000000000014994       0x5c ./../Platform/BSP/debug/libBSP_efm32_debug.a(BSP_DMA.o)
 .text.BSP_DMA_Initialize
                0x00000000000149f0       0x88 ./../Platform/BSP/debug/libBSP_efm32_debug.a(BSP_DMA.o)
                0x00000000000149f0                BSP_DMA_Initialize
 .text.BSP_DMA_Enable
                0x0000000000014a78       0x54 ./../Platform/BSP/debug/libBSP_efm32_debug.a(BSP_DMA.o)
                0x0000000000014a78                BSP_DMA_Enable
 .text.GPIO_IntClear
                0x0000000000014acc       0x20 ./../Platform/BSP/debug/libBSP_efm32_debug.a(BSP_IrqHandler.o)
 .text.GPIO_IntGetEnabled
                0x0000000000014aec       0x30 ./../Platform/BSP/debug/libBSP_efm32_debug.a(BSP_IrqHandler.o)
 .text.SysTick_Handler
                0x0000000000014b1c       0x40 ./../Platform/BSP/debug/libBSP_efm32_debug.a(BSP_IrqHandler.o)
                0x0000000000014b1c                SysTick_Handler
 .text.GPIO_EVEN_IRQHandler
                0x0000000000014b5c       0x28 ./../Platform/BSP/debug/libBSP_efm32_debug.a(BSP_IrqHandler.o)
                0x0000000000014b5c                GPIO_EVEN_IRQHandler
 .text.GPIO_ODD_IRQHandler
                0x0000000000014b84       0x28 ./../Platform/BSP/debug/libBSP_efm32_debug.a(BSP_IrqHandler.o)
                0x0000000000014b84                GPIO_ODD_IRQHandler
 .text.UART0_TX_IRQHandler
                0x0000000000014bac        0xc ./../Platform/BSP/debug/libBSP_efm32_debug.a(BSP_IrqHandler.o)
                0x0000000000014bac                UART0_TX_IRQHandler
 .text.UART0_RX_IRQHandler
                0x0000000000014bb8        0xc ./../Platform/BSP/debug/libBSP_efm32_debug.a(BSP_IrqHandler.o)
                0x0000000000014bb8                UART0_RX_IRQHandler
 .text.USART0_TX_IRQHandler
                0x0000000000014bc4        0xc ./../Platform/BSP/debug/libBSP_efm32_debug.a(BSP_IrqHandler.o)
                0x0000000000014bc4                USART0_TX_IRQHandler
 .text.USART0_RX_IRQHandler
                0x0000000000014bd0        0xc ./../Platform/BSP/debug/libBSP_efm32_debug.a(BSP_IrqHandler.o)
                0x0000000000014bd0                USART0_RX_IRQHandler
 .text.I2C0_IRQHandler
                0x0000000000014bdc        0xc ./../Platform/BSP/debug/libBSP_efm32_debug.a(BSP_IrqHandler.o)
                0x0000000000014bdc                I2C0_IRQHandler
 .text.USART1_TX_IRQHandler
                0x0000000000014be8        0xc ./../Platform/BSP/debug/libBSP_efm32_debug.a(BSP_IrqHandler.o)
                0x0000000000014be8                USART1_TX_IRQHandler
 .text.USART1_RX_IRQHandler
                0x0000000000014bf4        0xc ./../Platform/BSP/debug/libBSP_efm32_debug.a(BSP_IrqHandler.o)
                0x0000000000014bf4                USART1_RX_IRQHandler
 .text.IrqHandler_SysTickDummyHandler
                0x0000000000014c00       0x10 ./../Platform/BSP/debug/libBSP_efm32_debug.a(BSP_IrqHandler.o)
                0x0000000000014c00                IrqHandler_SysTickDummyHandler
 .text.GPIO_PinOutClear
                0x0000000000014c10       0x4c ./../Platform/BSP/debug/libBSP_efm32_debug.a(BSP_LED.o)
 .text.GPIO_PinOutSet
                0x0000000000014c5c       0x4c ./../Platform/BSP/debug/libBSP_efm32_debug.a(BSP_LED.o)
 .text.GPIO_PinOutToggle
                0x0000000000014ca8       0x4c ./../Platform/BSP/debug/libBSP_efm32_debug.a(BSP_LED.o)
 .text.BSP_LED_Connect
                0x0000000000014cf4       0x48 ./../Platform/BSP/debug/libBSP_efm32_debug.a(BSP_LED.o)
                0x0000000000014cf4                BSP_LED_Connect
 .text.BSP_LED_EnableAll
                0x0000000000014d3c       0x3c ./../Platform/BSP/debug/libBSP_efm32_debug.a(BSP_LED.o)
                0x0000000000014d3c                BSP_LED_EnableAll
 .text.BSP_LED_Switch
                0x0000000000014d78      0x15c ./../Platform/BSP/debug/libBSP_efm32_debug.a(BSP_LED.o)
                0x0000000000014d78                BSP_LED_Switch
 .text.BSP_LED_SwitchAll
                0x0000000000014ed4       0xd0 ./../Platform/BSP/debug/libBSP_efm32_debug.a(BSP_LED.o)
                0x0000000000014ed4                BSP_LED_SwitchAll
 .text.GPIO_PinOutClear
                0x0000000000014fa4       0x4c ./../Platform/BSP/debug/libBSP_efm32_debug.a(BSP_Mic_AKU340.o)
 .text.GPIO_PinOutSet
                0x0000000000014ff0       0x4c ./../Platform/BSP/debug/libBSP_efm32_debug.a(BSP_Mic_AKU340.o)
 .text.BSP_Mic_AKU340_Connect
                0x000000000001503c       0x34 ./../Platform/BSP/debug/libBSP_efm32_debug.a(BSP_Mic_AKU340.o)
                0x000000000001503c                BSP_Mic_AKU340_Connect
 .text.BSP_Mic_AKU340_Enable
                0x0000000000015070       0x3c ./../Platform/BSP/debug/libBSP_efm32_debug.a(BSP_Mic_AKU340.o)
                0x0000000000015070                BSP_Mic_AKU340_Enable
 .text.SDCard_SPIRxISR
                0x00000000000150ac       0x28 ./../Platform/BSP/debug/libBSP_efm32_debug.a(BSP_SDCard.o)
                0x00000000000150ac                SDCard_SPIRxISR
 .text.SDCard_SPITxISR
                0x00000000000150d4       0x28 ./../Platform/BSP/debug/libBSP_efm32_debug.a(BSP_SDCard.o)
                0x00000000000150d4                SDCard_SPITxISR
 .text.NVIC_EnableIRQ
                0x00000000000150fc       0x38 ./../Platform/BSP/debug/libBSP_efm32_debug.a(BSP_SensorNode.o)
 .text.NVIC_DisableIRQ
                0x0000000000015134       0x3c ./../Platform/BSP/debug/libBSP_efm32_debug.a(BSP_SensorNode.o)
 .text.NVIC_SetPriority
                0x0000000000015170       0x5c ./../Platform/BSP/debug/libBSP_efm32_debug.a(BSP_SensorNode.o)
 .text.GPIO_PinInGet
                0x00000000000151cc       0x4c ./../Platform/BSP/debug/libBSP_efm32_debug.a(BSP_SensorNode.o)
 .text.GPIO_PinOutSet
                0x0000000000015218       0x4c ./../Platform/BSP/debug/libBSP_efm32_debug.a(BSP_SensorNode.o)
 .text.BSP_SensorNode_Connect
                0x0000000000015264      0x190 ./../Platform/BSP/debug/libBSP_efm32_debug.a(BSP_SensorNode.o)
                0x0000000000015264                BSP_SensorNode_Connect
 .text.BSP_SensorNode_Enable
                0x00000000000153f4      0x408 ./../Platform/BSP/debug/libBSP_efm32_debug.a(BSP_SensorNode.o)
                0x00000000000153f4                BSP_SensorNode_Enable
 .text.BSP_SensorNode_GetI2CHandle
                0x00000000000157fc       0x34 ./../Platform/BSP/debug/libBSP_efm32_debug.a(BSP_SensorNode.o)
                0x00000000000157fc                BSP_SensorNode_GetI2CHandle
 .text.SensorNode_EnableBus
                0x0000000000015830       0x6c ./../Platform/BSP/debug/libBSP_efm32_debug.a(BSP_SensorNode.o)
 .text.BMA280_INT_InterruptCallback
                0x000000000001589c       0x44 ./../Platform/BSP/debug/libBSP_efm32_debug.a(BSP_SensorNode.o)
 .text.BMA280_INT2_InterruptCallback
                0x00000000000158e0       0x44 ./../Platform/BSP/debug/libBSP_efm32_debug.a(BSP_SensorNode.o)
 .text.MAX44009_INTN_InterruptCallback
                0x0000000000015924       0x44 ./../Platform/BSP/debug/libBSP_efm32_debug.a(BSP_SensorNode.o)
 .text.SensorNode_I2CISR
                0x0000000000015968       0x28 ./../Platform/BSP/debug/libBSP_efm32_debug.a(BSP_SensorNode.o)
                0x0000000000015968                SensorNode_I2CISR
 .text.USB_setSerialNumber
                0x0000000000015990       0x7c ./../Platform/BSP/debug/libBSP_efm32_debug.a(BSP_USB.o)
 .text.USB_dataReceivedCallback
                0x0000000000015a0c       0x98 ./../Platform/BSP/debug/libBSP_efm32_debug.a(BSP_USB.o)
 .text.USB_dataTransferred
                0x0000000000015aa4       0x4c ./../Platform/BSP/debug/libBSP_efm32_debug.a(BSP_USB.o)
 .text.USB_stateChange
                0x0000000000015af0       0x58 ./../Platform/BSP/debug/libBSP_efm32_debug.a(BSP_USB.o)
                0x0000000000015af0                USB_stateChange
 .text.USB_setupCommand
                0x0000000000015b48      0x108 ./../Platform/BSP/debug/libBSP_efm32_debug.a(BSP_USB.o)
                0x0000000000015b48                USB_setupCommand
 .text.USB_init
                0x0000000000015c50       0xd0 ./../Platform/BSP/debug/libBSP_efm32_debug.a(BSP_USB.o)
                0x0000000000015c50                USB_init
 .text.USB_receiveByte
                0x0000000000015d20       0xa0 ./../Platform/BSP/debug/libBSP_efm32_debug.a(BSP_USB.o)
                0x0000000000015d20                USB_receiveByte
 .text.RETARGET_WriteChar
                0x0000000000015dc0       0x2c ./../Platform/BSP/debug/libBSP_efm32_debug.a(BSP_USB.o)
                0x0000000000015dc0                RETARGET_WriteChar
 .text.USB_transmitData
                0x0000000000015dec       0xc4 ./../Platform/BSP/debug/libBSP_efm32_debug.a(BSP_USB.o)
                0x0000000000015dec                USB_transmitData
 .text.RETARGET_ReadChar
                0x0000000000015eb0       0x24 ./../Platform/BSP/debug/libBSP_efm32_debug.a(BSP_USB.o)
                0x0000000000015eb0                RETARGET_ReadChar
 .text.USB_callBackMapping
                0x0000000000015ed4       0x38 ./../Platform/BSP/debug/libBSP_efm32_debug.a(BSP_USB.o)
                0x0000000000015ed4                USB_callBackMapping
 .text.WiFi_CC3100MOD_SPIRxISR
                0x0000000000015f0c       0x28 ./../Platform/BSP/debug/libBSP_efm32_debug.a(BSP_WiFi_cc3100mod.o)
                0x0000000000015f0c                WiFi_CC3100MOD_SPIRxISR
 .text.WiFi_CC3100MOD_SPITxISR
                0x0000000000015f34       0x28 ./../Platform/BSP/debug/libBSP_efm32_debug.a(BSP_WiFi_cc3100mod.o)
                0x0000000000015f34                WiFi_CC3100MOD_SPITxISR
 .text.NVIC_EnableIRQ
                0x0000000000015f5c       0x38 ./../Platform/BSP/debug/libBSP_efm32_debug.a(BSP_BT_EM9301.o)
 .text.NVIC_DisableIRQ
                0x0000000000015f94       0x3c ./../Platform/BSP/debug/libBSP_efm32_debug.a(BSP_BT_EM9301.o)
 .text.NVIC_ClearPendingIRQ
                0x0000000000015fd0       0x3c ./../Platform/BSP/debug/libBSP_efm32_debug.a(BSP_BT_EM9301.o)
 .text.NVIC_SetPriority
                0x000000000001600c       0x5c ./../Platform/BSP/debug/libBSP_efm32_debug.a(BSP_BT_EM9301.o)
 .text.GPIO_PinOutClear
                0x0000000000016068       0x4c ./../Platform/BSP/debug/libBSP_efm32_debug.a(BSP_BT_EM9301.o)
 .text.GPIO_PinOutSet
                0x00000000000160b4       0x4c ./../Platform/BSP/debug/libBSP_efm32_debug.a(BSP_BT_EM9301.o)
 .text.BSP_BT_EM9301_Connect
                0x0000000000016100       0xa0 ./../Platform/BSP/debug/libBSP_efm32_debug.a(BSP_BT_EM9301.o)
                0x0000000000016100                BSP_BT_EM9301_Connect
 .text.BSP_BT_EM9301_Enable
                0x00000000000161a0      0x134 ./../Platform/BSP/debug/libBSP_efm32_debug.a(BSP_BT_EM9301.o)
                0x00000000000161a0                BSP_BT_EM9301_Enable
 .text.BSP_BT_EM9301_Disable
                0x00000000000162d4       0x9c ./../Platform/BSP/debug/libBSP_efm32_debug.a(BSP_BT_EM9301.o)
                0x00000000000162d4                BSP_BT_EM9301_Disable
 .text.BSP_BT_EM9301_Disconnect
                0x0000000000016370       0x70 ./../Platform/BSP/debug/libBSP_efm32_debug.a(BSP_BT_EM9301.o)
                0x0000000000016370                BSP_BT_EM9301_Disconnect
 .text.BSP_BT_EM9301_SetWUHigh
                0x00000000000163e0       0x48 ./../Platform/BSP/debug/libBSP_efm32_debug.a(BSP_BT_EM9301.o)
                0x00000000000163e0                BSP_BT_EM9301_SetWUHigh
 .text.BSP_BT_EM9301_SetWULow
                0x0000000000016428       0x40 ./../Platform/BSP/debug/libBSP_efm32_debug.a(BSP_BT_EM9301.o)
                0x0000000000016428                BSP_BT_EM9301_SetWULow
 .text.BSP_BT_EM9301_Reset
                0x0000000000016468       0x34 ./../Platform/BSP/debug/libBSP_efm32_debug.a(BSP_BT_EM9301.o)
                0x0000000000016468                BSP_BT_EM9301_Reset
 .text.BSP_BT_EM9301_GetUARTHandle
                0x000000000001649c       0x34 ./../Platform/BSP/debug/libBSP_efm32_debug.a(BSP_BT_EM9301.o)
                0x000000000001649c                BSP_BT_EM9301_GetUARTHandle
 .text.BT_EM9301_UART_TxISR
                0x00000000000164d0       0x28 ./../Platform/BSP/debug/libBSP_efm32_debug.a(BSP_BT_EM9301.o)
                0x00000000000164d0                BT_EM9301_UART_TxISR
 .text.BT_EM9301_UART_RxISR
                0x00000000000164f8       0x28 ./../Platform/BSP/debug/libBSP_efm32_debug.a(BSP_BT_EM9301.o)
                0x00000000000164f8                BT_EM9301_UART_RxISR
 .text.xQueueGenericReset
                0x0000000000016520       0xc8 ./../Libraries/FreeRTOS/debug/libFreeRTOS_efm32_debug.a(queue.o)
                0x0000000000016520                xQueueGenericReset
 .text.xQueueGenericCreate
                0x00000000000165e8       0xb8 ./../Libraries/FreeRTOS/debug/libFreeRTOS_efm32_debug.a(queue.o)
                0x00000000000165e8                xQueueGenericCreate
 .text.xQueueCreateMutex
                0x00000000000166a0       0xb8 ./../Libraries/FreeRTOS/debug/libFreeRTOS_efm32_debug.a(queue.o)
                0x00000000000166a0                xQueueCreateMutex
 .text.xQueueCreateCountingSemaphore
                0x0000000000016758       0x78 ./../Libraries/FreeRTOS/debug/libFreeRTOS_efm32_debug.a(queue.o)
                0x0000000000016758                xQueueCreateCountingSemaphore
 .text.xQueueGenericSend
                0x00000000000167d0      0x1c8 ./../Libraries/FreeRTOS/debug/libFreeRTOS_efm32_debug.a(queue.o)
                0x00000000000167d0                xQueueGenericSend
 .text.xQueueGenericSendFromISR
                0x0000000000016998      0x110 ./../Libraries/FreeRTOS/debug/libFreeRTOS_efm32_debug.a(queue.o)
                0x0000000000016998                xQueueGenericSendFromISR
 .text.xQueueGiveFromISR
                0x0000000000016aa8      0x108 ./../Libraries/FreeRTOS/debug/libFreeRTOS_efm32_debug.a(queue.o)
                0x0000000000016aa8                xQueueGiveFromISR
 .text.xQueueGenericReceive
                0x0000000000016bb0      0x1e0 ./../Libraries/FreeRTOS/debug/libFreeRTOS_efm32_debug.a(queue.o)
                0x0000000000016bb0                xQueueGenericReceive
 .text.prvCopyDataToQueue
                0x0000000000016d90       0xe8 ./../Libraries/FreeRTOS/debug/libFreeRTOS_efm32_debug.a(queue.o)
 .text.prvCopyDataFromQueue
                0x0000000000016e78       0x50 ./../Libraries/FreeRTOS/debug/libFreeRTOS_efm32_debug.a(queue.o)
 .text.prvUnlockQueue
                0x0000000000016ec8       0xc0 ./../Libraries/FreeRTOS/debug/libFreeRTOS_efm32_debug.a(queue.o)
 .text.prvIsQueueEmpty
                0x0000000000016f88       0x34 ./../Libraries/FreeRTOS/debug/libFreeRTOS_efm32_debug.a(queue.o)
 .text.prvIsQueueFull
                0x0000000000016fbc       0x38 ./../Libraries/FreeRTOS/debug/libFreeRTOS_efm32_debug.a(queue.o)
 .text.vQueueAddToRegistry
                0x0000000000016ff4       0x64 ./../Libraries/FreeRTOS/debug/libFreeRTOS_efm32_debug.a(queue.o)
                0x0000000000016ff4                vQueueAddToRegistry
 .text.vQueueWaitForMessageRestricted
                0x0000000000017058       0x64 ./../Libraries/FreeRTOS/debug/libFreeRTOS_efm32_debug.a(queue.o)
                0x0000000000017058                vQueueWaitForMessageRestricted
 .text.xQueueCreateSet
                0x00000000000170bc       0x24 ./../Libraries/FreeRTOS/debug/libFreeRTOS_efm32_debug.a(queue.o)
                0x00000000000170bc                xQueueCreateSet
 .text.xQueueAddToSet
                0x00000000000170e0       0x4c ./../Libraries/FreeRTOS/debug/libFreeRTOS_efm32_debug.a(queue.o)
                0x00000000000170e0                xQueueAddToSet
 .text.xQueueSelectFromSet
                0x000000000001712c       0x30 ./../Libraries/FreeRTOS/debug/libFreeRTOS_efm32_debug.a(queue.o)
                0x000000000001712c                xQueueSelectFromSet
 .text.prvNotifyQueueSetContainer
                0x000000000001715c       0xa8 ./../Libraries/FreeRTOS/debug/libFreeRTOS_efm32_debug.a(queue.o)
 .text.xTaskGenericCreate
                0x0000000000017204      0x1d0 ./../Libraries/FreeRTOS/debug/libFreeRTOS_efm32_debug.a(tasks.o)
                0x0000000000017204                xTaskGenericCreate
 .text.vTaskDelayUntil
                0x00000000000173d4      0x124 ./../Libraries/FreeRTOS/debug/libFreeRTOS_efm32_debug.a(tasks.o)
                0x00000000000173d4                vTaskDelayUntil
 .text.vTaskDelay
                0x00000000000174f8       0xac ./../Libraries/FreeRTOS/debug/libFreeRTOS_efm32_debug.a(tasks.o)
                0x00000000000174f8                vTaskDelay
 .text.vTaskSuspend
                0x00000000000175a4      0x138 ./../Libraries/FreeRTOS/debug/libFreeRTOS_efm32_debug.a(tasks.o)
                0x00000000000175a4                vTaskSuspend
 .text.prvTaskIsTaskSuspended
                0x00000000000176dc       0x80 ./../Libraries/FreeRTOS/debug/libFreeRTOS_efm32_debug.a(tasks.o)
 .text.vTaskResume
                0x000000000001775c       0xc4 ./../Libraries/FreeRTOS/debug/libFreeRTOS_efm32_debug.a(tasks.o)
                0x000000000001775c                vTaskResume
 .text.vTaskStartScheduler
                0x0000000000017820       0xa0 ./../Libraries/FreeRTOS/debug/libFreeRTOS_efm32_debug.a(tasks.o)
                0x0000000000017820                vTaskStartScheduler
 .text.vTaskSuspendAll
                0x00000000000178c0       0x24 ./../Libraries/FreeRTOS/debug/libFreeRTOS_efm32_debug.a(tasks.o)
                0x00000000000178c0                vTaskSuspendAll
 .text.xTaskResumeAll
                0x00000000000178e4      0x180 ./../Libraries/FreeRTOS/debug/libFreeRTOS_efm32_debug.a(tasks.o)
                0x00000000000178e4                xTaskResumeAll
 .text.xTaskGetTickCount
                0x0000000000017a64       0x20 ./../Libraries/FreeRTOS/debug/libFreeRTOS_efm32_debug.a(tasks.o)
                0x0000000000017a64                xTaskGetTickCount
 .text.xTaskIncrementTick
                0x0000000000017a84      0x20c ./../Libraries/FreeRTOS/debug/libFreeRTOS_efm32_debug.a(tasks.o)
                0x0000000000017a84                xTaskIncrementTick
 .text.vTaskSwitchContext
                0x0000000000017c90      0x150 ./../Libraries/FreeRTOS/debug/libFreeRTOS_efm32_debug.a(tasks.o)
                0x0000000000017c90                vTaskSwitchContext
 .text.vTaskPlaceOnEventList
                0x0000000000017de0       0xc4 ./../Libraries/FreeRTOS/debug/libFreeRTOS_efm32_debug.a(tasks.o)
                0x0000000000017de0                vTaskPlaceOnEventList
 .text.vTaskPlaceOnEventListRestricted
                0x0000000000017ea4       0xc4 ./../Libraries/FreeRTOS/debug/libFreeRTOS_efm32_debug.a(tasks.o)
                0x0000000000017ea4                vTaskPlaceOnEventListRestricted
 .text.xTaskRemoveFromEventList
                0x0000000000017f68       0xe8 ./../Libraries/FreeRTOS/debug/libFreeRTOS_efm32_debug.a(tasks.o)
                0x0000000000017f68                xTaskRemoveFromEventList
 .text.vTaskSetTimeOutState
                0x0000000000018050       0x44 ./../Libraries/FreeRTOS/debug/libFreeRTOS_efm32_debug.a(tasks.o)
                0x0000000000018050                vTaskSetTimeOutState
 .text.xTaskCheckForTimeOut
                0x0000000000018094       0xc4 ./../Libraries/FreeRTOS/debug/libFreeRTOS_efm32_debug.a(tasks.o)
                0x0000000000018094                xTaskCheckForTimeOut
 .text.vTaskMissedYield
                0x0000000000018158       0x18 ./../Libraries/FreeRTOS/debug/libFreeRTOS_efm32_debug.a(tasks.o)
                0x0000000000018158                vTaskMissedYield
 .text.prvIdleTask
                0x0000000000018170       0x10 ./../Libraries/FreeRTOS/debug/libFreeRTOS_efm32_debug.a(tasks.o)
 .text.prvInitialiseTCBVariables
                0x0000000000018180       0xbc ./../Libraries/FreeRTOS/debug/libFreeRTOS_efm32_debug.a(tasks.o)
 .text.prvInitialiseTaskLists
                0x000000000001823c       0xa4 ./../Libraries/FreeRTOS/debug/libFreeRTOS_efm32_debug.a(tasks.o)
 .text.prvCheckTasksWaitingTermination
                0x00000000000182e0       0x9c ./../Libraries/FreeRTOS/debug/libFreeRTOS_efm32_debug.a(tasks.o)
 .text.prvAddCurrentTaskToDelayedList
                0x000000000001837c       0x8c ./../Libraries/FreeRTOS/debug/libFreeRTOS_efm32_debug.a(tasks.o)
 .text.prvAllocateTCBAndStack
                0x0000000000018408       0x7c ./../Libraries/FreeRTOS/debug/libFreeRTOS_efm32_debug.a(tasks.o)
 .text.prvDeleteTCB
                0x0000000000018484       0x20 ./../Libraries/FreeRTOS/debug/libFreeRTOS_efm32_debug.a(tasks.o)
 .text.prvResetNextTaskUnblockTime
                0x00000000000184a4       0x5c ./../Libraries/FreeRTOS/debug/libFreeRTOS_efm32_debug.a(tasks.o)
 .text.xTaskGetSchedulerState
                0x0000000000018500       0x48 ./../Libraries/FreeRTOS/debug/libFreeRTOS_efm32_debug.a(tasks.o)
                0x0000000000018500                xTaskGetSchedulerState
 .text.vTaskPriorityInherit
                0x0000000000018548      0x144 ./../Libraries/FreeRTOS/debug/libFreeRTOS_efm32_debug.a(tasks.o)
                0x0000000000018548                vTaskPriorityInherit
 .text.xTaskPriorityDisinherit
                0x000000000001868c      0x13c ./../Libraries/FreeRTOS/debug/libFreeRTOS_efm32_debug.a(tasks.o)
                0x000000000001868c                xTaskPriorityDisinherit
 .text.pvTaskIncrementMutexHeldCount
                0x00000000000187c8       0x38 ./../Libraries/FreeRTOS/debug/libFreeRTOS_efm32_debug.a(tasks.o)
                0x00000000000187c8                pvTaskIncrementMutexHeldCount
 .text.xTimerCreateTimerTask
                0x0000000000018800       0x78 ./../Libraries/FreeRTOS/debug/libFreeRTOS_efm32_debug.a(timers.o)
                0x0000000000018800                xTimerCreateTimerTask
 .text.xTimerCreate
                0x0000000000018878       0x7c ./../Libraries/FreeRTOS/debug/libFreeRTOS_efm32_debug.a(timers.o)
                0x0000000000018878                xTimerCreate
 .text.xTimerGenericCommand
                0x00000000000188f4       0xac ./../Libraries/FreeRTOS/debug/libFreeRTOS_efm32_debug.a(timers.o)
                0x00000000000188f4                xTimerGenericCommand
 .text.prvProcessExpiredTimer
                0x00000000000189a0       0x88 ./../Libraries/FreeRTOS/debug/libFreeRTOS_efm32_debug.a(timers.o)
 .text.prvTimerTask
                0x0000000000018a28       0x24 ./../Libraries/FreeRTOS/debug/libFreeRTOS_efm32_debug.a(timers.o)
 .text.prvProcessTimerOrBlockTask
                0x0000000000018a4c       0x78 ./../Libraries/FreeRTOS/debug/libFreeRTOS_efm32_debug.a(timers.o)
 .text.prvGetNextExpireTime
                0x0000000000018ac4       0x54 ./../Libraries/FreeRTOS/debug/libFreeRTOS_efm32_debug.a(timers.o)
 .text.prvSampleTimeNow
                0x0000000000018b18       0x4c ./../Libraries/FreeRTOS/debug/libFreeRTOS_efm32_debug.a(timers.o)
 .text.prvInsertTimerInActiveList
                0x0000000000018b64       0x94 ./../Libraries/FreeRTOS/debug/libFreeRTOS_efm32_debug.a(timers.o)
 .text.prvProcessReceivedCommands
                0x0000000000018bf8      0x174 ./../Libraries/FreeRTOS/debug/libFreeRTOS_efm32_debug.a(timers.o)
 .text.prvSwitchTimerLists
                0x0000000000018d6c       0xf0 ./../Libraries/FreeRTOS/debug/libFreeRTOS_efm32_debug.a(timers.o)
 .text.prvCheckForValidListAndQueue
                0x0000000000018e5c       0xb8 ./../Libraries/FreeRTOS/debug/libFreeRTOS_efm32_debug.a(timers.o)
 .text.xTimerPendFunctionCallFromISR
                0x0000000000018f14       0x4c ./../Libraries/FreeRTOS/debug/libFreeRTOS_efm32_debug.a(timers.o)
                0x0000000000018f14                xTimerPendFunctionCallFromISR
 .text.pvPortMalloc
                0x0000000000018f60      0x1d8 ./../Libraries/FreeRTOS/debug/libFreeRTOS_efm32_debug.a(heap_4.o)
                0x0000000000018f60                pvPortMalloc
 .text.vPortFree
                0x0000000000019138       0xcc ./../Libraries/FreeRTOS/debug/libFreeRTOS_efm32_debug.a(heap_4.o)
                0x0000000000019138                vPortFree
 .text.prvHeapInit
                0x0000000000019204       0xfc ./../Libraries/FreeRTOS/debug/libFreeRTOS_efm32_debug.a(heap_4.o)
 .text.prvInsertBlockIntoFreeList
                0x0000000000019300       0xbc ./../Libraries/FreeRTOS/debug/libFreeRTOS_efm32_debug.a(heap_4.o)
 .text.pxPortInitialiseStack
                0x00000000000193bc       0x64 ./../Libraries/FreeRTOS/debug/libFreeRTOS_efm32_debug.a(port.o)
                0x00000000000193bc                pxPortInitialiseStack
 .text.prvTaskExitError
                0x0000000000019420       0x2c ./../Libraries/FreeRTOS/debug/libFreeRTOS_efm32_debug.a(port.o)
 .text.SVC_Handler
                0x000000000001944c       0x24 ./../Libraries/FreeRTOS/debug/libFreeRTOS_efm32_debug.a(port.o)
                0x000000000001944c                SVC_Handler
 .text.prvPortStartFirstTask
                0x0000000000019470       0x20 ./../Libraries/FreeRTOS/debug/libFreeRTOS_efm32_debug.a(port.o)
 .text.xPortStartScheduler
                0x0000000000019490      0x10c ./../Libraries/FreeRTOS/debug/libFreeRTOS_efm32_debug.a(port.o)
                0x0000000000019490                xPortStartScheduler
 .text.vPortYield
                0x000000000001959c       0x20 ./../Libraries/FreeRTOS/debug/libFreeRTOS_efm32_debug.a(port.o)
                0x000000000001959c                vPortYield
 .text.vPortEnterCritical
                0x00000000000195bc       0x58 ./../Libraries/FreeRTOS/debug/libFreeRTOS_efm32_debug.a(port.o)
                0x00000000000195bc                vPortEnterCritical
 .text.vPortExitCritical
                0x0000000000019614       0x54 ./../Libraries/FreeRTOS/debug/libFreeRTOS_efm32_debug.a(port.o)
                0x0000000000019614                vPortExitCritical
 .text.ulPortSetInterruptMask
                0x0000000000019668       0x14 ./../Libraries/FreeRTOS/debug/libFreeRTOS_efm32_debug.a(port.o)
                0x0000000000019668                ulPortSetInterruptMask
 .text.vPortClearInterruptMask
                0x000000000001967c        0x8 ./../Libraries/FreeRTOS/debug/libFreeRTOS_efm32_debug.a(port.o)
                0x000000000001967c                vPortClearInterruptMask
 .text.PendSV_Handler
                0x0000000000019684       0x44 ./../Libraries/FreeRTOS/debug/libFreeRTOS_efm32_debug.a(port.o)
                0x0000000000019684                PendSV_Handler
 .text.xPortSysTickHandler
                0x00000000000196c8       0x2c ./../Libraries/FreeRTOS/debug/libFreeRTOS_efm32_debug.a(port.o)
                0x00000000000196c8                xPortSysTickHandler
 .text.vPortSetupTimerInterrupt
                0x00000000000196f4       0x28 ./../Libraries/FreeRTOS/debug/libFreeRTOS_efm32_debug.a(port.o)
                0x00000000000196f4                vPortSetupTimerInterrupt
 .text.vPortValidateInterruptPriority
                0x000000000001971c       0x78 ./../Libraries/FreeRTOS/debug/libFreeRTOS_efm32_debug.a(port.o)
                0x000000000001971c                vPortValidateInterruptPriority
 .text.vListInitialise
                0x0000000000019794       0x40 ./../Libraries/FreeRTOS/debug/libFreeRTOS_efm32_debug.a(list.o)
                0x0000000000019794                vListInitialise
 .text.vListInitialiseItem
                0x00000000000197d4       0x1c ./../Libraries/FreeRTOS/debug/libFreeRTOS_efm32_debug.a(list.o)
                0x00000000000197d4                vListInitialiseItem
 .text.vListInsertEnd
                0x00000000000197f0       0x48 ./../Libraries/FreeRTOS/debug/libFreeRTOS_efm32_debug.a(list.o)
                0x00000000000197f0                vListInsertEnd
 .text.vListInsert
                0x0000000000019838       0x74 ./../Libraries/FreeRTOS/debug/libFreeRTOS_efm32_debug.a(list.o)
                0x0000000000019838                vListInsert
 .text.uxListRemove
                0x00000000000198ac       0x58 ./../Libraries/FreeRTOS/debug/libFreeRTOS_efm32_debug.a(list.o)
                0x00000000000198ac                uxListRemove
 .text.ADC_CalibrateLoadSingle
                0x0000000000019904      0x17c ./../Libraries/EMlib/debug/libEMLib_efm32_debug.a(em_adc.o)
 .text.ADC_Init
                0x0000000000019a80       0x68 ./../Libraries/EMlib/debug/libEMLib_efm32_debug.a(em_adc.o)
                0x0000000000019a80                ADC_Init
 .text.ADC_InitSingle
                0x0000000000019ae8       0xa0 ./../Libraries/EMlib/debug/libEMLib_efm32_debug.a(em_adc.o)
                0x0000000000019ae8                ADC_InitSingle
 .text.ADC_PrescaleCalc
                0x0000000000019b88       0x78 ./../Libraries/EMlib/debug/libEMLib_efm32_debug.a(em_adc.o)
                0x0000000000019b88                ADC_PrescaleCalc
 .text.ADC_TimebaseCalc
                0x0000000000019c00       0x74 ./../Libraries/EMlib/debug/libEMLib_efm32_debug.a(em_adc.o)
                0x0000000000019c00                ADC_TimebaseCalc
 .text.BITBAND_Peripheral
                0x0000000000019c74       0x30 ./../Libraries/EMlib/debug/libEMLib_efm32_debug.a(em_cmu.o)
 .text.CMU_MaxFreqHfle
                0x0000000000019ca4       0xb8 ./../Libraries/EMlib/debug/libEMLib_efm32_debug.a(em_cmu.o)
 .text.CMU_FlashWaitStateMax
                0x0000000000019d5c       0x68 ./../Libraries/EMlib/debug/libEMLib_efm32_debug.a(em_cmu.o)
 .text.CMU_FlashWaitStateControl
                0x0000000000019dc4       0xf4 ./../Libraries/EMlib/debug/libEMLib_efm32_debug.a(em_cmu.o)
 .text.CMU_USBCClkGet
                0x0000000000019eb8       0x50 ./../Libraries/EMlib/debug/libEMLib_efm32_debug.a(em_cmu.o)
 .text.CMU_AUXClkGet
                0x0000000000019f08       0x9c ./../Libraries/EMlib/debug/libEMLib_efm32_debug.a(em_cmu.o)
 .text.CMU_DBGClkGet
                0x0000000000019fa4       0x64 ./../Libraries/EMlib/debug/libEMLib_efm32_debug.a(em_cmu.o)
 .text.CMU_LFClkGet
                0x000000000001a008       0xd4 ./../Libraries/EMlib/debug/libEMLib_efm32_debug.a(em_cmu.o)
 .text.CMU_Sync
                0x000000000001a0dc       0x3c ./../Libraries/EMlib/debug/libEMLib_efm32_debug.a(em_cmu.o)
 .text.CMU_ClockEnable
                0x000000000001a118      0x10c ./../Libraries/EMlib/debug/libEMLib_efm32_debug.a(em_cmu.o)
                0x000000000001a118                CMU_ClockEnable
 .text.CMU_ClockFreqGet
                0x000000000001a224      0x1e8 ./../Libraries/EMlib/debug/libEMLib_efm32_debug.a(em_cmu.o)
                0x000000000001a224                CMU_ClockFreqGet
 .text.CMU_ClockSelectGet
                0x000000000001a40c      0x1a4 ./../Libraries/EMlib/debug/libEMLib_efm32_debug.a(em_cmu.o)
                0x000000000001a40c                CMU_ClockSelectGet
 .text.CMU_ClockSelectSet
                0x000000000001a5b0      0x38c ./../Libraries/EMlib/debug/libEMLib_efm32_debug.a(em_cmu.o)
                0x000000000001a5b0                CMU_ClockSelectSet
 .text.CMU_OscillatorEnable
                0x000000000001a93c       0xe8 ./../Libraries/EMlib/debug/libEMLib_efm32_debug.a(em_cmu.o)
                0x000000000001a93c                CMU_OscillatorEnable
 .text.MSC_Init
                0x000000000001aa24      0x108 ./../Libraries/EMlib/debug/libEMLib_efm32_debug.a(em_msc.o)
                0x000000000001aa24                MSC_Init
 .text.MSC_Deinit
                0x000000000001ab2c       0x30 ./../Libraries/EMlib/debug/libEMLib_efm32_debug.a(em_msc.o)
                0x000000000001ab2c                MSC_Deinit
 .text.NVIC_DisableIRQ
                0x000000000001ab5c       0x3c ./../Libraries/EMlib/debug/libEMLib_efm32_debug.a(em_dma.o)
 .text.BITBAND_Peripheral
                0x000000000001ab98       0x30 ./../Libraries/EMlib/debug/libEMLib_efm32_debug.a(em_dma.o)
 .text.DMA_Prepare
                0x000000000001abc8      0x138 ./../Libraries/EMlib/debug/libEMLib_efm32_debug.a(em_dma.o)
 .text.DMA_IRQHandler
                0x000000000001ad00      0x110 ./../Libraries/EMlib/debug/libEMLib_efm32_debug.a(em_dma.o)
                0x000000000001ad00                DMA_IRQHandler
 .text.DMA_ActivateBasic
                0x000000000001ae10       0x48 ./../Libraries/EMlib/debug/libEMLib_efm32_debug.a(em_dma.o)
                0x000000000001ae10                DMA_ActivateBasic
 .text.DMA_CfgChannel
                0x000000000001ae58       0xc0 ./../Libraries/EMlib/debug/libEMLib_efm32_debug.a(em_dma.o)
                0x000000000001ae58                DMA_CfgChannel
 .text.DMA_CfgDescr
                0x000000000001af18       0x84 ./../Libraries/EMlib/debug/libEMLib_efm32_debug.a(em_dma.o)
                0x000000000001af18                DMA_CfgDescr
 .text.DMA_Reset
                0x000000000001af9c       0xd4 ./../Libraries/EMlib/debug/libEMLib_efm32_debug.a(em_dma.o)
                0x000000000001af9c                DMA_Reset
 .text.EMU_UpdateOscConfig
                0x000000000001b070       0x20 ./../Libraries/EMlib/debug/libEMLib_efm32_debug.a(em_emu.o)
                0x000000000001b070                EMU_UpdateOscConfig
 .text.BITBAND_Peripheral
                0x000000000001b090       0x30 ./../Libraries/EMlib/debug/libEMLib_efm32_debug.a(em_gpio.o)
 .text.GPIO_DriveModeSet
                0x000000000001b0c0       0x60 ./../Libraries/EMlib/debug/libEMLib_efm32_debug.a(em_gpio.o)
                0x000000000001b0c0                GPIO_DriveModeSet
 .text.GPIO_IntConfig
                0x000000000001b120       0xf4 ./../Libraries/EMlib/debug/libEMLib_efm32_debug.a(em_gpio.o)
                0x000000000001b120                GPIO_IntConfig
 .text.GPIO_PinModeSet
                0x000000000001b214      0x1b8 ./../Libraries/EMlib/debug/libEMLib_efm32_debug.a(em_gpio.o)
                0x000000000001b214                GPIO_PinModeSet
 .text.BITBAND_Peripheral
                0x000000000001b3cc       0x30 ./../Libraries/EMlib/debug/libEMLib_efm32_debug.a(em_i2c.o)
 .text.I2C_BusFreqSet
                0x000000000001b3fc       0x94 ./../Libraries/EMlib/debug/libEMLib_efm32_debug.a(em_i2c.o)
                0x000000000001b3fc                I2C_BusFreqSet
 .text.I2C_Enable
                0x000000000001b490       0x40 ./../Libraries/EMlib/debug/libEMLib_efm32_debug.a(em_i2c.o)
                0x000000000001b490                I2C_Enable
 .text.I2C_Init
                0x000000000001b4d0       0x84 ./../Libraries/EMlib/debug/libEMLib_efm32_debug.a(em_i2c.o)
                0x000000000001b4d0                I2C_Init
 .text.I2C_Transfer
                0x000000000001b554      0x4ec ./../Libraries/EMlib/debug/libEMLib_efm32_debug.a(em_i2c.o)
                0x000000000001b554                I2C_Transfer
 .text.I2C_TransferInit
                0x000000000001ba40      0x104 ./../Libraries/EMlib/debug/libEMLib_efm32_debug.a(em_i2c.o)
                0x000000000001ba40                I2C_TransferInit
 .text.USART_BaudrateAsyncSet
                0x000000000001bb44       0xd0 ./../Libraries/EMlib/debug/libEMLib_efm32_debug.a(em_usart.o)
                0x000000000001bb44                USART_BaudrateAsyncSet
 .text.USART_BaudrateSyncSet
                0x000000000001bc14       0x7c ./../Libraries/EMlib/debug/libEMLib_efm32_debug.a(em_usart.o)
                0x000000000001bc14                USART_BaudrateSyncSet
 .text.USART_Enable
                0x000000000001bc90       0x7c ./../Libraries/EMlib/debug/libEMLib_efm32_debug.a(em_usart.o)
                0x000000000001bc90                USART_Enable
 .text.USART_InitAsync
                0x000000000001bd0c       0xbc ./../Libraries/EMlib/debug/libEMLib_efm32_debug.a(em_usart.o)
                0x000000000001bd0c                USART_InitAsync
 .text.USART_Reset
                0x000000000001bdc8       0xd8 ./../Libraries/EMlib/debug/libEMLib_efm32_debug.a(em_usart.o)
                0x000000000001bdc8                USART_Reset
 .text.USART_Tx
                0x000000000001bea0       0x2c ./../Libraries/EMlib/debug/libEMLib_efm32_debug.a(em_usart.o)
                0x000000000001bea0                USART_Tx
 .text.SYSTEM_ChipRevisionGet
                0x000000000001becc       0x94 ./../Libraries/EMlib/debug/libEMLib_efm32_debug.a(em_system.o)
                0x000000000001becc                SYSTEM_ChipRevisionGet
 .text.TIMER_Init
                0x000000000001bf60      0x134 ./../Libraries/EMlib/debug/libEMLib_efm32_debug.a(em_timer.o)
                0x000000000001bf60                TIMER_Init
 .text.TIMER_InitCC
                0x000000000001c094       0xec ./../Libraries/EMlib/debug/libEMLib_efm32_debug.a(em_timer.o)
                0x000000000001c094                TIMER_InitCC
 .text.NVIC_EnableIRQ
                0x000000000001c180       0x38 ./../Libraries/EMlib/debug/libEMLib_efm32_debug.a(em_usbd.o)
 .text.NVIC_ClearPendingIRQ
                0x000000000001c1b8       0x3c ./../Libraries/EMlib/debug/libEMLib_efm32_debug.a(em_usbd.o)
 .text.INT_Disable
                0x000000000001c1f4       0x40 ./../Libraries/EMlib/debug/libEMLib_efm32_debug.a(em_usbd.o)
 .text.INT_Enable
                0x000000000001c234       0x54 ./../Libraries/EMlib/debug/libEMLib_efm32_debug.a(em_usbd.o)
 .text.USBHAL_DisableGlobalInt
                0x000000000001c288       0x34 ./../Libraries/EMlib/debug/libEMLib_efm32_debug.a(em_usbd.o)
 .text.USBHAL_EnableGlobalInt
                0x000000000001c2bc       0x34 ./../Libraries/EMlib/debug/libEMLib_efm32_debug.a(em_usbd.o)
 .text.USBDHAL_EnableUsbResetAndSuspendInt
                0x000000000001c2f0       0x38 ./../Libraries/EMlib/debug/libEMLib_efm32_debug.a(em_usbd.o)
 .text.USBDHAL_EpIsStalled
                0x000000000001c328       0x3c ./../Libraries/EMlib/debug/libEMLib_efm32_debug.a(em_usbd.o)
 .text.USBDHAL_GetStallStatusEp
                0x000000000001c364       0xc0 ./../Libraries/EMlib/debug/libEMLib_efm32_debug.a(em_usbd.o)
 .text.USBDHAL_SetEp0InDmaPtr
                0x000000000001c424       0x28 ./../Libraries/EMlib/debug/libEMLib_efm32_debug.a(em_usbd.o)
 .text.USBDHAL_SetEp0OutDmaPtr
                0x000000000001c44c       0x28 ./../Libraries/EMlib/debug/libEMLib_efm32_debug.a(em_usbd.o)
 .text.USBDHAL_StartEp0In
                0x000000000001c474       0x5c ./../Libraries/EMlib/debug/libEMLib_efm32_debug.a(em_usbd.o)
 .text.USBDHAL_StartEp0Out
                0x000000000001c4d0       0x5c ./../Libraries/EMlib/debug/libEMLib_efm32_debug.a(em_usbd.o)
 .text.USBDHAL_StartEpIn
                0x000000000001c52c       0xc8 ./../Libraries/EMlib/debug/libEMLib_efm32_debug.a(em_usbd.o)
 .text.USBDHAL_StartEpOut
                0x000000000001c5f4       0xd4 ./../Libraries/EMlib/debug/libEMLib_efm32_debug.a(em_usbd.o)
 .text.USBD_ArmEp
                0x000000000001c6c8       0x28 ./../Libraries/EMlib/debug/libEMLib_efm32_debug.a(em_usbd.o)
 .text.USBD_ArmEp0
                0x000000000001c6f0       0x88 ./../Libraries/EMlib/debug/libEMLib_efm32_debug.a(em_usbd.o)
 .text.USBD_ArmEpN
                0x000000000001c778       0x28 ./../Libraries/EMlib/debug/libEMLib_efm32_debug.a(em_usbd.o)
 .text.USBD_GetEpFromAddr
                0x000000000001c7a0       0xa0 ./../Libraries/EMlib/debug/libEMLib_efm32_debug.a(em_usbd.o)
 .text.USBD_Disconnect
                0x000000000001c840       0x14 ./../Libraries/EMlib/debug/libEMLib_efm32_debug.a(em_usbd.o)
                0x000000000001c840                USBD_Disconnect
 .text.USBD_GetUsbState
                0x000000000001c854       0x1c ./../Libraries/EMlib/debug/libEMLib_efm32_debug.a(em_usbd.o)
                0x000000000001c854                USBD_GetUsbState
 .text.USBD_Init
                0x000000000001c870      0x4fc ./../Libraries/EMlib/debug/libEMLib_efm32_debug.a(em_usbd.o)
                0x000000000001c870                USBD_Init
 .text.USBD_Read
                0x000000000001cd6c      0x108 ./../Libraries/EMlib/debug/libEMLib_efm32_debug.a(em_usbd.o)
                0x000000000001cd6c                USBD_Read
 .text.USBD_SetUsbState
                0x000000000001ce74       0x98 ./../Libraries/EMlib/debug/libEMLib_efm32_debug.a(em_usbd.o)
                0x000000000001ce74                USBD_SetUsbState
 .text.USBD_Write
                0x000000000001cf0c      0x10c ./../Libraries/EMlib/debug/libEMLib_efm32_debug.a(em_usbd.o)
                0x000000000001cf0c                USBD_Write
 .text.NVIC_ClearPendingIRQ
                0x000000000001d018       0x3c ./../Libraries/EMlib/debug/libEMLib_efm32_debug.a(em_usbhal.o)
 .text.INT_Disable
                0x000000000001d054       0x40 ./../Libraries/EMlib/debug/libEMLib_efm32_debug.a(em_usbhal.o)
 .text.INT_Enable
                0x000000000001d094       0x54 ./../Libraries/EMlib/debug/libEMLib_efm32_debug.a(em_usbhal.o)
 .text.USBHAL_FlushRxFifo
                0x000000000001d0e8       0x3c ./../Libraries/EMlib/debug/libEMLib_efm32_debug.a(em_usbhal.o)
 .text.USBHAL_FlushTxFifo
                0x000000000001d124       0x4c ./../Libraries/EMlib/debug/libEMLib_efm32_debug.a(em_usbhal.o)
 .text.USBDHAL_DeactivateEp
                0x000000000001d170       0x88 ./../Libraries/EMlib/debug/libEMLib_efm32_debug.a(em_usbhal.o)
 .text.USBDHAL_GetInEpInts
                0x000000000001d1f8       0x44 ./../Libraries/EMlib/debug/libEMLib_efm32_debug.a(em_usbhal.o)
 .text.USBDHAL_GetOutEpInts
                0x000000000001d23c       0x44 ./../Libraries/EMlib/debug/libEMLib_efm32_debug.a(em_usbhal.o)
 .text.USBDHAL_SetEPDISNAK
                0x000000000001d280       0xac ./../Libraries/EMlib/debug/libEMLib_efm32_debug.a(em_usbhal.o)
 .text.USBD_GetEpFromAddr
                0x000000000001d32c       0xa0 ./../Libraries/EMlib/debug/libEMLib_efm32_debug.a(em_usbhal.o)
 .text.USBHAL_CoreReset
                0x000000000001d3cc       0xbc ./../Libraries/EMlib/debug/libEMLib_efm32_debug.a(em_usbhal.o)
                0x000000000001d3cc                USBHAL_CoreReset
 .text.USBDHAL_CoreInit
                0x000000000001d488      0x3ec ./../Libraries/EMlib/debug/libEMLib_efm32_debug.a(em_usbhal.o)
                0x000000000001d488                USBDHAL_CoreInit
 .text.USBDHAL_Disconnect
                0x000000000001d874       0x3c ./../Libraries/EMlib/debug/libEMLib_efm32_debug.a(em_usbhal.o)
                0x000000000001d874                USBDHAL_Disconnect
 .text.USBDHAL_AbortAllEps
                0x000000000001d8b0      0x53c ./../Libraries/EMlib/debug/libEMLib_efm32_debug.a(em_usbhal.o)
                0x000000000001d8b0                USBDHAL_AbortAllEps
 .text.USBDHAL_AbortAllTransfers
                0x000000000001ddec       0xc8 ./../Libraries/EMlib/debug/libEMLib_efm32_debug.a(em_usbhal.o)
                0x000000000001ddec                USBDHAL_AbortAllTransfers
 .text.USBDHAL_ReenableEp0Setup
                0x000000000001deb4       0x60 ./../Libraries/EMlib/debug/libEMLib_efm32_debug.a(em_usbdep.o)
 .text.USBDHAL_StallEp
                0x000000000001df14       0xcc ./../Libraries/EMlib/debug/libEMLib_efm32_debug.a(em_usbdep.o)
 .text.USBDHAL_StartEp0In
                0x000000000001dfe0       0x5c ./../Libraries/EMlib/debug/libEMLib_efm32_debug.a(em_usbdep.o)
 .text.USBDHAL_StartEp0Out
                0x000000000001e03c       0x5c ./../Libraries/EMlib/debug/libEMLib_efm32_debug.a(em_usbdep.o)
 .text.USBD_GetEpFromAddr
                0x000000000001e098       0xa0 ./../Libraries/EMlib/debug/libEMLib_efm32_debug.a(em_usbdep.o)
 .text.USBD_ReArmEp0
                0x000000000001e138       0x64 ./../Libraries/EMlib/debug/libEMLib_efm32_debug.a(em_usbdep.o)
 .text.USBDEP_Ep0Handler
                0x000000000001e19c      0x300 ./../Libraries/EMlib/debug/libEMLib_efm32_debug.a(em_usbdep.o)
                0x000000000001e19c                USBDEP_Ep0Handler
 .text.USBDEP_EpHandler
                0x000000000001e49c       0x60 ./../Libraries/EMlib/debug/libEMLib_efm32_debug.a(em_usbdep.o)
                0x000000000001e49c                USBDEP_EpHandler
 .text.TIMER_CounterGet
                0x000000000001e4fc       0x18 ./../Libraries/EMlib/debug/libEMLib_efm32_debug.a(em_usbtimer.o)
 .text.TIMER_TopSet
                0x000000000001e514       0x1c ./../Libraries/EMlib/debug/libEMLib_efm32_debug.a(em_usbtimer.o)
 .text.DelayTicks
                0x000000000001e530       0x4c ./../Libraries/EMlib/debug/libEMLib_efm32_debug.a(em_usbtimer.o)
 .text.USBTIMER_DelayMs
                0x000000000001e57c       0x84 ./../Libraries/EMlib/debug/libEMLib_efm32_debug.a(em_usbtimer.o)
                0x000000000001e57c                USBTIMER_DelayMs
 .text.USBTIMER_DelayUs
                0x000000000001e600      0x124 ./../Libraries/EMlib/debug/libEMLib_efm32_debug.a(em_usbtimer.o)
                0x000000000001e600                USBTIMER_DelayUs
 .text.USBTIMER_Init
                0x000000000001e724      0x188 ./../Libraries/EMlib/debug/libEMLib_efm32_debug.a(em_usbtimer.o)
                0x000000000001e724                USBTIMER_Init
 .text.GetProdRev
                0x000000000001e8ac       0x1c ./../Libraries/EMlib/debug/libEMLib_efm32_debug.a(system_efm32gg.o)
 .text.SystemCoreClockGet
                0x000000000001e8c8       0x58 ./../Libraries/EMlib/debug/libEMLib_efm32_debug.a(system_efm32gg.o)
                0x000000000001e8c8                SystemCoreClockGet
 .text.SystemHFClockGet
                0x000000000001e920      0x110 ./../Libraries/EMlib/debug/libEMLib_efm32_debug.a(system_efm32gg.o)
                0x000000000001e920                SystemHFClockGet
 .text.SystemHFXOClockGet
                0x000000000001ea30       0x18 ./../Libraries/EMlib/debug/libEMLib_efm32_debug.a(system_efm32gg.o)
                0x000000000001ea30                SystemHFXOClockGet
 .text.SystemInit
                0x000000000001ea48        0xc ./../Libraries/EMlib/debug/libEMLib_efm32_debug.a(system_efm32gg.o)
                0x000000000001ea48                SystemInit
 .text.SystemLFRCOClockGet
                0x000000000001ea54       0x10 ./../Libraries/EMlib/debug/libEMLib_efm32_debug.a(system_efm32gg.o)
                0x000000000001ea54                SystemLFRCOClockGet
 .text.SystemULFRCOClockGet
                0x000000000001ea64       0x10 ./../Libraries/EMlib/debug/libEMLib_efm32_debug.a(system_efm32gg.o)
                0x000000000001ea64                SystemULFRCOClockGet
 .text.SystemLFXOClockGet
                0x000000000001ea74       0x18 ./../Libraries/EMlib/debug/libEMLib_efm32_debug.a(system_efm32gg.o)
                0x000000000001ea74                SystemLFXOClockGet
 .text.PRS_SourceSignalSet
                0x000000000001ea8c       0x3c ./../Libraries/EMlib/debug/libEMLib_efm32_debug.a(em_prs.o)
                0x000000000001ea8c                PRS_SourceSignalSet
 .text.USBDHAL_ActivateEp
                0x000000000001eac8      0x148 ./../Libraries/EMlib/debug/libEMLib_efm32_debug.a(em_usbdch9.o)
 .text.USBDHAL_DeactivateEp
                0x000000000001ec10       0x88 ./../Libraries/EMlib/debug/libEMLib_efm32_debug.a(em_usbdch9.o)
 .text.USBDHAL_GetStallStatusEp
                0x000000000001ec98       0xc0 ./../Libraries/EMlib/debug/libEMLib_efm32_debug.a(em_usbdch9.o)
 .text.USBDHAL_SetAddr
                0x000000000001ed58       0x3c ./../Libraries/EMlib/debug/libEMLib_efm32_debug.a(em_usbdch9.o)
 .text.USBDHAL_StallEp
                0x000000000001ed94       0xcc ./../Libraries/EMlib/debug/libEMLib_efm32_debug.a(em_usbdch9.o)
 .text.USBDHAL_UnStallEp
                0x000000000001ee60       0xe4 ./../Libraries/EMlib/debug/libEMLib_efm32_debug.a(em_usbdch9.o)
 .text.USBD_ActivateAllEps
                0x000000000001ef44       0x54 ./../Libraries/EMlib/debug/libEMLib_efm32_debug.a(em_usbdch9.o)
 .text.USBD_DeactivateAllEps
                0x000000000001ef98       0x68 ./../Libraries/EMlib/debug/libEMLib_efm32_debug.a(em_usbdch9.o)
 .text.USBD_GetEpFromAddr
                0x000000000001f000       0xa0 ./../Libraries/EMlib/debug/libEMLib_efm32_debug.a(em_usbdch9.o)
 .text.USBDCH9_SetupCmd
                0x000000000001f0a0       0xec ./../Libraries/EMlib/debug/libEMLib_efm32_debug.a(em_usbdch9.o)
                0x000000000001f0a0                USBDCH9_SetupCmd
 .text.ClearFeature
                0x000000000001f18c       0xcc ./../Libraries/EMlib/debug/libEMLib_efm32_debug.a(em_usbdch9.o)
 .text.GetConfiguration
                0x000000000001f258       0xb8 ./../Libraries/EMlib/debug/libEMLib_efm32_debug.a(em_usbdch9.o)
 .text.GetDescriptor
                0x000000000001f310      0x10c ./../Libraries/EMlib/debug/libEMLib_efm32_debug.a(em_usbdch9.o)
 .text.GetInterface
                0x000000000001f41c       0x94 ./../Libraries/EMlib/debug/libEMLib_efm32_debug.a(em_usbdch9.o)
 .text.GetStatus
                0x000000000001f4b0      0x1b4 ./../Libraries/EMlib/debug/libEMLib_efm32_debug.a(em_usbdch9.o)
 .text.SetAddress
                0x000000000001f664       0xb4 ./../Libraries/EMlib/debug/libEMLib_efm32_debug.a(em_usbdch9.o)
 .text.SetConfiguration
                0x000000000001f718      0x10c ./../Libraries/EMlib/debug/libEMLib_efm32_debug.a(em_usbdch9.o)
 .text.SetFeature
                0x000000000001f824      0x100 ./../Libraries/EMlib/debug/libEMLib_efm32_debug.a(em_usbdch9.o)
 .text.SetInterface
                0x000000000001f924       0x68 ./../Libraries/EMlib/debug/libEMLib_efm32_debug.a(em_usbdch9.o)
 .text.bme280_init
                0x000000000001f98c       0xcc ./../Libraries/BSTLib/debug/libBSTLib_efm32_debug.a(bme280.o)
                0x000000000001f98c                bme280_init
 .text.bme280_read_uncomp_temperature
                0x000000000001fa58       0x90 ./../Libraries/BSTLib/debug/libBSTLib_efm32_debug.a(bme280.o)
                0x000000000001fa58                bme280_read_uncomp_temperature
 .text.bme280_compensate_temperature_int32
                0x000000000001fae8       0xd0 ./../Libraries/BSTLib/debug/libBSTLib_efm32_debug.a(bme280.o)
                0x000000000001fae8                bme280_compensate_temperature_int32
 .text.bme280_read_uncomp_pressure
                0x000000000001fbb8       0x90 ./../Libraries/BSTLib/debug/libBSTLib_efm32_debug.a(bme280.o)
                0x000000000001fbb8                bme280_read_uncomp_pressure
 .text.bme280_compensate_pressure_int32
                0x000000000001fc48      0x1d4 ./../Libraries/BSTLib/debug/libBSTLib_efm32_debug.a(bme280.o)
                0x000000000001fc48                bme280_compensate_pressure_int32
 .text.bme280_read_uncomp_humidity
                0x000000000001fe1c       0x7c ./../Libraries/BSTLib/debug/libBSTLib_efm32_debug.a(bme280.o)
                0x000000000001fe1c                bme280_read_uncomp_humidity
 .text.bme280_compensate_humidity_int32
                0x000000000001fe98      0x110 ./../Libraries/BSTLib/debug/libBSTLib_efm32_debug.a(bme280.o)
                0x000000000001fe98                bme280_compensate_humidity_int32
 .text.bme280_get_calib_param
                0x000000000001ffa8      0x2d8 ./../Libraries/BSTLib/debug/libBSTLib_efm32_debug.a(bme280.o)
                0x000000000001ffa8                bme280_get_calib_param
 .text.bme280_set_oversamp_temperature
                0x0000000000020280      0x1e8 ./../Libraries/BSTLib/debug/libBSTLib_efm32_debug.a(bme280.o)
                0x0000000000020280                bme280_set_oversamp_temperature
 .text.bme280_set_oversamp_pressure
                0x0000000000020468      0x1dc ./../Libraries/BSTLib/debug/libBSTLib_efm32_debug.a(bme280.o)
                0x0000000000020468                bme280_set_oversamp_pressure
 .text.bme280_set_oversamp_humidity
                0x0000000000020644      0x228 ./../Libraries/BSTLib/debug/libBSTLib_efm32_debug.a(bme280.o)
                0x0000000000020644                bme280_set_oversamp_humidity
 .text.bme280_get_power_mode
                0x000000000002086c       0x74 ./../Libraries/BSTLib/debug/libBSTLib_efm32_debug.a(bme280.o)
                0x000000000002086c                bme280_get_power_mode
 .text.bme280_set_power_mode
                0x00000000000208e0      0x1e8 ./../Libraries/BSTLib/debug/libBSTLib_efm32_debug.a(bme280.o)
                0x00000000000208e0                bme280_set_power_mode
 .text.bme280_set_soft_rst
                0x0000000000020ac8       0x64 ./../Libraries/BSTLib/debug/libBSTLib_efm32_debug.a(bme280.o)
                0x0000000000020ac8                bme280_set_soft_rst
 .text.bme280_set_standby_durn
                0x0000000000020b2c      0x1e0 ./../Libraries/BSTLib/debug/libBSTLib_efm32_debug.a(bme280.o)
                0x0000000000020b2c                bme280_set_standby_durn
 .text.bme280_write_register
                0x0000000000020d0c       0x64 ./../Libraries/BSTLib/debug/libBSTLib_efm32_debug.a(bme280.o)
                0x0000000000020d0c                bme280_write_register
 .text.bme280_read_register
                0x0000000000020d70       0x64 ./../Libraries/BSTLib/debug/libBSTLib_efm32_debug.a(bme280.o)
                0x0000000000020d70                bme280_read_register
 .text.Retcode_initialize
                0x0000000000020dd4       0x60 ./../Platform/Essentials/release/libEssentials_efm32.a(Retcode.o)
                0x0000000000020dd4                Retcode_initialize
 .text.Retcode_raiseError
                0x0000000000020e34       0x24 ./../Platform/Essentials/release/libEssentials_efm32.a(Retcode.o)
                0x0000000000020e34                Retcode_raiseError
 .text.Retcode_raiseErrorFromIsr
                0x0000000000020e58       0x24 ./../Platform/Essentials/release/libEssentials_efm32.a(Retcode.o)
                0x0000000000020e58                Retcode_raiseErrorFromIsr
 .text.CmdProcessor_initialize
                0x0000000000020e7c       0xe0 ./../Platform/Utils/release/libUtils_efm32.a(CmdProcessor.o)
                0x0000000000020e7c                CmdProcessor_initialize
 .text.CmdProcessor_enqueue
                0x0000000000020f5c       0x74 ./../Platform/Utils/release/libUtils_efm32.a(CmdProcessor.o)
                0x0000000000020f5c                CmdProcessor_enqueue
 .text.run      0x0000000000020fd0       0x14 ./../Platform/Utils/release/libUtils_efm32.a(CmdProcessor.o)
 .text.dequeue  0x0000000000020fe4       0x80 ./../Platform/Utils/release/libUtils_efm32.a(CmdProcessor.o)
 .text.NVM_Initialize
                0x0000000000021064       0x4c ./../Platform/Drivers/release/libDrivers_efm32.a(BCDS_NVM.o)
                0x0000000000021064                NVM_Initialize
 .text.objectConsistencyCheck
                0x00000000000210b0       0x58 ./../Platform/Drivers/release/libDrivers_efm32.a(BCDS_NVM.o)
 .text.NVM_Read
                0x0000000000021108       0x7c ./../Platform/Drivers/release/libDrivers_efm32.a(BCDS_NVM.o)
                0x0000000000021108                NVM_Read
 .text.itemConsistencyCheck
                0x0000000000021184       0x50 ./../Platform/Drivers/release/libDrivers_efm32.a(BCDS_NVM.o)
 .text.NVM_Write
                0x00000000000211d4       0x94 ./../Platform/Drivers/release/libDrivers_efm32.a(BCDS_NVM.o)
                0x00000000000211d4                NVM_Write
 .text.NVM_Flush
                0x0000000000021268       0x9c ./../Platform/Drivers/release/libDrivers_efm32.a(BCDS_NVM.o)
                0x0000000000021268                NVM_Flush
 .text.sectionUpdateRequired
                0x0000000000021304       0x8c ./../Platform/Drivers/release/libDrivers_efm32.a(BCDS_NVM.o)
 .text.NVM_ReadUInt8
                0x0000000000021390       0x40 ./../Platform/Drivers/release/libDrivers_efm32.a(BCDS_NVM.o)
                0x0000000000021390                NVM_ReadUInt8
 .text.NVM_WriteUInt8
                0x00000000000213d0       0x40 ./../Platform/Drivers/release/libDrivers_efm32.a(BCDS_NVM.o)
                0x00000000000213d0                NVM_WriteUInt8
 .text.isLittleEndianPlatform
                0x0000000000021410       0x30 ./../Platform/Drivers/release/libDrivers_efm32.a(BCDS_NVM.o)
 .text.NVM_IsEndiannessDifferent
                0x0000000000021440       0x54 ./../Platform/Drivers/release/libDrivers_efm32.a(BCDS_NVM.o)
 .text.NVM_SwapBytes
                0x0000000000021494       0xc4 ./../Platform/Drivers/release/libDrivers_efm32.a(BCDS_NVM.o)
 .text.MappingI2cLibError
                0x0000000000021558       0x38 ./../Platform/Drivers/release/libDrivers_efm32.a(Max44009.o)
 .text.MAX44009_combineLuxLowHighReg
                0x0000000000021590       0x48 ./../Platform/Drivers/release/libDrivers_efm32.a(Max44009.o)
 .text.MAX44009_init
                0x00000000000215d8       0x34 ./../Platform/Drivers/release/libDrivers_efm32.a(Max44009.o)
                0x00000000000215d8                MAX44009_init
 .text.MAX44009_setCdr
                0x000000000002160c       0xb8 ./../Platform/Drivers/release/libDrivers_efm32.a(Max44009.o)
                0x000000000002160c                MAX44009_setCdr
 .text.MAX44009_getConfigurationReg
                0x00000000000216c4       0x74 ./../Platform/Drivers/release/libDrivers_efm32.a(Max44009.o)
                0x00000000000216c4                MAX44009_getConfigurationReg
 .text.MAX44009_setIntegrationTime
                0x0000000000021738       0xac ./../Platform/Drivers/release/libDrivers_efm32.a(Max44009.o)
                0x0000000000021738                MAX44009_setIntegrationTime
 .text.MAX44009_getSensorData
                0x00000000000217e4       0xe0 ./../Platform/Drivers/release/libDrivers_efm32.a(Max44009.o)
                0x00000000000217e4                MAX44009_getSensorData
 .text.MAX44009_getDataInMilliLux