Archive member included because of file (symbol)

./../Platform/Sensors/debug/libSensors_efm32_debug.a(Environmental.o)
                              /Users/user/Documents/devel/beeinformed_edge_fw/debug/objects/edge_sensors.o (Environmental_setPowerMode)
./../Platform/Sensors/debug/libSensors_efm32_debug.a(EnvironmentalUtils.o)
                              ./../Platform/Sensors/debug/libSensors_efm32_debug.a(Environmental.o) (SetAmbientTemperatureOffset)
./../Platform/Sensors/debug/libSensors_efm32_debug.a(LightSensor.o)
                              /Users/user/Documents/devel/beeinformed_edge_fw/debug/objects/edge_sensors.o (LightSensor_init)
./../Platform/BSP/debug/libBSP_efm32_debug.a(BSP_Board.o)
                              /Users/user/Documents/devel/beeinformed_edge_fw/debug/objects/source/SystemStartup.o (BSP_Board_OSTickInitialize)
./../Platform/BSP/debug/libBSP_efm32_debug.a(BSP_DMA.o)
                              ./../Platform/BSP/debug/libBSP_efm32_debug.a(BSP_Board.o) (BSP_DMA_Initialize)
./../Platform/BSP/debug/libBSP_efm32_debug.a(BSP_IrqHandler.o)
                              ./../Platform/BSP/debug/libBSP_efm32_debug.a(BSP_Board.o) (IrqHandler_SysTickDummyHandler)
./../Platform/BSP/debug/libBSP_efm32_debug.a(BSP_LED.o)
                              /Users/user/Documents/devel/beeinformed_edge_fw/debug/objects/source/SystemStartup.o (BSP_LED_Connect)
./../Platform/BSP/debug/libBSP_efm32_debug.a(BSP_Mic_AKU340.o)
                              /Users/user/Documents/devel/beeinformed_edge_fw/debug/objects/edge_audio_acq.o (BSP_Mic_AKU340_Connect)
./../Platform/BSP/debug/libBSP_efm32_debug.a(BSP_SDCard.o)
                              ./../Platform/BSP/debug/libBSP_efm32_debug.a(BSP_IrqHandler.o) (SDCard_SPIRxISR)
./../Platform/BSP/debug/libBSP_efm32_debug.a(BSP_SensorNode.o)
                              ./../Platform/BSP/debug/libBSP_efm32_debug.a(BSP_IrqHandler.o) (SensorNode_I2CISR)
./../Platform/BSP/debug/libBSP_efm32_debug.a(BSP_USB.o)
                              ./../Platform/BSP/debug/libBSP_efm32_debug.a(BSP_Board.o) (USB_init)
./../Platform/BSP/debug/libBSP_efm32_debug.a(BSP_WiFi_cc3100mod.o)
                              ./../Platform/BSP/debug/libBSP_efm32_debug.a(BSP_IrqHandler.o) (WiFi_CC3100MOD_SPIRxISR)
./../Platform/BSP/debug/libBSP_efm32_debug.a(BSP_BT_EM9301.o)
                              ./../Platform/BSP/debug/libBSP_efm32_debug.a(BSP_IrqHandler.o) (BT_EM9301_UART_TxISR)
./../Libraries/FreeRTOS/debug/libFreeRTOS_efm32_debug.a(queue.o)
                              /Users/user/Documents/devel/beeinformed_edge_fw/debug/objects/app_ble.o (xQueueGenericCreate)
./../Libraries/FreeRTOS/debug/libFreeRTOS_efm32_debug.a(tasks.o)
                              /Users/user/Documents/devel/beeinformed_edge_fw/debug/objects/app_ble.o (xTaskGenericCreate)
./../Libraries/FreeRTOS/debug/libFreeRTOS_efm32_debug.a(timers.o)
                              ./../Libraries/FreeRTOS/debug/libFreeRTOS_efm32_debug.a(tasks.o) (xTimerCreateTimerTask)
./../Libraries/FreeRTOS/debug/libFreeRTOS_efm32_debug.a(heap_4.o)
                              ./../Libraries/FreeRTOS/debug/libFreeRTOS_efm32_debug.a(queue.o) (pvPortMalloc)
./../Libraries/FreeRTOS/debug/libFreeRTOS_efm32_debug.a(port.o)
                              ./../Libraries/FreeRTOS/debug/libFreeRTOS_efm32_debug.a(tasks.o) (pxPortInitialiseStack)
./../Libraries/FreeRTOS/debug/libFreeRTOS_efm32_debug.a(list.o)
                              ./../Libraries/FreeRTOS/debug/libFreeRTOS_efm32_debug.a(queue.o) (vListInitialise)
./../Libraries/EMlib/debug/libEMLib_efm32_debug.a(em_adc.o)
                              /Users/user/Documents/devel/beeinformed_edge_fw/debug/objects/edge_audio_acq.o (ADC_Init)
./../Libraries/EMlib/debug/libEMLib_efm32_debug.a(em_cmu.o)
                              ./../Libraries/EMlib/debug/libEMLib_efm32_debug.a(em_adc.o) (CMU_ClockFreqGet)
./../Libraries/EMlib/debug/libEMLib_efm32_debug.a(em_msc.o)
                              ./../Platform/BSP/debug/libBSP_efm32_debug.a(BSP_Board.o) (MSC_Init)
./../Libraries/EMlib/debug/libEMLib_efm32_debug.a(em_dma.o)
                              ./../Platform/BSP/debug/libBSP_efm32_debug.a(BSP_DMA.o) (DMA_Reset)
./../Libraries/EMlib/debug/libEMLib_efm32_debug.a(em_emu.o)
                              ./../Libraries/EMlib/debug/libEMLib_efm32_debug.a(em_cmu.o) (EMU_UpdateOscConfig)
./../Libraries/EMlib/debug/libEMLib_efm32_debug.a(em_gpio.o)
                              ./../Platform/BSP/debug/libBSP_efm32_debug.a(BSP_Board.o) (GPIO_DriveModeSet)
./../Libraries/EMlib/debug/libEMLib_efm32_debug.a(em_int.o)
                              /Users/user/Documents/devel/beeinformed_edge_fw/debug/objects/./../Libraries/EMlib/3rd-party/EMLib/usb/src/em_usbdint.o (INT_LockCnt)
./../Libraries/EMlib/debug/libEMLib_efm32_debug.a(em_i2c.o)
                              ./../Platform/BSP/debug/libBSP_efm32_debug.a(BSP_SensorNode.o) (I2C_Enable)
[...]
Memory Configuration

Name             Origin             Length             Attributes
FLASH            0x0000000000010000 0x00000000000f0000 xr
RAM              0x0000000020000000 0x0000000000020000 xrw
*default*        0x0000000000000000 0xffffffffffffffff

Linker script and memory map

LOAD /Applications/XDK.app/Contents/Eclipse/armGCC/bin/../lib/gcc/arm-none-eabi/4.7.4/armv7-m/crti.o
LOAD /Applications/XDK.app/Contents/Eclipse/armGCC/bin/../lib/gcc/arm-none-eabi/4.7.4/armv7-m/crtbegin.o
LOAD /Applications/XDK.app/Contents/Eclipse/armGCC/bin/../lib/gcc/arm-none-eabi/4.7.4/../../../../arm-none-eabi/lib/armv7-m/crt0.o
LOAD /Users/user/Documents/devel/beeinformed_edge_fw/debug/objects/source/Assert.o
LOAD /Users/user/Documents/devel/beeinformed_edge_fw/debug/objects/source/RetargetStdio.o
LOAD /Users/user/Documents/devel/beeinformed_edge_fw/debug/objects/source/SensorHandle.o
LOAD /Users/user/Documents/devel/beeinformed_edge_fw/debug/objects/source/SystemStartup.o
LOAD /Users/user/Documents/devel/beeinformed_edge_fw/debug/objects/source/UsbResetUtility.o
LOAD /Users/user/Documents/devel/beeinformed_edge_fw/debug/objects/source/XdkVersion.o
LOAD /Users/user/Documents/devel/beeinformed_edge_fw/debug/objects/./../Libraries/EMlib/3rd-party/EMLib/usb/src/em_usbdint.o
LOAD /Users/user/Documents/devel/beeinformed_edge_fw/debug/objects/main.o
LOAD /Users/user/Documents/devel/beeinformed_edge_fw/debug/objects/app_ble.o
LOAD /Users/user/Documents/devel/beeinformed_edge_fw/debug/objects/beeinformed.o
LOAD /Users/user/Documents/devel/beeinformed_edge_fw/debug/objects/edge_sensors.o
LOAD /Users/user/Documents/devel/beeinformed_edge_fw/debug/objects/edge_audio_acq.o
LOAD /Users/user/Documents/devel/beeinformed_edge_fw/debug/objects/startup_efm32gg.o
START GROUP
LOAD ./../Platform/SensorUtils/debug/libSensorUtils_efm32_debug.a
LOAD ./../Platform/Sensors/debug/libSensors_efm32_debug.a
LOAD ./../Platform/BSP/debug/libBSP_efm32_debug.a
LOAD ./../Libraries/FreeRTOS/debug/libFreeRTOS_efm32_debug.a
LOAD ./../Libraries/EMlib/debug/libEMLib_efm32_debug.a
LOAD ./../Libraries/BSTLib/debug/libBSTLib_efm32_debug.a
LOAD ./../Libraries/WiFi/debug/libWiFi_efm32_debug.a
LOAD ./../Libraries/FATfs/debug/libFATfs_efm32_debug.a
LOAD ./../Libraries/BLEStack/3rd-party/Alpwise/ALPW-BLESDKCM3/BLESW_CoreStack/Libraries/BLESW_CoreStack_CM3.a
LOAD ./../Libraries/BLEStack/3rd-party/Alpwise/ALPW-BLESDKCM3/BLESW_ALPWDataExchange/Libraries/BLESW_ALPWDEP_Server_CM3.a
LOAD ./../Libraries/BLEStack/3rd-party/Alpwise/ALPW-BLESDKCM3/BLESW_CoreStack/Libraries/BLESW_ALPWDES_CM3.a
LOAD ./../Libraries/BLEStack/3rd-party/Alpwise/ALPW-BLESDKCM3/BLESW_AlertNotification/Libraries/BLESW_ANP_Server_CM3.a
LOAD ./../Libraries/BLEStack/3rd-party/Alpwise/ALPW-BLESDKCM3/BLESW_CoreStack/Libraries/BLESW_ANS_CM3.a
LOAD ./../Libraries/BLEStack/3rd-party/Alpwise/ALPW-BLESDKCM3/BLESW_BloodPressure/Libraries/BLESW_BLP_Sensor_CM3.a
LOAD ./../Libraries/BLEStack/3rd-party/Alpwise/ALPW-BLESDKCM3/BLESW_CoreStack/Libraries/BLESW_BLS_CM3.a
LOAD ./../Libraries/BLEStack/3rd-party/Alpwise/ALPW-BLESDKCM3/BLESW_CyclingPower/Libraries/BLESW_CPP_Sensor_CM3.a
LOAD ./../Libraries/BLEStack/3rd-party/Alpwise/ALPW-BLESDKCM3/BLESW_CoreStack/Libraries/BLESW_CPS_CM3.a
LOAD ./../Libraries/BLEStack/3rd-party/Alpwise/ALPW-BLESDKCM3/BLESW_CyclingSpeedAndCadence/Libraries/BLESW_CSCP_Sensor_CM3.a
LOAD ./../Libraries/BLEStack/3rd-party/Alpwise/ALPW-BLESDKCM3/BLESW_CoreStack/Libraries/BLESW_CSCS_CM3.a
LOAD ./../Libraries/BLEStack/3rd-party/Alpwise/ALPW-BLESDKCM3/BLESW_Glucose/Libraries/BLESW_GLP_Sensor_CM3.a
LOAD ./../Libraries/BLEStack/3rd-party/Alpwise/ALPW-BLESDKCM3/BLESW_CoreStack/Libraries/BLESW_GLS_CM3.a
LOAD ./../Libraries/BLEStack/3rd-party/Alpwise/ALPW-BLESDKCM3/BLESW_HealthThermometer/Libraries/BLESW_HTP_Thermometer_CM3.a
LOAD ./../Libraries/BLEStack/3rd-party/Alpwise/ALPW-BLESDKCM3/BLESW_CoreStack/Libraries/BLESW_HTS_CM3.a
LOAD ./../Libraries/BLEStack/3rd-party/Alpwise/ALPW-BLESDKCM3/BLESW_HeartRate/Libraries/BLESW_HRP_Sensor_CM3.a
LOAD ./../Libraries/BLEStack/3rd-party/Alpwise/ALPW-BLESDKCM3/BLESW_CoreStack/Libraries/BLESW_HRS_CM3.a
LOAD ./../Libraries/BLEStack/3rd-party/Alpwise/ALPW-BLESDKCM3/BLESW_HumanInterfaceDevice/Libraries/BLESW_HID_Host_CM3.a
LOAD ./../Libraries/BLEStack/3rd-party/Alpwise/ALPW-BLESDKCM3/BLESW_CoreStack/Libraries/BLESW_HIDS_CM3.a
LOAD ./../Libraries/BLEStack/3rd-party/Alpwise/ALPW-BLESDKCM3/BLESW_LocationAndNavigation/Libraries/BLESW_LNP_Sensor_CM3.a
LOAD ./../Libraries/BLEStack/3rd-party/Alpwise/ALPW-BLESDKCM3/BLESW_CoreStack/Libraries/BLESW_LNS_CM3.a
LOAD ./../Libraries/BLEStack/3rd-party/Alpwise/ALPW-BLESDKCM3/BLESW_NetworkAvailability/Libraries/BLESW_NWAP_Reporter_CM3.a
LOAD ./../Libraries/BLEStack/3rd-party/Alpwise/ALPW-BLESDKCM3/BLESW_CoreStack/Libraries/BLESW_NWAS_CM3.a
LOAD ./../Libraries/BLEStack/3rd-party/Alpwise/ALPW-BLESDKCM3/BLESW_PhoneAlertStatus/Libraries/BLESW_PASP_Server_CM3.a
LOAD ./../Libraries/BLEStack/3rd-party/Alpwise/ALPW-BLESDKCM3/BLESW_CoreStack/Libraries/BLESW_PASS_CM3.a
LOAD ./../Libraries/BLEStack/3rd-party/Alpwise/ALPW-BLESDKCM3/BLESW_RunningSpeedAndCadence/Libraries/BLESW_RSCP_Sensor_CM3.a
LOAD ./../Libraries/BLEStack/3rd-party/Alpwise/ALPW-BLESDKCM3/BLESW_CoreStack/Libraries/BLESW_RSCS_CM3.a
LOAD ./../Libraries/EMlib/3rd-party/EMLib/CMSIS/Lib/GCC/libarm_cortexM3l_math.a
LOAD ./../Libraries/BSXlite/3rd-party/bsxlite/lib/libalgobsx.a
LOAD ./../Platform/Essentials/release/libEssentials_efm32.a
LOAD ./../Platform/Utils/release/libUtils_efm32.a
LOAD ./../Platform/Drivers/release/libDrivers_efm32.a
LOAD ./../Platform/FOTA/release/libFOTA_efm32.a
LOAD ./../Platform/Wlan/release/libWlan_efm32.a
LOAD ./../Platform/BLE/release/libBLE_efm32.a
LOAD ./../Libraries/Escrypt_CycurTLS/release/libEscrypt_CycurTLS_efm32.a
LOAD ./../Platform/ServalPAL_WiFi/release/libServalPalWifi_efm32.a
LOAD ./../Platform/SensorToolbox/release/libSensorToolbox_efm32.a
END GROUP
START GROUP
LOAD /Applications/XDK.app/Contents/Eclipse/armGCC/bin/../lib/gcc/arm-none-eabi/4.7.4/armv7-m/libgcc.a
LOAD /Applications/XDK.app/Contents/Eclipse/armGCC/bin/../lib/gcc/arm-none-eabi/4.7.4/../../../../arm-none-eabi/lib/armv7-m/libc.a
LOAD /Applications/XDK.app/Contents/Eclipse/armGCC/bin/../lib/gcc/arm-none-eabi/4.7.4/../../../../arm-none-eabi/lib/armv7-m/libm.a
END GROUP
START GROUP
LOAD /Applications/XDK.app/Contents/Eclipse/armGCC/bin/../lib/gcc/arm-none-eabi/4.7.4/armv7-m/libgcc.a
LOAD /Applications/XDK.app/Contents/Eclipse/armGCC/bin/../lib/gcc/arm-none-eabi/4.7.4/../../../../arm-none-eabi/lib/armv7-m/libc.a
END GROUP
LOAD /Applications/XDK.app/Contents/Eclipse/armGCC/bin/../lib/gcc/arm-none-eabi/4.7.4/armv7-m/crtend.o
LOAD /Applications/XDK.app/Contents/Eclipse/armGCC/bin/../lib/gcc/arm-none-eabi/4.7.4/armv7-m/crtn.o

.text           0x0000000000010000    0x25274
 *(.isr_vector)
 .isr_vector    0x0000000000010000      0x100 /Users/user/Documents/devel/beeinformed_edge_fw/debug/objects/startup_efm32gg.o
                0x0000000000010000                __isr_vector
 *(.text*)
 .text          0x0000000000010100       0x54 /Applications/XDK.app/Contents/Eclipse/armGCC/bin/../lib/gcc/arm-none-eabi/4.7.4/armv7-m/crtbegin.o
 .text          0x0000000000010154       0x70 /Applications/XDK.app/Contents/Eclipse/armGCC/bin/../lib/gcc/arm-none-eabi/4.7.4/../../../../arm-none-eabi/lib/armv7-m/crt0.o
                0x0000000000010154                _mainCRTStartup
                0x0000000000010154                _start
                0x0000000000010154                start
 .text.Assert_initialize
                0x00000000000101c4       0x40 /Users/user/Documents/devel/beeinformed_edge_fw/debug/objects/source/Assert.o
                0x00000000000101c4                Assert_initialize
 .text.Assert_dynamic
                0x0000000000010204       0x2c /Users/user/Documents/devel/beeinformed_edge_fw/debug/objects/source/Assert.o
                0x0000000000010204                Assert_dynamic
 .text._close   0x0000000000010230       0x18 /Users/user/Documents/devel/beeinformed_edge_fw/debug/objects/source/RetargetStdio.o
                0x0000000000010230                _close
 .text._exit    0x0000000000010248        0xc /Users/user/Documents/devel/beeinformed_edge_fw/debug/objects/source/RetargetStdio.o
                0x0000000000010248                _exit
 .text._fstat   0x0000000000010254       0x24 /Users/user/Documents/devel/beeinformed_edge_fw/debug/objects/source/RetargetStdio.o
                0x0000000000010254                _fstat
 .text._isatty  0x0000000000010278       0x18 /Users/user/Documents/devel/beeinformed_edge_fw/debug/objects/source/RetargetStdio.o
                0x0000000000010278                _isatty
 .text._lseek   0x0000000000010290       0x1c /Users/user/Documents/devel/beeinformed_edge_fw/debug/objects/source/RetargetStdio.o
                0x0000000000010290                _lseek
 .text._read    0x00000000000102ac       0x70 /Users/user/Documents/devel/beeinformed_edge_fw/debug/objects/source/RetargetStdio.o
                0x00000000000102ac                _read
 .text._sbrk    0x000000000001031c       0xa0 /Users/user/Documents/devel/beeinformed_edge_fw/debug/objects/source/RetargetStdio.o
                0x000000000001031c                _sbrk
 .text._write   0x00000000000103bc       0x20 /Users/user/Documents/devel/beeinformed_edge_fw/debug/objects/source/RetargetStdio.o
                0x00000000000103bc                _write
 .text.Retcode_getPackage
                0x00000000000103dc       0x1c /Users/user/Documents/devel/beeinformed_edge_fw/debug/objects/source/SystemStartup.o
 .text.Retcode_GetModuleId
                0x00000000000103f8       0x1c /Users/user/Documents/devel/beeinformed_edge_fw/debug/objects/source/SystemStartup.o
 .text.Retcode_getSeverity
                0x0000000000010414       0x24 /Users/user/Documents/devel/beeinformed_edge_fw/debug/objects/source/SystemStartup.o
 .text.Retcode_getCode
                0x0000000000010438       0x20 /Users/user/Documents/devel/beeinformed_edge_fw/debug/objects/source/SystemStartup.o
 .text.bleGetMacAddress
                0x0000000000010458       0xec /Users/user/Documents/devel/beeinformed_edge_fw/debug/objects/source/SystemStartup.o
 .text.SysTickPreCallback
                0x0000000000010544       0x14 /Users/user/Documents/devel/beeinformed_edge_fw/debug/objects/source/SystemStartup.o
 .text.DefaultErrorHandlingFunc
                0x0000000000010558       0xe8 /Users/user/Documents/devel/beeinformed_edge_fw/debug/objects/source/SystemStartup.o
                0x0000000000010558                DefaultErrorHandlingFunc
 .text.assertIndicationMapping
                0x0000000000010640       0x44 /Users/user/Documents/devel/beeinformed_edge_fw/debug/objects/source/SystemStartup.o
                0x0000000000010640                assertIndicationMapping
 .text.systemStartup
                0x0000000000010684      0x154 /Users/user/Documents/devel/beeinformed_edge_fw/debug/objects/source/SystemStartup.o
                0x0000000000010684                systemStartup
 .text.vApplicationStackOverflowHook
                0x00000000000107d8       0x5c /Users/user/Documents/devel/beeinformed_edge_fw/debug/objects/source/SystemStartup.o
                0x00000000000107d8                vApplicationStackOverflowHook
 .text.NVIC_SystemReset
                0x0000000000010834       0x30 /Users/user/Documents/devel/beeinformed_edge_fw/debug/objects/source/UsbResetUtility.o
 .text.UsbResetUtility_SystemReset
                0x0000000000010864       0x10 /Users/user/Documents/devel/beeinformed_edge_fw/debug/objects/source/UsbResetUtility.o
 .text.UsbResetUtility_InteruptHandling
                0x0000000000010874       0x54 /Users/user/Documents/devel/beeinformed_edge_fw/debug/objects/source/UsbResetUtility.o
 .text.UsbResetUtility_Init
                0x00000000000108c8       0x40 /Users/user/Documents/devel/beeinformed_edge_fw/debug/objects/source/UsbResetUtility.o
                0x00000000000108c8                UsbResetUtility_Init
 .text.UsbResetUtility_UsbISRCallback
                0x0000000000010908      0x138 /Users/user/Documents/devel/beeinformed_edge_fw/debug/objects/source/UsbResetUtility.o
                0x0000000000010908                UsbResetUtility_UsbISRCallback
 .text.INT_Disable
                0x0000000000010a40       0x40 /Users/user/Documents/devel/beeinformed_edge_fw/debug/objects/./../Libraries/EMlib/3rd-party/EMLib/usb/src/em_usbdint.o
 .text.INT_Enable
                0x0000000000010a80       0x54 /Users/user/Documents/devel/beeinformed_edge_fw/debug/objects/./../Libraries/EMlib/3rd-party/EMLib/usb/src/em_usbdint.o
 .text.USBHAL_FlushTxFifo
                0x0000000000010ad4       0x4c /Users/user/Documents/devel/beeinformed_edge_fw/debug/objects/./../Libraries/EMlib/3rd-party/EMLib/usb/src/em_usbdint.o
 .text.USBHAL_GetCoreInts
                0x0000000000010b20       0x40 /Users/user/Documents/devel/beeinformed_edge_fw/debug/objects/./../Libraries/EMlib/3rd-party/EMLib/usb/src/em_usbdint.o
 .text.USBDHAL_EnableInts
                0x0000000000010b60       0x70 /Users/user/Documents/devel/beeinformed_edge_fw/debug/objects/./../Libraries/EMlib/3rd-party/EMLib/usb/src/em_usbdint.o
 .text.USBDHAL_Ep0Activate
                0x0000000000010bd0       0x70 /Users/user/Documents/devel/beeinformed_edge_fw/debug/objects/./../Libraries/EMlib/3rd-party/EMLib/usb/src/em_usbdint.o
 .text.USBDHAL_GetAllInEpInts
                0x0000000000010c40       0x48 /Users/user/Documents/devel/beeinformed_edge_fw/debug/objects/./../Libraries/EMlib/3rd-party/EMLib/usb/src/em_usbdint.o
 .text.USBDHAL_GetAllOutEpInts
                0x0000000000010c88       0x44 /Users/user/Documents/devel/beeinformed_edge_fw/debug/objects/./../Libraries/EMlib/3rd-party/EMLib/usb/src/em_usbdint.o
 .text.USBDHAL_GetInEpInts
                0x0000000000010ccc       0x44 /Users/user/Documents/devel/beeinformed_edge_fw/debug/objects/./../Libraries/EMlib/3rd-party/EMLib/usb/src/em_usbdint.o
 .text.USBDHAL_GetOutEpInts
                0x0000000000010d10       0x44 /Users/user/Documents/devel/beeinformed_edge_fw/debug/objects/./../Libraries/EMlib/3rd-party/EMLib/usb/src/em_usbdint.o
 .text.USBDHAL_StartEp0Setup
                0x0000000000010d54       0x88 /Users/user/Documents/devel/beeinformed_edge_fw/debug/objects/./../Libraries/EMlib/3rd-party/EMLib/usb/src/em_usbdint.o
 .text.USBD_GetEpFromAddr
                0x0000000000010ddc       0xa0 /Users/user/Documents/devel/beeinformed_edge_fw/debug/objects/./../Libraries/EMlib/3rd-party/EMLib/usb/src/em_usbdint.o
 .text.USB_IRQHandler
                0x0000000000010e7c      0x16c /Users/user/Documents/devel/beeinformed_edge_fw/debug/objects/./../Libraries/EMlib/3rd-party/EMLib/usb/src/em_usbdint.o
                0x0000000000010e7c                USB_IRQHandler
 .text.Handle_USB_GINTSTS_ENUMDONE
                0x0000000000010fe8       0x3c /Users/user/Documents/devel/beeinformed_edge_fw/debug/objects/./../Libraries/EMlib/3rd-party/EMLib/usb/src/em_usbdint.o
 .text.Handle_USB_GINTSTS_IEPINT
                0x0000000000011024      0x118 /Users/user/Documents/devel/beeinformed_edge_fw/debug/objects/./../Libraries/EMlib/3rd-party/EMLib/usb/src/em_usbdint.o
 .text.Handle_USB_GINTSTS_OEPINT
                0x000000000001113c      0x230 /Users/user/Documents/devel/beeinformed_edge_fw/debug/objects/./../Libraries/EMlib/3rd-party/EMLib/usb/src/em_usbdint.o
 .text.Handle_USB_GINTSTS_RESETDET
                0x000000000001136c       0x40 /Users/user/Documents/devel/beeinformed_edge_fw/debug/objects/./../Libraries/EMlib/3rd-party/EMLib/usb/src/em_usbdint.o
 .text.Handle_USB_GINTSTS_SOF
                0x00000000000113ac       0x64 /Users/user/Documents/devel/beeinformed_edge_fw/debug/objects/./../Libraries/EMlib/3rd-party/EMLib/usb/src/em_usbdint.o
 .text.Handle_USB_GINTSTS_USBRST
                0x0000000000011410      0x150 /Users/user/Documents/devel/beeinformed_edge_fw/debug/objects/./../Libraries/EMlib/3rd-party/EMLib/usb/src/em_usbdint.o
 .text.Handle_USB_GINTSTS_USBSUSP
                0x0000000000011560       0x68 /Users/user/Documents/devel/beeinformed_edge_fw/debug/objects/./../Libraries/EMlib/3rd-party/EMLib/usb/src/em_usbdint.o
 .text.Handle_USB_GINTSTS_WKUPINT
                0x00000000000115c8       0x30 /Users/user/Documents/devel/beeinformed_edge_fw/debug/objects/./../Libraries/EMlib/3rd-party/EMLib/usb/src/em_usbdint.o
 .text.main     0x00000000000115f8       0xa8 /Users/user/Documents/devel/beeinformed_edge_fw/debug/objects/main.o
                0x00000000000115f8                main
 .text.ble_notify_cb
                0x00000000000116a0       0xbc /Users/user/Documents/devel/beeinformed_edge_fw/debug/objects/app_ble.o
 .text.ble_recv_timeout_cb
                0x000000000001175c       0x24 /Users/user/Documents/devel/beeinformed_edge_fw/debug/objects/app_ble.o
 .text.ble_data_rx_cb
                0x0000000000011780       0x78 /Users/user/Documents/devel/beeinformed_edge_fw/debug/objects/app_ble.o
 .text.ble_data_tx_cb
                0x00000000000117f8      0x150 /Users/user/Documents/devel/beeinformed_edge_fw/debug/objects/app_ble.o
 .text.ble_app_service_register_cb
                0x0000000000011948       0x24 /Users/user/Documents/devel/beeinformed_edge_fw/debug/objects/app_ble.o
 .text.ble_send_packet
                0x000000000001196c      0x1cc /Users/user/Documents/devel/beeinformed_edge_fw/debug/objects/app_ble.o
 .text.ble_on_sensor_acquired
                0x0000000000011b38       0x38 /Users/user/Documents/devel/beeinformed_edge_fw/debug/objects/app_ble.o
 .text.ble_on_audio_acquired
                0x0000000000011b70       0x3c /Users/user/Documents/devel/beeinformed_edge_fw/debug/objects/app_ble.o
 .text.handle_sensors
                0x0000000000011bac       0x2c /Users/user/Documents/devel/beeinformed_edge_fw/debug/objects/app_ble.o
 .text.handle_audio
                0x0000000000011bd8       0x30 /Users/user/Documents/devel/beeinformed_edge_fw/debug/objects/app_ble.o
 .text.ble_cmd_handler
                0x0000000000011c08       0x70 /Users/user/Documents/devel/beeinformed_edge_fw/debug/objects/app_ble.o
 .text.ble_app_task
                0x0000000000011c78       0xf0 /Users/user/Documents/devel/beeinformed_edge_fw/debug/objects/app_ble.o
 .text.app_ble_init
                0x0000000000011d68      0x1d0 /Users/user/Documents/devel/beeinformed_edge_fw/debug/objects/app_ble.o
                0x0000000000011d68                app_ble_init
 .text.appInitSystem
                0x0000000000011f38       0x38 /Users/user/Documents/devel/beeinformed_edge_fw/debug/objects/beeinformed.o
                0x0000000000011f38                appInitSystem
 .text.sensors_hw_init
                0x0000000000011f70       0xb8 /Users/user/Documents/devel/beeinformed_edge_fw/debug/objects/edge_sensors.o
 .text.sensors_task
                0x0000000000012028      0x27c /Users/user/Documents/devel/beeinformed_edge_fw/debug/objects/edge_sensors.o
 .text.sensor_app_start
                0x00000000000122a4       0x5c /Users/user/Documents/devel/beeinformed_edge_fw/debug/objects/edge_sensors.o
                0x00000000000122a4                sensor_app_start
 .text.sensor_trigger_reading
                0x0000000000012300       0x9c /Users/user/Documents/devel/beeinformed_edge_fw/debug/objects/edge_sensors.o
                0x0000000000012300                sensor_trigger_reading
 .text.NVIC_EnableIRQ
                0x000000000001239c       0x38 /Users/user/Documents/devel/beeinformed_edge_fw/debug/objects/edge_audio_acq.o
 .text.NVIC_DisableIRQ
                0x00000000000123d4       0x3c /Users/user/Documents/devel/beeinformed_edge_fw/debug/objects/edge_audio_acq.o
 .text.NVIC_SetPriority
                0x0000000000012410       0x5c /Users/user/Documents/devel/beeinformed_edge_fw/debug/objects/edge_audio_acq.o
 .text.ADC_DataSingleGet
                0x000000000001246c       0x18 /Users/user/Documents/devel/beeinformed_edge_fw/debug/objects/edge_audio_acq.o
 .text.ADC_IntClear
                0x0000000000012484       0x1c /Users/user/Documents/devel/beeinformed_edge_fw/debug/objects/edge_audio_acq.o
 .text.ADC_IntDisable
                0x00000000000124a0       0x24 /Users/user/Documents/devel/beeinformed_edge_fw/debug/objects/edge_audio_acq.o
 .text.ADC_IntEnable
                0x00000000000124c4       0x20 /Users/user/Documents/devel/beeinformed_edge_fw/debug/objects/edge_audio_acq.o
 .text.TIMER_Enable
                0x00000000000124e4       0x64 /Users/user/Documents/devel/beeinformed_edge_fw/debug/objects/edge_audio_acq.o
 .text.TIMER_TopSet
                0x0000000000012548       0x1c /Users/user/Documents/devel/beeinformed_edge_fw/debug/objects/edge_audio_acq.o
 .text.ADC0_IRQHandler
                0x0000000000012564       0xc8 /Users/user/Documents/devel/beeinformed_edge_fw/debug/objects/edge_audio_acq.o
                0x0000000000012564                ADC0_IRQHandler
 .text.audio_start_capture
                0x000000000001262c       0x74 /Users/user/Documents/devel/beeinformed_edge_fw/debug/objects/edge_audio_acq.o
 .text.audio_init_timer
                0x00000000000126a0       0xb0 /Users/user/Documents/devel/beeinformed_edge_fw/debug/objects/edge_audio_acq.o
 .text.audio_init_adc
                0x0000000000012750      0x12c /Users/user/Documents/devel/beeinformed_edge_fw/debug/objects/edge_audio_acq.o
 .text.audio_hw_init
                0x000000000001287c       0x24 /Users/user/Documents/devel/beeinformed_edge_fw/debug/objects/edge_audio_acq.o
 .text.audio_task
                0x00000000000128a0      0x21c /Users/user/Documents/devel/beeinformed_edge_fw/debug/objects/edge_audio_acq.o
 .text.audio_app_init
                0x0000000000012abc       0x5c /Users/user/Documents/devel/beeinformed_edge_fw/debug/objects/edge_audio_acq.o
                0x0000000000012abc                audio_app_init
 .text.audio_start_record
                0x0000000000012b18       0xac /Users/user/Documents/devel/beeinformed_edge_fw/debug/objects/edge_audio_acq.o
                0x0000000000012b18                audio_start_record
 .text          0x0000000000012bc4       0x98 /Users/user/Documents/devel/beeinformed_edge_fw/debug/objects/startup_efm32gg.o
                0x0000000000012bc4                Reset_Handler
                0x0000000000012bf8                Default_Handler
                0x0000000000012bfa                NMI_Handler
                0x0000000000012bfc                HardFault_Handler
                0x0000000000012bfe                MemManage_Handler
                0x0000000000012c00                BusFault_Handler
                0x0000000000012c02                UsageFault_Handler
                0x0000000000012c06                DebugMon_Handler
                0x0000000000012c10                TIMER0_IRQHandler
                0x0000000000012c16                ACMP0_IRQHandler
                0x0000000000012c1c                DAC0_IRQHandler
                0x0000000000012c20                I2C1_IRQHandler
                0x0000000000012c24                TIMER1_IRQHandler
                0x0000000000012c26                TIMER2_IRQHandler
                0x0000000000012c28                TIMER3_IRQHandler
                0x0000000000012c2e                LESENSE_IRQHandler
                0x0000000000012c30                USART2_RX_IRQHandler
                0x0000000000012c32                USART2_TX_IRQHandler
                0x0000000000012c38                UART1_RX_IRQHandler
                0x0000000000012c3a                UART1_TX_IRQHandler
                0x0000000000012c3c                LEUART0_IRQHandler
                0x0000000000012c3e                LEUART1_IRQHandler
                0x0000000000012c40                LETIMER0_IRQHandler
                0x0000000000012c42                PCNT0_IRQHandler
                0x0000000000012c44                PCNT1_IRQHandler
                0x0000000000012c46                PCNT2_IRQHandler
                0x0000000000012c48                RTC_IRQHandler
                0x0000000000012c4a                BURTC_IRQHandler
                0x0000000000012c4c                CMU_IRQHandler
                0x0000000000012c4e                VCMP_IRQHandler
                0x0000000000012c50                LCD_IRQHandler
                0x0000000000012c52                MSC_IRQHandler
                0x0000000000012c54                AES_IRQHandler
                0x0000000000012c56                EBI_IRQHandler
                0x0000000000012c58                EMU_IRQHandler
 .text.Retcode_getPackage
                0x0000000000012c5c       0x1c ./../Platform/Sensors/debug/libSensors_efm32_debug.a(Environmental.o)
 .text.bme280LibErrorMapping
                0x0000000000012c78       0x48 ./../Platform/Sensors/debug/libSensors_efm32_debug.a(Environmental.o)
 .text.Environmental_init
                0x0000000000012cc0       0x9c ./../Platform/Sensors/debug/libSensors_efm32_debug.a(Environmental.o)
                0x0000000000012cc0                Environmental_init
 .text.Environmental_setPowerMode
                0x0000000000012d5c       0xbc ./../Platform/Sensors/debug/libSensors_efm32_debug.a(Environmental.o)
                0x0000000000012d5c                Environmental_setPowerMode
 .text.Environmental_readTemperatureLSB
                0x0000000000012e18       0x94 ./../Platform/Sensors/debug/libSensors_efm32_debug.a(Environmental.o)
                0x0000000000012e18                Environmental_readTemperatureLSB
 .text.Environmental_readPressureLSB
                0x0000000000012eac       0x94 ./../Platform/Sensors/debug/libSensors_efm32_debug.a(Environmental.o)
                0x0000000000012eac                Environmental_readPressureLSB
 .text.Environmental_readHumidityLSB
                0x0000000000012f40       0x94 ./../Platform/Sensors/debug/libSensors_efm32_debug.a(Environmental.o)
                0x0000000000012f40                Environmental_readHumidityLSB
 .text.Environmental_readTemperature
                0x0000000000012fd4       0x6c ./../Platform/Sensors/debug/libSensors_efm32_debug.a(Environmental.o)
                0x0000000000012fd4                Environmental_readTemperature
 .text.Environmental_readPressure
                0x0000000000013040       0x54 ./../Platform/Sensors/debug/libSensors_efm32_debug.a(Environmental.o)
                0x0000000000013040                Environmental_readPressure
 .text.Environmental_readHumidity
                0x0000000000013094       0x60 ./../Platform/Sensors/debug/libSensors_efm32_debug.a(Environmental.o)
                0x0000000000013094                Environmental_readHumidity
 .text.Retcode_getPackage
                0x00000000000130f4       0x1c ./../Platform/Sensors/debug/libSensors_efm32_debug.a(LightSensor.o)
 .text.maxIsrCallback
                0x0000000000013110       0xbc ./../Platform/Sensors/debug/libSensors_efm32_debug.a(LightSensor.o)
 .text.LightSensor_init
                0x00000000000131cc       0xb8 ./../Platform/Sensors/debug/libSensors_efm32_debug.a(LightSensor.o)
                0x00000000000131cc                LightSensor_init
 .text.LightSensor_setContinuousMode
                0x0000000000013284       0xa4 ./../Platform/Sensors/debug/libSensors_efm32_debug.a(LightSensor.o)
                0x0000000000013284                LightSensor_setContinuousMode
 .text.LightSensor_readLuxData
                0x0000000000013328       0xac ./../Platform/Sensors/debug/libSensors_efm32_debug.a(LightSensor.o)
                0x0000000000013328                LightSensor_readLuxData
 .text.NVIC_SetPriorityGrouping
                0x00000000000133d4       0x50 ./../Platform/BSP/debug/libBSP_efm32_debug.a(BSP_Board.o)
 .text.NVIC_DisableIRQ
                0x0000000000013424       0x3c ./../Platform/BSP/debug/libBSP_efm32_debug.a(BSP_Board.o)
 .text.NVIC_ClearPendingIRQ
                0x0000000000013460       0x3c ./../Platform/BSP/debug/libBSP_efm32_debug.a(BSP_Board.o)
 .text.NVIC_SetPriority
                0x000000000001349c       0x5c ./../Platform/BSP/debug/libBSP_efm32_debug.a(BSP_Board.o)
 .text.SysTick_Config
                0x00000000000134f8       0x64 ./../Platform/BSP/debug/libBSP_efm32_debug.a(BSP_Board.o)
 .text.CHIP_Init
                0x000000000001355c       0x50 ./../Platform/BSP/debug/libBSP_efm32_debug.a(BSP_Board.o)
 .text.GPIO_PinOutClear
                0x00000000000135ac       0x4c ./../Platform/BSP/debug/libBSP_efm32_debug.a(BSP_Board.o)
 .text.INT_Disable
                0x00000000000135f8       0x40 ./../Platform/BSP/debug/libBSP_efm32_debug.a(BSP_Board.o)
 .text.INT_Enable
                0x0000000000013638       0x54 ./../Platform/BSP/debug/libBSP_efm32_debug.a(BSP_Board.o)
 .text.BSP_Board_OSTickInitialize
                0x000000000001368c       0x2c ./../Platform/BSP/debug/libBSP_efm32_debug.a(BSP_Board.o)
                0x000000000001368c                BSP_Board_OSTickInitialize
 .text.BSP_Board_Initialize
                0x00000000000136b8      0x150 ./../Platform/BSP/debug/libBSP_efm32_debug.a(BSP_Board.o)
                0x00000000000136b8                BSP_Board_Initialize
 .text.BSP_Board_Delay
                0x0000000000013808       0x30 ./../Platform/BSP/debug/libBSP_efm32_debug.a(BSP_Board.o)
                0x0000000000013808                BSP_Board_Delay
 .text.BSP_Board_SetOStoBSPDelayFunc
                0x0000000000013838       0x20 ./../Platform/BSP/debug/libBSP_efm32_debug.a(BSP_Board.o)
                0x0000000000013838                BSP_Board_SetOStoBSPDelayFunc
 .text.Board_GPIOInterruptInit
                0x0000000000013858       0x30 ./../Platform/BSP/debug/libBSP_efm32_debug.a(BSP_Board.o)
                0x0000000000013858                Board_GPIOInterruptInit
 .text.Board_GPIOInterruptGetCallback
                0x0000000000013888       0x24 ./../Platform/BSP/debug/libBSP_efm32_debug.a(BSP_Board.o)
                0x0000000000013888                Board_GPIOInterruptGetCallback
 .text.Board_GPIOInterruptRegisterCallback
                0x00000000000138ac       0x38 ./../Platform/BSP/debug/libBSP_efm32_debug.a(BSP_Board.o)
                0x00000000000138ac                Board_GPIOInterruptRegisterCallback
 .text.Board_GPIOInterruptDispatch
                0x00000000000138e4       0x64 ./../Platform/BSP/debug/libBSP_efm32_debug.a(BSP_Board.o)
                0x00000000000138e4                Board_GPIOInterruptDispatch
 .text.Board_UART0_UART_Init
                0x0000000000013948       0xcc ./../Platform/BSP/debug/libBSP_efm32_debug.a(BSP_Board.o)
                0x0000000000013948                Board_UART0_UART_Init
 .text.Board_UART1_UART_Init
                0x0000000000013a14       0xcc ./../Platform/BSP/debug/libBSP_efm32_debug.a(BSP_Board.o)
                0x0000000000013a14                Board_UART1_UART_Init
 .text.Board_USART0_SPI_Init
                0x0000000000013ae0       0xa8 ./../Platform/BSP/debug/libBSP_efm32_debug.a(BSP_Board.o)
                0x0000000000013ae0                Board_USART0_SPI_Init
 .text.Board_USART1_SPI_Init
                0x0000000000013b88       0x8c ./../Platform/BSP/debug/libBSP_efm32_debug.a(BSP_Board.o)
                0x0000000000013b88                Board_USART1_SPI_Init
 .text.Board_GPIO_Init
                0x0000000000013c14       0x6c ./../Platform/BSP/debug/libBSP_efm32_debug.a(BSP_Board.o)
                0x0000000000013c14                Board_GPIO_Init
 .text.Board_WakeupPowerSupply2V5
                0x0000000000013c80       0x50 ./../Platform/BSP/debug/libBSP_efm32_debug.a(BSP_Board.o)
                0x0000000000013c80                Board_WakeupPowerSupply2V5
 .text.PowerSupply2V5UpdateRegister
                0x0000000000013cd0      0x268 ./../Platform/BSP/debug/libBSP_efm32_debug.a(BSP_Board.o)
                0x0000000000013cd0                PowerSupply2V5UpdateRegister
 .text.Board_ADC_Init
                0x0000000000013f38       0x78 ./../Platform/BSP/debug/libBSP_efm32_debug.a(BSP_Board.o)
                0x0000000000013f38                Board_ADC_Init
 .text.Board_I2C0_Init
                0x0000000000013fb0       0x54 ./../Platform/BSP/debug/libBSP_efm32_debug.a(BSP_Board.o)
                0x0000000000013fb0                Board_I2C0_Init
 .text.Board_I2C1_Init
                0x0000000000014004       0x54 ./../Platform/BSP/debug/libBSP_efm32_debug.a(BSP_Board.o)
                0x0000000000014004                Board_I2C1_Init
 .text.Board_USB_Init
                0x0000000000014058       0x70 ./../Platform/BSP/debug/libBSP_efm32_debug.a(BSP_Board.o)
                0x0000000000014058                Board_USB_Init
 .text.Board_IncTick
                0x00000000000140c8       0x24 ./../Platform/BSP/debug/libBSP_efm32_debug.a(BSP_Board.o)
                0x00000000000140c8                Board_IncTick
 .text.Board_GetTick
                0x00000000000140ec       0x18 ./../Platform/BSP/debug/libBSP_efm32_debug.a(BSP_Board.o)
                0x00000000000140ec                Board_GetTick
 .text.Board_Delay
                0x0000000000014104       0x30 ./../Platform/BSP/debug/libBSP_efm32_debug.a(BSP_Board.o)
                0x0000000000014104                Board_Delay
 .text.Board_RTC_Init
                0x0000000000014134       0x28 ./../Platform/BSP/debug/libBSP_efm32_debug.a(BSP_Board.o)
                0x0000000000014134                Board_RTC_Init
 .text.Board_BURTC_Init
                0x000000000001415c       0x28 ./../Platform/BSP/debug/libBSP_efm32_debug.a(BSP_Board.o)
                0x000000000001415c                Board_BURTC_Init
 .text.BSP_Board_EnableSysTick
                0x0000000000014184       0x38 ./../Platform/BSP/debug/libBSP_efm32_debug.a(BSP_Board.o)
                0x0000000000014184                BSP_Board_EnableSysTick
 .text.NVIC_EnableIRQ
                0x00000000000141bc       0x38 ./../Platform/BSP/debug/libBSP_efm32_debug.a(BSP_DMA.o)
 .text.NVIC_ClearPendingIRQ
                0x00000000000141f4       0x3c ./../Platform/BSP/debug/libBSP_efm32_debug.a(BSP_DMA.o)
 .text.NVIC_SetPriority
                0x0000000000014230       0x5c ./../Platform/BSP/debug/libBSP_efm32_debug.a(BSP_DMA.o)
 .text.BSP_DMA_Initialize
                0x000000000001428c       0x88 ./../Platform/BSP/debug/libBSP_efm32_debug.a(BSP_DMA.o)
                0x000000000001428c                BSP_DMA_Initialize
 .text.BSP_DMA_Enable
                0x0000000000014314       0x54 ./../Platform/BSP/debug/libBSP_efm32_debug.a(BSP_DMA.o)
                0x0000000000014314                BSP_DMA_Enable
 .text.GPIO_IntClear
                0x0000000000014368       0x20 ./../Platform/BSP/debug/libBSP_efm32_debug.a(BSP_IrqHandler.o)
 .text.GPIO_IntGetEnabled
                0x0000000000014388       0x30 ./../Platform/BSP/debug/libBSP_efm32_debug.a(BSP_IrqHandler.o)
 .text.SysTick_Handler
                0x00000000000143b8       0x40 ./../Platform/BSP/debug/libBSP_efm32_debug.a(BSP_IrqHandler.o)
                0x00000000000143b8                SysTick_Handler
 .text.GPIO_EVEN_IRQHandler
                0x00000000000143f8       0x28 ./../Platform/BSP/debug/libBSP_efm32_debug.a(BSP_IrqHandler.o)
                0x00000000000143f8                GPIO_EVEN_IRQHandler
 .text.GPIO_ODD_IRQHandler
                0x0000000000014420       0x28 ./../Platform/BSP/debug/libBSP_efm32_debug.a(BSP_IrqHandler.o)
                0x0000000000014420                GPIO_ODD_IRQHandler
 .text.UART0_TX_IRQHandler
                0x0000000000014448        0xc ./../Platform/BSP/debug/libBSP_efm32_debug.a(BSP_IrqHandler.o)
                0x0000000000014448                UART0_TX_IRQHandler
 .text.UART0_RX_IRQHandler
                0x0000000000014454        0xc ./../Platform/BSP/debug/libBSP_efm32_debug.a(BSP_IrqHandler.o)
                0x0000000000014454                UART0_RX_IRQHandler
 .text.USART0_TX_IRQHandler
                0x0000000000014460        0xc ./../Platform/BSP/debug/libBSP_efm32_debug.a(BSP_IrqHandler.o)
                0x0000000000014460                USART0_TX_IRQHandler
 .text.USART0_RX_IRQHandler
                0x000000000001446c        0xc ./../Platform/BSP/debug/libBSP_efm32_debug.a(BSP_IrqHandler.o)
                0x000000000001446c                USART0_RX_IRQHandler
 .text.I2C0_IRQHandler
                0x0000000000014478        0xc ./../Platform/BSP/debug/libBSP_efm32_debug.a(BSP_IrqHandler.o)
                0x0000000000014478                I2C0_IRQHandler
 .text.USART1_TX_IRQHandler
                0x0000000000014484        0xc ./../Platform/BSP/debug/libBSP_efm32_debug.a(BSP_IrqHandler.o)
                0x0000000000014484                USART1_TX_IRQHandler
 .text.USART1_RX_IRQHandler
                0x0000000000014490        0xc ./../Platform/BSP/debug/libBSP_efm32_debug.a(BSP_IrqHandler.o)
                0x0000000000014490                USART1_RX_IRQHandler
 .text.IrqHandler_SysTickDummyHandler
                0x000000000001449c       0x10 ./../Platform/BSP/debug/libBSP_efm32_debug.a(BSP_IrqHandler.o)
                0x000000000001449c                IrqHandler_SysTickDummyHandler
 .text.GPIO_PinOutClear
                0x00000000000144ac       0x4c ./../Platform/BSP/debug/libBSP_efm32_debug.a(BSP_LED.o)
 .text.GPIO_PinOutSet
                0x00000000000144f8       0x4c ./../Platform/BSP/debug/libBSP_efm32_debug.a(BSP_LED.o)
 .text.GPIO_PinOutToggle
                0x0000000000014544       0x4c ./../Platform/BSP/debug/libBSP_efm32_debug.a(BSP_LED.o)
 .text.BSP_LED_Connect
                0x0000000000014590       0x48 ./../Platform/BSP/debug/libBSP_efm32_debug.a(BSP_LED.o)
                0x0000000000014590                BSP_LED_Connect
 .text.BSP_LED_EnableAll
                0x00000000000145d8       0x3c ./../Platform/BSP/debug/libBSP_efm32_debug.a(BSP_LED.o)
                0x00000000000145d8                BSP_LED_EnableAll
 .text.BSP_LED_Switch
                0x0000000000014614      0x15c ./../Platform/BSP/debug/libBSP_efm32_debug.a(BSP_LED.o)
                0x0000000000014614                BSP_LED_Switch
 .text.BSP_LED_SwitchAll
                0x0000000000014770       0xd0 ./../Platform/BSP/debug/libBSP_efm32_debug.a(BSP_LED.o)
                0x0000000000014770                BSP_LED_SwitchAll
 .text.GPIO_PinOutClear
                0x0000000000014840       0x4c ./../Platform/BSP/debug/libBSP_efm32_debug.a(BSP_Mic_AKU340.o)
 .text.GPIO_PinOutSet
                0x000000000001488c       0x4c ./../Platform/BSP/debug/libBSP_efm32_debug.a(BSP_Mic_AKU340.o)
 .text.BSP_Mic_AKU340_Connect
                0x00000000000148d8       0x34 ./../Platform/BSP/debug/libBSP_efm32_debug.a(BSP_Mic_AKU340.o)
                0x00000000000148d8                BSP_Mic_AKU340_Connect
 .text.BSP_Mic_AKU340_Enable
                0x000000000001490c       0x3c ./../Platform/BSP/debug/libBSP_efm32_debug.a(BSP_Mic_AKU340.o)
                0x000000000001490c                BSP_Mic_AKU340_Enable
 .text.SDCard_SPIRxISR
                0x0000000000014948       0x28 ./../Platform/BSP/debug/libBSP_efm32_debug.a(BSP_SDCard.o)
                0x0000000000014948                SDCard_SPIRxISR
 .text.SDCard_SPITxISR
                0x0000000000014970       0x28 ./../Platform/BSP/debug/libBSP_efm32_debug.a(BSP_SDCard.o)
                0x0000000000014970                SDCard_SPITxISR
 .text.NVIC_EnableIRQ
                0x0000000000014998       0x38 ./../Platform/BSP/debug/libBSP_efm32_debug.a(BSP_SensorNode.o)
 .text.NVIC_DisableIRQ
                0x00000000000149d0       0x3c ./../Platform/BSP/debug/libBSP_efm32_debug.a(BSP_SensorNode.o)
 .text.NVIC_SetPriority
                0x0000000000014a0c       0x5c ./../Platform/BSP/debug/libBSP_efm32_debug.a(BSP_SensorNode.o)
 .text.GPIO_PinInGet
                0x0000000000014a68       0x4c ./../Platform/BSP/debug/libBSP_efm32_debug.a(BSP_SensorNode.o)
 .text.GPIO_PinOutSet
                0x0000000000014ab4       0x4c ./../Platform/BSP/debug/libBSP_efm32_debug.a(BSP_SensorNode.o)
 .text.BSP_SensorNode_Connect
                0x0000000000014b00      0x190 ./../Platform/BSP/debug/libBSP_efm32_debug.a(BSP_SensorNode.o)
                0x0000000000014b00                BSP_SensorNode_Connect
 .text.BSP_SensorNode_Enable
                0x0000000000014c90      0x408 ./../Platform/BSP/debug/libBSP_efm32_debug.a(BSP_SensorNode.o)
                0x0000000000014c90                BSP_SensorNode_Enable
 .text.BSP_SensorNode_GetI2CHandle
                0x0000000000015098       0x34 ./../Platform/BSP/debug/libBSP_efm32_debug.a(BSP_SensorNode.o)
                0x0000000000015098                BSP_SensorNode_GetI2CHandle
 .text.SensorNode_EnableBus
                0x00000000000150cc       0x6c ./../Platform/BSP/debug/libBSP_efm32_debug.a(BSP_SensorNode.o)
 .text.BMA280_INT_InterruptCallback
                0x0000000000015138       0x44 ./../Platform/BSP/debug/libBSP_efm32_debug.a(BSP_SensorNode.o)
 .text.BMA280_INT2_InterruptCallback
                0x000000000001517c       0x44 ./../Platform/BSP/debug/libBSP_efm32_debug.a(BSP_SensorNode.o)
 .text.MAX44009_INTN_InterruptCallback
                0x00000000000151c0       0x44 ./../Platform/BSP/debug/libBSP_efm32_debug.a(BSP_SensorNode.o)
 .text.SensorNode_I2CISR
                0x0000000000015204       0x28 ./../Platform/BSP/debug/libBSP_efm32_debug.a(BSP_SensorNode.o)
                0x0000000000015204                SensorNode_I2CISR
 .text.USB_setSerialNumber
                0x000000000001522c       0x7c ./../Platform/BSP/debug/libBSP_efm32_debug.a(BSP_USB.o)
 .text.USB_dataReceivedCallback
                0x00000000000152a8       0x98 ./../Platform/BSP/debug/libBSP_efm32_debug.a(BSP_USB.o)
 .text.USB_dataTransferred
                0x0000000000015340       0x4c ./../Platform/BSP/debug/libBSP_efm32_debug.a(BSP_USB.o)
 .text.USB_stateChange
                0x000000000001538c       0x58 ./../Platform/BSP/debug/libBSP_efm32_debug.a(BSP_USB.o)
                0x000000000001538c                USB_stateChange
 .text.USB_setupCommand
                0x00000000000153e4      0x108 ./../Platform/BSP/debug/libBSP_efm32_debug.a(BSP_USB.o)
                0x00000000000153e4                USB_setupCommand
 .text.USB_init
                0x00000000000154ec       0xd0 ./../Platform/BSP/debug/libBSP_efm32_debug.a(BSP_USB.o)
                0x00000000000154ec                USB_init
 .text.USB_receiveByte
                0x00000000000155bc       0xa0 ./../Platform/BSP/debug/libBSP_efm32_debug.a(BSP_USB.o)
                0x00000000000155bc                USB_receiveByte
 .text.RETARGET_WriteChar
                0x000000000001565c       0x2c ./../Platform/BSP/debug/libBSP_efm32_debug.a(BSP_USB.o)
                0x000000000001565c                RETARGET_WriteChar
 .text.USB_transmitData
                0x0000000000015688       0xc4 ./../Platform/BSP/debug/libBSP_efm32_debug.a(BSP_USB.o)
                0x0000000000015688                USB_transmitData
 .text.RETARGET_ReadChar
                0x000000000001574c       0x24 ./../Platform/BSP/debug/libBSP_efm32_debug.a(BSP_USB.o)
                0x000000000001574c                RETARGET_ReadChar
 .text.USB_callBackMapping
                0x0000000000015770       0x38 ./../Platform/BSP/debug/libBSP_efm32_debug.a(BSP_USB.o)
                0x0000000000015770                USB_callBackMapping
 .text.WiFi_CC3100MOD_SPIRxISR
                0x00000000000157a8       0x28 ./../Platform/BSP/debug/libBSP_efm32_debug.a(BSP_WiFi_cc3100mod.o)
                0x00000000000157a8                WiFi_CC3100MOD_SPIRxISR
 .text.WiFi_CC3100MOD_SPITxISR
                0x00000000000157d0       0x28 ./../Platform/BSP/debug/libBSP_efm32_debug.a(BSP_WiFi_cc3100mod.o)
                0x00000000000157d0                WiFi_CC3100MOD_SPITxISR
 .text.NVIC_EnableIRQ
                0x00000000000157f8       0x38 ./../Platform/BSP/debug/libBSP_efm32_debug.a(BSP_BT_EM9301.o)
 .text.NVIC_DisableIRQ
                0x0000000000015830       0x3c ./../Platform/BSP/debug/libBSP_efm32_debug.a(BSP_BT_EM9301.o)
 .text.NVIC_ClearPendingIRQ
                0x000000000001586c       0x3c ./../Platform/BSP/debug/libBSP_efm32_debug.a(BSP_BT_EM9301.o)
 .text.NVIC_SetPriority
                0x00000000000158a8       0x5c ./../Platform/BSP/debug/libBSP_efm32_debug.a(BSP_BT_EM9301.o)
 .text.GPIO_PinOutClear
                0x0000000000015904       0x4c ./../Platform/BSP/debug/libBSP_efm32_debug.a(BSP_BT_EM9301.o)
 .text.GPIO_PinOutSet
                0x0000000000015950       0x4c ./../Platform/BSP/debug/libBSP_efm32_debug.a(BSP_BT_EM9301.o)
 .text.BSP_BT_EM9301_Connect
                0x000000000001599c       0xa0 ./../Platform/BSP/debug/libBSP_efm32_debug.a(BSP_BT_EM9301.o)
                0x000000000001599c                BSP_BT_EM9301_Connect
 .text.BSP_BT_EM9301_Enable
                0x0000000000015a3c      0x134 ./../Platform/BSP/debug/libBSP_efm32_debug.a(BSP_BT_EM9301.o)
                0x0000000000015a3c                BSP_BT_EM9301_Enable
 .text.BSP_BT_EM9301_Disable
                0x0000000000015b70       0x9c ./../Platform/BSP/debug/libBSP_efm32_debug.a(BSP_BT_EM9301.o)
                0x0000000000015b70                BSP_BT_EM9301_Disable
 .text.BSP_BT_EM9301_Disconnect
                0x0000000000015c0c       0x70 ./../Platform/BSP/debug/libBSP_efm32_debug.a(BSP_BT_EM9301.o)
                0x0000000000015c0c                BSP_BT_EM9301_Disconnect
 .text.BSP_BT_EM9301_SetWUHigh
                0x0000000000015c7c       0x48 ./../Platform/BSP/debug/libBSP_efm32_debug.a(BSP_BT_EM9301.o)
                0x0000000000015c7c                BSP_BT_EM9301_SetWUHigh
 .text.BSP_BT_EM9301_SetWULow
                0x0000000000015cc4       0x40 ./../Platform/BSP/debug/libBSP_efm32_debug.a(BSP_BT_EM9301.o)
                0x0000000000015cc4                BSP_BT_EM9301_SetWULow
 .text.BSP_BT_EM9301_Reset
                0x0000000000015d04       0x34 ./../Platform/BSP/debug/libBSP_efm32_debug.a(BSP_BT_EM9301.o)
                0x0000000000015d04                BSP_BT_EM9301_Reset
 .text.BSP_BT_EM9301_GetUARTHandle
                0x0000000000015d38       0x34 ./../Platform/BSP/debug/libBSP_efm32_debug.a(BSP_BT_EM9301.o)
                0x0000000000015d38                BSP_BT_EM9301_GetUARTHandle
 .text.BT_EM9301_UART_TxISR
                0x0000000000015d6c       0x28 ./../Platform/BSP/debug/libBSP_efm32_debug.a(BSP_BT_EM9301.o)
                0x0000000000015d6c                BT_EM9301_UART_TxISR
 .text.BT_EM9301_UART_RxISR
                0x0000000000015d94       0x28 ./../Platform/BSP/debug/libBSP_efm32_debug.a(BSP_BT_EM9301.o)
                0x0000000000015d94                BT_EM9301_UART_RxISR
 .text.xQueueGenericReset
                0x0000000000015dbc       0xc8 ./../Libraries/FreeRTOS/debug/libFreeRTOS_efm32_debug.a(queue.o)
                0x0000000000015dbc                xQueueGenericReset
 .text.xQueueGenericCreate
                0x0000000000015e84       0xb8 ./../Libraries/FreeRTOS/debug/libFreeRTOS_efm32_debug.a(queue.o)
                0x0000000000015e84                xQueueGenericCreate
 .text.xQueueCreateMutex
                0x0000000000015f3c       0xb8 ./../Libraries/FreeRTOS/debug/libFreeRTOS_efm32_debug.a(queue.o)
                0x0000000000015f3c                xQueueCreateMutex
 .text.xQueueCreateCountingSemaphore
                0x0000000000015ff4       0x78 ./../Libraries/FreeRTOS/debug/libFreeRTOS_efm32_debug.a(queue.o)
                0x0000000000015ff4                xQueueCreateCountingSemaphore
 .text.xQueueGenericSend
                0x000000000001606c      0x1c8 ./../Libraries/FreeRTOS/debug/libFreeRTOS_efm32_debug.a(queue.o)
                0x000000000001606c                xQueueGenericSend
 .text.xQueueGenericSendFromISR
                0x0000000000016234      0x110 ./../Libraries/FreeRTOS/debug/libFreeRTOS_efm32_debug.a(queue.o)
                0x0000000000016234                xQueueGenericSendFromISR
 .text.xQueueGiveFromISR
                0x0000000000016344      0x108 ./../Libraries/FreeRTOS/debug/libFreeRTOS_efm32_debug.a(queue.o)
                0x0000000000016344                xQueueGiveFromISR
 .text.xQueueGenericReceive
                0x000000000001644c      0x1e0 ./../Libraries/FreeRTOS/debug/libFreeRTOS_efm32_debug.a(queue.o)
                0x000000000001644c                xQueueGenericReceive
 .text.prvCopyDataToQueue
                0x000000000001662c       0xe8 ./../Libraries/FreeRTOS/debug/libFreeRTOS_efm32_debug.a(queue.o)
 .text.prvCopyDataFromQueue
                0x0000000000016714       0x50 ./../Libraries/FreeRTOS/debug/libFreeRTOS_efm32_debug.a(queue.o)
 .text.prvUnlockQueue
                0x0000000000016764       0xc0 ./../Libraries/FreeRTOS/debug/libFreeRTOS_efm32_debug.a(queue.o)
 .text.prvIsQueueEmpty
                0x0000000000016824       0x34 ./../Libraries/FreeRTOS/debug/libFreeRTOS_efm32_debug.a(queue.o)
 .text.prvIsQueueFull
                0x0000000000016858       0x38 ./../Libraries/FreeRTOS/debug/libFreeRTOS_efm32_debug.a(queue.o)
 .text.vQueueAddToRegistry
                0x0000000000016890       0x64 ./../Libraries/FreeRTOS/debug/libFreeRTOS_efm32_debug.a(queue.o)
                0x0000000000016890                vQueueAddToRegistry
 .text.vQueueWaitForMessageRestricted
                0x00000000000168f4       0x64 ./../Libraries/FreeRTOS/debug/libFreeRTOS_efm32_debug.a(queue.o)
                0x00000000000168f4                vQueueWaitForMessageRestricted
 .text.xQueueCreateSet
                0x0000000000016958       0x24 ./../Libraries/FreeRTOS/debug/libFreeRTOS_efm32_debug.a(queue.o)
                0x0000000000016958                xQueueCreateSet
 .text.xQueueAddToSet
                0x000000000001697c       0x4c ./../Libraries/FreeRTOS/debug/libFreeRTOS_efm32_debug.a(queue.o)
                0x000000000001697c                xQueueAddToSet
 .text.xQueueSelectFromSet
                0x00000000000169c8       0x30 ./../Libraries/FreeRTOS/debug/libFreeRTOS_efm32_debug.a(queue.o)
                0x00000000000169c8                xQueueSelectFromSet
 .text.prvNotifyQueueSetContainer
                0x00000000000169f8       0xa8 ./../Libraries/FreeRTOS/debug/libFreeRTOS_efm32_debug.a(queue.o)
 .text.xTaskGenericCreate
                0x0000000000016aa0      0x1d0 ./../Libraries/FreeRTOS/debug/libFreeRTOS_efm32_debug.a(tasks.o)
                0x0000000000016aa0                xTaskGenericCreate
 .text.vTaskDelayUntil
                0x0000000000016c70      0x124 ./../Libraries/FreeRTOS/debug/libFreeRTOS_efm32_debug.a(tasks.o)
                0x0000000000016c70                vTaskDelayUntil
 .text.vTaskDelay
                0x0000000000016d94       0xac ./../Libraries/FreeRTOS/debug/libFreeRTOS_efm32_debug.a(tasks.o)
                0x0000000000016d94                vTaskDelay
 .text.vTaskSuspend
                0x0000000000016e40      0x138 ./../Libraries/FreeRTOS/debug/libFreeRTOS_efm32_debug.a(tasks.o)
                0x0000000000016e40                vTaskSuspend
 .text.prvTaskIsTaskSuspended
                0x0000000000016f78       0x80 ./../Libraries/FreeRTOS/debug/libFreeRTOS_efm32_debug.a(tasks.o)
 .text.vTaskResume
                0x0000000000016ff8       0xc4 ./../Libraries/FreeRTOS/debug/libFreeRTOS_efm32_debug.a(tasks.o)
                0x0000000000016ff8                vTaskResume
 .text.vTaskStartScheduler
                0x00000000000170bc       0xa0 ./../Libraries/FreeRTOS/debug/libFreeRTOS_efm32_debug.a(tasks.o)
                0x00000000000170bc                vTaskStartScheduler
 .text.vTaskSuspendAll
                0x000000000001715c       0x24 ./../Libraries/FreeRTOS/debug/libFreeRTOS_efm32_debug.a(tasks.o)
                0x000000000001715c                vTaskSuspendAll
 .text.xTaskResumeAll
                0x0000000000017180      0x180 ./../Libraries/FreeRTOS/debug/libFreeRTOS_efm32_debug.a(tasks.o)
                0x0000000000017180                xTaskResumeAll
 .text.xTaskGetTickCount
                0x0000000000017300       0x20 ./../Libraries/FreeRTOS/debug/libFreeRTOS_efm32_debug.a(tasks.o)
                0x0000000000017300                xTaskGetTickCount
 .text.xTaskIncrementTick
                0x0000000000017320      0x20c ./../Libraries/FreeRTOS/debug/libFreeRTOS_efm32_debug.a(tasks.o)
                0x0000000000017320                xTaskIncrementTick
 .text.vTaskSwitchContext
                0x000000000001752c      0x150 ./../Libraries/FreeRTOS/debug/libFreeRTOS_efm32_debug.a(tasks.o)
                0x000000000001752c                vTaskSwitchContext
 .text.vTaskPlaceOnEventList
                0x000000000001767c       0xc4 ./../Libraries/FreeRTOS/debug/libFreeRTOS_efm32_debug.a(tasks.o)
                0x000000000001767c                vTaskPlaceOnEventList
 .text.vTaskPlaceOnEventListRestricted
                0x0000000000017740       0xc4 ./../Libraries/FreeRTOS/debug/libFreeRTOS_efm32_debug.a(tasks.o)
                0x0000000000017740                vTaskPlaceOnEventListRestricted
 .text.xTaskRemoveFromEventList
                0x0000000000017804       0xe8 ./../Libraries/FreeRTOS/debug/libFreeRTOS_efm32_debug.a(tasks.o)
                0x0000000000017804                xTaskRemoveFromEventList
 .text.vTaskSetTimeOutState
                0x00000000000178ec       0x44 ./../Libraries/FreeRTOS/debug/libFreeRTOS_efm32_debug.a(tasks.o)
                0x00000000000178ec                vTaskSetTimeOutState
 .text.xTaskCheckForTimeOut
                0x0000000000017930       0xc4 ./../Libraries/FreeRTOS/debug/libFreeRTOS_efm32_debug.a(tasks.o)
                0x0000000000017930                xTaskCheckForTimeOut
 .text.vTaskMissedYield
                0x00000000000179f4       0x18 ./../Libraries/FreeRTOS/debug/libFreeRTOS_efm32_debug.a(tasks.o)
                0x00000000000179f4                vTaskMissedYield
 .text.prvIdleTask
                0x0000000000017a0c       0x10 ./../Libraries/FreeRTOS/debug/libFreeRTOS_efm32_debug.a(tasks.o)
 .text.prvInitialiseTCBVariables
                0x0000000000017a1c       0xbc ./../Libraries/FreeRTOS/debug/libFreeRTOS_efm32_debug.a(tasks.o)
 .text.prvInitialiseTaskLists
                0x0000000000017ad8       0xa4 ./../Libraries/FreeRTOS/debug/libFreeRTOS_efm32_debug.a(tasks.o)
 .text.prvCheckTasksWaitingTermination
                0x0000000000017b7c       0x9c ./../Libraries/FreeRTOS/debug/libFreeRTOS_efm32_debug.a(tasks.o)
 .text.prvAddCurrentTaskToDelayedList
                0x0000000000017c18       0x8c ./../Libraries/FreeRTOS/debug/libFreeRTOS_efm32_debug.a(tasks.o)
 .text.prvAllocateTCBAndStack
                0x0000000000017ca4       0x7c ./../Libraries/FreeRTOS/debug/libFreeRTOS_efm32_debug.a(tasks.o)
 .text.prvDeleteTCB
                0x0000000000017d20       0x20 ./../Libraries/FreeRTOS/debug/libFreeRTOS_efm32_debug.a(tasks.o)
 .text.prvResetNextTaskUnblockTime
                0x0000000000017d40       0x5c ./../Libraries/FreeRTOS/debug/libFreeRTOS_efm32_debug.a(tasks.o)
 .text.xTaskGetSchedulerState
                0x0000000000017d9c       0x48 ./../Libraries/FreeRTOS/debug/libFreeRTOS_efm32_debug.a(tasks.o)
                0x0000000000017d9c                xTaskGetSchedulerState
 .text.vTaskPriorityInherit
                0x0000000000017de4      0x144 ./../Libraries/FreeRTOS/debug/libFreeRTOS_efm32_debug.a(tasks.o)
                0x0000000000017de4                vTaskPriorityInherit
 .text.xTaskPriorityDisinherit
                0x0000000000017f28      0x13c ./../Libraries/FreeRTOS/debug/libFreeRTOS_efm32_debug.a(tasks.o)
                0x0000000000017f28                xTaskPriorityDisinherit
 .text.pvTaskIncrementMutexHeldCount
                0x0000000000018064       0x38 ./../Libraries/FreeRTOS/debug/libFreeRTOS_efm32_debug.a(tasks.o)
                0x0000000000018064                pvTaskIncrementMutexHeldCount
 .text.xTimerCreateTimerTask
                0x000000000001809c       0x78 ./../Libraries/FreeRTOS/debug/libFreeRTOS_efm32_debug.a(timers.o)
                0x000000000001809c                xTimerCreateTimerTask
 .text.xTimerCreate
                0x0000000000018114       0x7c ./../Libraries/FreeRTOS/debug/libFreeRTOS_efm32_debug.a(timers.o)
                0x0000000000018114                xTimerCreate
 .text.xTimerGenericCommand
                0x0000000000018190       0xac ./../Libraries/FreeRTOS/debug/libFreeRTOS_efm32_debug.a(timers.o)
                0x0000000000018190                xTimerGenericCommand
 .text.prvProcessExpiredTimer
                0x000000000001823c       0x88 ./../Libraries/FreeRTOS/debug/libFreeRTOS_efm32_debug.a(timers.o)
 .text.prvTimerTask
                0x00000000000182c4       0x24 ./../Libraries/FreeRTOS/debug/libFreeRTOS_efm32_debug.a(timers.o)
 .text.prvProcessTimerOrBlockTask
                0x00000000000182e8       0x78 ./../Libraries/FreeRTOS/debug/libFreeRTOS_efm32_debug.a(timers.o)
 .text.prvGetNextExpireTime
                0x0000000000018360       0x54 ./../Libraries/FreeRTOS/debug/libFreeRTOS_efm32_debug.a(timers.o)
 .text.prvSampleTimeNow
                0x00000000000183b4       0x4c ./../Libraries/FreeRTOS/debug/libFreeRTOS_efm32_debug.a(timers.o)
 .text.prvInsertTimerInActiveList
                0x0000000000018400       0x94 ./../Libraries/FreeRTOS/debug/libFreeRTOS_efm32_debug.a(timers.o)
 .text.prvProcessReceivedCommands
                0x0000000000018494      0x174 ./../Libraries/FreeRTOS/debug/libFreeRTOS_efm32_debug.a(timers.o)
 .text.prvSwitchTimerLists
                0x0000000000018608       0xf0 ./../Libraries/FreeRTOS/debug/libFreeRTOS_efm32_debug.a(timers.o)
 .text.prvCheckForValidListAndQueue
                0x00000000000186f8       0xb8 ./../Libraries/FreeRTOS/debug/libFreeRTOS_efm32_debug.a(timers.o)
 .text.xTimerPendFunctionCallFromISR
                0x00000000000187b0       0x4c ./../Libraries/FreeRTOS/debug/libFreeRTOS_efm32_debug.a(timers.o)
                0x00000000000187b0                xTimerPendFunctionCallFromISR
 .text.pvPortMalloc
                0x00000000000187fc      0x1d8 ./../Libraries/FreeRTOS/debug/libFreeRTOS_efm32_debug.a(heap_4.o)
                0x00000000000187fc                pvPortMalloc
 .text.vPortFree
                0x00000000000189d4       0xcc ./../Libraries/FreeRTOS/debug/libFreeRTOS_efm32_debug.a(heap_4.o)
                0x00000000000189d4                vPortFree
 .text.prvHeapInit
                0x0000000000018aa0       0xfc ./../Libraries/FreeRTOS/debug/libFreeRTOS_efm32_debug.a(heap_4.o)
 .text.prvInsertBlockIntoFreeList
                0x0000000000018b9c       0xbc ./../Libraries/FreeRTOS/debug/libFreeRTOS_efm32_debug.a(heap_4.o)
 .text.pxPortInitialiseStack
                0x0000000000018c58       0x64 ./../Libraries/FreeRTOS/debug/libFreeRTOS_efm32_debug.a(port.o)
                0x0000000000018c58                pxPortInitialiseStack
 .text.prvTaskExitError
                0x0000000000018cbc       0x2c ./../Libraries/FreeRTOS/debug/libFreeRTOS_efm32_debug.a(port.o)
 .text.SVC_Handler
                0x0000000000018ce8       0x24 ./../Libraries/FreeRTOS/debug/libFreeRTOS_efm32_debug.a(port.o)
                0x0000000000018ce8                SVC_Handler
 .text.prvPortStartFirstTask
                0x0000000000018d0c       0x20 ./../Libraries/FreeRTOS/debug/libFreeRTOS_efm32_debug.a(port.o)
 .text.xPortStartScheduler
                0x0000000000018d2c      0x10c ./../Libraries/FreeRTOS/debug/libFreeRTOS_efm32_debug.a(port.o)
                0x0000000000018d2c                xPortStartScheduler
 .text.vPortYield
                0x0000000000018e38       0x20 ./../Libraries/FreeRTOS/debug/libFreeRTOS_efm32_debug.a(port.o)
                0x0000000000018e38                vPortYield
 .text.vPortEnterCritical
                0x0000000000018e58       0x58 ./../Libraries/FreeRTOS/debug/libFreeRTOS_efm32_debug.a(port.o)
                0x0000000000018e58                vPortEnterCritical
 .text.vPortExitCritical
                0x0000000000018eb0       0x54 ./../Libraries/FreeRTOS/debug/libFreeRTOS_efm32_debug.a(port.o)
                0x0000000000018eb0                vPortExitCritical
 .text.ulPortSetInterruptMask
                0x0000000000018f04       0x14 ./../Libraries/FreeRTOS/debug/libFreeRTOS_efm32_debug.a(port.o)
                0x0000000000018f04                ulPortSetInterruptMask
 .text.vPortClearInterruptMask
                0x0000000000018f18        0x8 ./../Libraries/FreeRTOS/debug/libFreeRTOS_efm32_debug.a(port.o)
                0x0000000000018f18                vPortClearInterruptMask
 .text.PendSV_Handler
                0x0000000000018f20       0x44 ./../Libraries/FreeRTOS/debug/libFreeRTOS_efm32_debug.a(port.o)
                0x0000000000018f20                PendSV_Handler
 .text.xPortSysTickHandler
                0x0000000000018f64       0x2c ./../Libraries/FreeRTOS/debug/libFreeRTOS_efm32_debug.a(port.o)
                0x0000000000018f64                xPortSysTickHandler
 .text.vPortSetupTimerInterrupt
                0x0000000000018f90       0x28 ./../Libraries/FreeRTOS/debug/libFreeRTOS_efm32_debug.a(port.o)
                0x0000000000018f90                vPortSetupTimerInterrupt
 .text.vPortValidateInterruptPriority
                0x0000000000018fb8       0x78 ./../Libraries/FreeRTOS/debug/libFreeRTOS_efm32_debug.a(port.o)
                0x0000000000018fb8                vPortValidateInterruptPriority
 .text.vListInitialise
                0x0000000000019030       0x40 ./../Libraries/FreeRTOS/debug/libFreeRTOS_efm32_debug.a(list.o)
                0x0000000000019030                vListInitialise
 .text.vListInitialiseItem
                0x0000000000019070       0x1c ./../Libraries/FreeRTOS/debug/libFreeRTOS_efm32_debug.a(list.o)
                0x0000000000019070                vListInitialiseItem
 .text.vListInsertEnd
                0x000000000001908c       0x48 ./../Libraries/FreeRTOS/debug/libFreeRTOS_efm32_debug.a(list.o)
                0x000000000001908c                vListInsertEnd
 .text.vListInsert
                0x00000000000190d4       0x74 ./../Libraries/FreeRTOS/debug/libFreeRTOS_efm32_debug.a(list.o)
                0x00000000000190d4                vListInsert
 .text.uxListRemove
                0x0000000000019148       0x58 ./../Libraries/FreeRTOS/debug/libFreeRTOS_efm32_debug.a(list.o)
                0x0000000000019148                uxListRemove
 .text.ADC_CalibrateLoadSingle
                0x00000000000191a0      0x17c ./../Libraries/EMlib/debug/libEMLib_efm32_debug.a(em_adc.o)
 .text.ADC_Init
                0x000000000001931c       0x68 ./../Libraries/EMlib/debug/libEMLib_efm32_debug.a(em_adc.o)
                0x000000000001931c                ADC_Init
 .text.ADC_InitSingle
                0x0000000000019384       0xa0 ./../Libraries/EMlib/debug/libEMLib_efm32_debug.a(em_adc.o)
                0x0000000000019384                ADC_InitSingle
 .text.ADC_PrescaleCalc
                0x0000000000019424       0x78 ./../Libraries/EMlib/debug/libEMLib_efm32_debug.a(em_adc.o)
                0x0000000000019424                ADC_PrescaleCalc
 .text.ADC_TimebaseCalc
                0x000000000001949c       0x74 ./../Libraries/EMlib/debug/libEMLib_efm32_debug.a(em_adc.o)
                0x000000000001949c                ADC_TimebaseCalc
 .text.BITBAND_Peripheral
                0x0000000000019510       0x30 ./../Libraries/EMlib/debug/libEMLib_efm32_debug.a(em_cmu.o)
 .text.CMU_MaxFreqHfle
                0x0000000000019540       0xb8 ./../Libraries/EMlib/debug/libEMLib_efm32_debug.a(em_cmu.o)
 .text.CMU_FlashWaitStateMax
                0x00000000000195f8       0x68 ./../Libraries/EMlib/debug/libEMLib_efm32_debug.a(em_cmu.o)
 .text.CMU_FlashWaitStateControl
                0x0000000000019660       0xf4 ./../Libraries/EMlib/debug/libEMLib_efm32_debug.a(em_cmu.o)
 .text.CMU_USBCClkGet
                0x0000000000019754       0x50 ./../Libraries/EMlib/debug/libEMLib_efm32_debug.a(em_cmu.o)
 .text.CMU_AUXClkGet
                0x00000000000197a4       0x9c ./../Libraries/EMlib/debug/libEMLib_efm32_debug.a(em_cmu.o)
 .text.CMU_DBGClkGet
                0x0000000000019840       0x64 ./../Libraries/EMlib/debug/libEMLib_efm32_debug.a(em_cmu.o)
 .text.CMU_LFClkGet
                0x00000000000198a4       0xd4 ./../Libraries/EMlib/debug/libEMLib_efm32_debug.a(em_cmu.o)
 .text.CMU_Sync
                0x0000000000019978       0x3c ./../Libraries/EMlib/debug/libEMLib_efm32_debug.a(em_cmu.o)
 .text.CMU_ClockEnable
                0x00000000000199b4      0x10c ./../Libraries/EMlib/debug/libEMLib_efm32_debug.a(em_cmu.o)
                0x00000000000199b4                CMU_ClockEnable
 .text.CMU_ClockFreqGet
                0x0000000000019ac0      0x1e8 ./../Libraries/EMlib/debug/libEMLib_efm32_debug.a(em_cmu.o)
                0x0000000000019ac0                CMU_ClockFreqGet
 .text.CMU_ClockSelectGet
                0x0000000000019ca8      0x1a4 ./../Libraries/EMlib/debug/libEMLib_efm32_debug.a(em_cmu.o)
                0x0000000000019ca8                CMU_ClockSelectGet
 .text.CMU_ClockSelectSet
                0x0000000000019e4c      0x38c ./../Libraries/EMlib/debug/libEMLib_efm32_debug.a(em_cmu.o)
                0x0000000000019e4c                CMU_ClockSelectSet
 .text.CMU_OscillatorEnable
                0x000000000001a1d8       0xe8 ./../Libraries/EMlib/debug/libEMLib_efm32_debug.a(em_cmu.o)
                0x000000000001a1d8                CMU_OscillatorEnable
 .text.MSC_Init
                0x000000000001a2c0      0x108 ./../Libraries/EMlib/debug/libEMLib_efm32_debug.a(em_msc.o)
                0x000000000001a2c0                MSC_Init
 .text.MSC_Deinit
                0x000000000001a3c8       0x30 ./../Libraries/EMlib/debug/libEMLib_efm32_debug.a(em_msc.o)
                0x000000000001a3c8                MSC_Deinit
 .text.NVIC_DisableIRQ
                0x000000000001a3f8       0x3c ./../Libraries/EMlib/debug/libEMLib_efm32_debug.a(em_dma.o)
 .text.BITBAND_Peripheral
                0x000000000001a434       0x30 ./../Libraries/EMlib/debug/libEMLib_efm32_debug.a(em_dma.o)
 .text.DMA_Prepare
                0x000000000001a464      0x138 ./../Libraries/EMlib/debug/libEMLib_efm32_debug.a(em_dma.o)
 .text.DMA_IRQHandler
                0x000000000001a59c      0x110 ./../Libraries/EMlib/debug/libEMLib_efm32_debug.a(em_dma.o)
                0x000000000001a59c                DMA_IRQHandler
 .text.DMA_ActivateBasic
                0x000000000001a6ac       0x48 ./../Libraries/EMlib/debug/libEMLib_efm32_debug.a(em_dma.o)
                0x000000000001a6ac                DMA_ActivateBasic
 .text.DMA_CfgChannel
                0x000000000001a6f4       0xc0 ./../Libraries/EMlib/debug/libEMLib_efm32_debug.a(em_dma.o)
                0x000000000001a6f4                DMA_CfgChannel
 .text.DMA_CfgDescr
                0x000000000001a7b4       0x84 ./../Libraries/EMlib/debug/libEMLib_efm32_debug.a(em_dma.o)
                0x000000000001a7b4                DMA_CfgDescr
 .text.DMA_Reset
                0x000000000001a838       0xd4 ./../Libraries/EMlib/debug/libEMLib_efm32_debug.a(em_dma.o)
                0x000000000001a838                DMA_Reset
 .text.EMU_UpdateOscConfig
                0x000000000001a90c       0x20 ./../Libraries/EMlib/debug/libEMLib_efm32_debug.a(em_emu.o)
                0x000000000001a90c                EMU_UpdateOscConfig
 .text.BITBAND_Peripheral
                0x000000000001a92c       0x30 ./../Libraries/EMlib/debug/libEMLib_efm32_debug.a(em_gpio.o)
 .text.GPIO_DriveModeSet
                0x000000000001a95c       0x60 ./../Libraries/EMlib/debug/libEMLib_efm32_debug.a(em_gpio.o)
                0x000000000001a95c                GPIO_DriveModeSet
 .text.GPIO_IntConfig
                0x000000000001a9bc       0xf4 ./../Libraries/EMlib/debug/libEMLib_efm32_debug.a(em_gpio.o)
                0x000000000001a9bc                GPIO_IntConfig
 .text.GPIO_PinModeSet
                0x000000000001aab0      0x1b8 ./../Libraries/EMlib/debug/libEMLib_efm32_debug.a(em_gpio.o)
                0x000000000001aab0                GPIO_PinModeSet
 .text.BITBAND_Peripheral
                0x000000000001ac68       0x30 ./../Libraries/EMlib/debug/libEMLib_efm32_debug.a(em_i2c.o)
 .text.I2C_BusFreqSet
                0x000000000001ac98       0x94 ./../Libraries/EMlib/debug/libEMLib_efm32_debug.a(em_i2c.o)
                0x000000000001ac98                I2C_BusFreqSet
 .text.I2C_Enable
                0x000000000001ad2c       0x40 ./../Libraries/EMlib/debug/libEMLib_efm32_debug.a(em_i2c.o)
                0x000000000001ad2c                I2C_Enable
 .text.I2C_Init
                0x000000000001ad6c       0x84 ./../Libraries/EMlib/debug/libEMLib_efm32_debug.a(em_i2c.o)
                0x000000000001ad6c                I2C_Init
 .text.I2C_Transfer
                0x000000000001adf0      0x4ec ./../Libraries/EMlib/debug/libEMLib_efm32_debug.a(em_i2c.o)
                0x000000000001adf0                I2C_Transfer
 .text.I2C_TransferInit
                0x000000000001b2dc      0x104 ./../Libraries/EMlib/debug/libEMLib_efm32_debug.a(em_i2c.o)
                0x000000000001b2dc                I2C_TransferInit
 .text.USART_BaudrateAsyncSet
                0x000000000001b3e0       0xd0 ./../Libraries/EMlib/debug/libEMLib_efm32_debug.a(em_usart.o)
                0x000000000001b3e0                USART_BaudrateAsyncSet
 .text.USART_BaudrateSyncSet
                0x000000000001b4b0       0x7c ./../Libraries/EMlib/debug/libEMLib_efm32_debug.a(em_usart.o)
                0x000000000001b4b0                USART_BaudrateSyncSet
 .text.USART_Enable
                0x000000000001b52c       0x7c ./../Libraries/EMlib/debug/libEMLib_efm32_debug.a(em_usart.o)
                0x000000000001b52c                USART_Enable
 .text.USART_InitAsync
                0x000000000001b5a8       0xbc ./../Libraries/EMlib/debug/libEMLib_efm32_debug.a(em_usart.o)
                0x000000000001b5a8                USART_InitAsync
 .text.USART_Reset
                0x000000000001b664       0xd8 ./../Libraries/EMlib/debug/libEMLib_efm32_debug.a(em_usart.o)
                0x000000000001b664                USART_Reset
 .text.USART_Tx
                0x000000000001b73c       0x2c ./../Libraries/EMlib/debug/libEMLib_efm32_debug.a(em_usart.o)
                0x000000000001b73c                USART_Tx
 .text.SYSTEM_ChipRevisionGet
                0x000000000001b768       0x94 ./../Libraries/EMlib/debug/libEMLib_efm32_debug.a(em_system.o)
                0x000000000001b768                SYSTEM_ChipRevisionGet
 .text.TIMER_Init
                0x000000000001b7fc      0x134 ./../Libraries/EMlib/debug/libEMLib_efm32_debug.a(em_timer.o)
                0x000000000001b7fc                TIMER_Init
 .text.TIMER_InitCC
                0x000000000001b930       0xec ./../Libraries/EMlib/debug/libEMLib_efm32_debug.a(em_timer.o)
                0x000000000001b930                TIMER_InitCC
 .text.NVIC_EnableIRQ
                0x000000000001ba1c       0x38 ./../Libraries/EMlib/debug/libEMLib_efm32_debug.a(em_usbd.o)
 .text.NVIC_ClearPendingIRQ
                0x000000000001ba54       0x3c ./../Libraries/EMlib/debug/libEMLib_efm32_debug.a(em_usbd.o)
 .text.INT_Disable
                0x000000000001ba90       0x40 ./../Libraries/EMlib/debug/libEMLib_efm32_debug.a(em_usbd.o)
 .text.INT_Enable
                0x000000000001bad0       0x54 ./../Libraries/EMlib/debug/libEMLib_efm32_debug.a(em_usbd.o)
 .text.USBHAL_DisableGlobalInt
                0x000000000001bb24       0x34 ./../Libraries/EMlib/debug/libEMLib_efm32_debug.a(em_usbd.o)
 .text.USBHAL_EnableGlobalInt
                0x000000000001bb58       0x34 ./../Libraries/EMlib/debug/libEMLib_efm32_debug.a(em_usbd.o)
 .text.USBDHAL_EnableUsbResetAndSuspendInt
                0x000000000001bb8c       0x38 ./../Libraries/EMlib/debug/libEMLib_efm32_debug.a(em_usbd.o)
 .text.USBDHAL_EpIsStalled
                0x000000000001bbc4       0x3c ./../Libraries/EMlib/debug/libEMLib_efm32_debug.a(em_usbd.o)
 .text.USBDHAL_GetStallStatusEp
                0x000000000001bc00       0xc0 ./../Libraries/EMlib/debug/libEMLib_efm32_debug.a(em_usbd.o)
 .text.USBDHAL_SetEp0InDmaPtr
                0x000000000001bcc0       0x28 ./../Libraries/EMlib/debug/libEMLib_efm32_debug.a(em_usbd.o)
 .text.USBDHAL_SetEp0OutDmaPtr
                0x000000000001bce8       0x28 ./../Libraries/EMlib/debug/libEMLib_efm32_debug.a(em_usbd.o)
 .text.USBDHAL_StartEp0In
                0x000000000001bd10       0x5c ./../Libraries/EMlib/debug/libEMLib_efm32_debug.a(em_usbd.o)
 .text.USBDHAL_StartEp0Out
                0x000000000001bd6c       0x5c ./../Libraries/EMlib/debug/libEMLib_efm32_debug.a(em_usbd.o)
 .text.USBDHAL_StartEpIn
                0x000000000001bdc8       0xc8 ./../Libraries/EMlib/debug/libEMLib_efm32_debug.a(em_usbd.o)
 .text.USBDHAL_StartEpOut
                0x000000000001be90       0xd4 ./../Libraries/EMlib/debug/libEMLib_efm32_debug.a(em_usbd.o)
 .text.USBD_ArmEp
                0x000000000001bf64       0x28 ./../Libraries/EMlib/debug/libEMLib_efm32_debug.a(em_usbd.o)
 .text.USBD_ArmEp0
                0x000000000001bf8c       0x88 ./../Libraries/EMlib/debug/libEMLib_efm32_debug.a(em_usbd.o)
 .text.USBD_ArmEpN
                0x000000000001c014       0x28 ./../Libraries/EMlib/debug/libEMLib_efm32_debug.a(em_usbd.o)
 .text.USBD_GetEpFromAddr
                0x000000000001c03c       0xa0 ./../Libraries/EMlib/debug/libEMLib_efm32_debug.a(em_usbd.o)
 .text.USBD_Disconnect
                0x000000000001c0dc       0x14 ./../Libraries/EMlib/debug/libEMLib_efm32_debug.a(em_usbd.o)
                0x000000000001c0dc                USBD_Disconnect
 .text.USBD_GetUsbState
                0x000000000001c0f0       0x1c ./../Libraries/EMlib/debug/libEMLib_efm32_debug.a(em_usbd.o)
                0x000000000001c0f0                USBD_GetUsbState
 .text.USBD_Init
                0x000000000001c10c      0x4fc ./../Libraries/EMlib/debug/libEMLib_efm32_debug.a(em_usbd.o)
                0x000000000001c10c                USBD_Init
 .text.USBD_Read
                0x000000000001c608      0x108 ./../Libraries/EMlib/debug/libEMLib_efm32_debug.a(em_usbd.o)
                0x000000000001c608                USBD_Read
 .text.USBD_SetUsbState
                0x000000000001c710       0x98 ./../Libraries/EMlib/debug/libEMLib_efm32_debug.a(em_usbd.o)
                0x000000000001c710                USBD_SetUsbState
 .text.USBD_Write
                0x000000000001c7a8      0x10c ./../Libraries/EMlib/debug/libEMLib_efm32_debug.a(em_usbd.o)
                0x000000000001c7a8                USBD_Write
 .text.NVIC_ClearPendingIRQ
                0x000000000001c8b4       0x3c ./../Libraries/EMlib/debug/libEMLib_efm32_debug.a(em_usbhal.o)
 .text.INT_Disable
                0x000000000001c8f0       0x40 ./../Libraries/EMlib/debug/libEMLib_efm32_debug.a(em_usbhal.o)
 .text.INT_Enable
                0x000000000001c930       0x54 ./../Libraries/EMlib/debug/libEMLib_efm32_debug.a(em_usbhal.o)
 .text.USBHAL_FlushRxFifo
                0x000000000001c984       0x3c ./../Libraries/EMlib/debug/libEMLib_efm32_debug.a(em_usbhal.o)
 .text.USBHAL_FlushTxFifo
                0x000000000001c9c0       0x4c ./../Libraries/EMlib/debug/libEMLib_efm32_debug.a(em_usbhal.o)
 .text.USBDHAL_DeactivateEp
                0x000000000001ca0c       0x88 ./../Libraries/EMlib/debug/libEMLib_efm32_debug.a(em_usbhal.o)
 .text.USBDHAL_GetInEpInts
                0x000000000001ca94       0x44 ./../Libraries/EMlib/debug/libEMLib_efm32_debug.a(em_usbhal.o)
 .text.USBDHAL_GetOutEpInts
                0x000000000001cad8       0x44 ./../Libraries/EMlib/debug/libEMLib_efm32_debug.a(em_usbhal.o)
 .text.USBDHAL_SetEPDISNAK
                0x000000000001cb1c       0xac ./../Libraries/EMlib/debug/libEMLib_efm32_debug.a(em_usbhal.o)
 .text.USBD_GetEpFromAddr
                0x000000000001cbc8       0xa0 ./../Libraries/EMlib/debug/libEMLib_efm32_debug.a(em_usbhal.o)
 .text.USBHAL_CoreReset
                0x000000000001cc68       0xbc ./../Libraries/EMlib/debug/libEMLib_efm32_debug.a(em_usbhal.o)
                0x000000000001cc68                USBHAL_CoreReset
 .text.USBDHAL_CoreInit
                0x000000000001cd24      0x3ec ./../Libraries/EMlib/debug/libEMLib_efm32_debug.a(em_usbhal.o)
                0x000000000001cd24                USBDHAL_CoreInit
 .text.USBDHAL_Disconnect
                0x000000000001d110       0x3c ./../Libraries/EMlib/debug/libEMLib_efm32_debug.a(em_usbhal.o)
                0x000000000001d110                USBDHAL_Disconnect
 .text.USBDHAL_AbortAllEps
                0x000000000001d14c      0x53c ./../Libraries/EMlib/debug/libEMLib_efm32_debug.a(em_usbhal.o)
                0x000000000001d14c                USBDHAL_AbortAllEps
 .text.USBDHAL_AbortAllTransfers
                0x000000000001d688       0xc8 ./../Libraries/EMlib/debug/libEMLib_efm32_debug.a(em_usbhal.o)
                0x000000000001d688                USBDHAL_AbortAllTransfers
 .text.USBDHAL_ReenableEp0Setup
                0x000000000001d750       0x60 ./../Libraries/EMlib/debug/libEMLib_efm32_debug.a(em_usbdep.o)
 .text.USBDHAL_StallEp
                0x000000000001d7b0       0xcc ./../Libraries/EMlib/debug/libEMLib_efm32_debug.a(em_usbdep.o)
 .text.USBDHAL_StartEp0In
                0x000000000001d87c       0x5c ./../Libraries/EMlib/debug/libEMLib_efm32_debug.a(em_usbdep.o)
 .text.USBDHAL_StartEp0Out
                0x000000000001d8d8       0x5c ./../Libraries/EMlib/debug/libEMLib_efm32_debug.a(em_usbdep.o)
 .text.USBD_GetEpFromAddr
                0x000000000001d934       0xa0 ./../Libraries/EMlib/debug/libEMLib_efm32_debug.a(em_usbdep.o)
 .text.USBD_ReArmEp0
                0x000000000001d9d4       0x64 ./../Libraries/EMlib/debug/libEMLib_efm32_debug.a(em_usbdep.o)
 .text.USBDEP_Ep0Handler
                0x000000000001da38      0x300 ./../Libraries/EMlib/debug/libEMLib_efm32_debug.a(em_usbdep.o)
                0x000000000001da38                USBDEP_Ep0Handler
 .text.USBDEP_EpHandler
                0x000000000001dd38       0x60 ./../Libraries/EMlib/debug/libEMLib_efm32_debug.a(em_usbdep.o)
                0x000000000001dd38                USBDEP_EpHandler
 .text.TIMER_CounterGet
                0x000000000001dd98       0x18 ./../Libraries/EMlib/debug/libEMLib_efm32_debug.a(em_usbtimer.o)
 .text.TIMER_TopSet
                0x000000000001ddb0       0x1c ./../Libraries/EMlib/debug/libEMLib_efm32_debug.a(em_usbtimer.o)
 .text.DelayTicks
                0x000000000001ddcc       0x4c ./../Libraries/EMlib/debug/libEMLib_efm32_debug.a(em_usbtimer.o)
 .text.USBTIMER_DelayMs
                0x000000000001de18       0x84 ./../Libraries/EMlib/debug/libEMLib_efm32_debug.a(em_usbtimer.o)
                0x000000000001de18                USBTIMER_DelayMs
 .text.USBTIMER_DelayUs
                0x000000000001de9c      0x124 ./../Libraries/EMlib/debug/libEMLib_efm32_debug.a(em_usbtimer.o)
                0x000000000001de9c                USBTIMER_DelayUs
 .text.USBTIMER_Init
                0x000000000001dfc0      0x188 ./../Libraries/EMlib/debug/libEMLib_efm32_debug.a(em_usbtimer.o)
                0x000000000001dfc0                USBTIMER_Init
 .text.GetProdRev
                0x000000000001e148       0x1c ./../Libraries/EMlib/debug/libEMLib_efm32_debug.a(system_efm32gg.o)
 .text.SystemCoreClockGet
                0x000000000001e164       0x58 ./../Libraries/EMlib/debug/libEMLib_efm32_debug.a(system_efm32gg.o)
                0x000000000001e164                SystemCoreClockGet
 .text.SystemHFClockGet
                0x000000000001e1bc      0x110 ./../Libraries/EMlib/debug/libEMLib_efm32_debug.a(system_efm32gg.o)
                0x000000000001e1bc                SystemHFClockGet
 .text.SystemHFXOClockGet
                0x000000000001e2cc       0x18 ./../Libraries/EMlib/debug/libEMLib_efm32_debug.a(system_efm32gg.o)
                0x000000000001e2cc                SystemHFXOClockGet
 .text.SystemInit
                0x000000000001e2e4        0xc ./../Libraries/EMlib/debug/libEMLib_efm32_debug.a(system_efm32gg.o)
                0x000000000001e2e4                SystemInit
 .text.SystemLFRCOClockGet
                0x000000000001e2f0       0x10 ./../Libraries/EMlib/debug/libEMLib_efm32_debug.a(system_efm32gg.o)
                0x000000000001e2f0                SystemLFRCOClockGet
 .text.SystemULFRCOClockGet
                0x000000000001e300       0x10 ./../Libraries/EMlib/debug/libEMLib_efm32_debug.a(system_efm32gg.o)
                0x000000000001e300                SystemULFRCOClockGet
 .text.SystemLFXOClockGet
                0x000000000001e310       0x18 ./../Libraries/EMlib/debug/libEMLib_efm32_debug.a(system_efm32gg.o)
                0x000000000001e310                SystemLFXOClockGet
 .text.PRS_SourceSignalSet
                0x000000000001e328       0x3c ./../Libraries/EMlib/debug/libEMLib_efm32_debug.a(em_prs.o)
                0x000000000001e328                PRS_SourceSignalSet
 .text.USBDHAL_ActivateEp
                0x000000000001e364      0x148 ./../Libraries/EMlib/debug/libEMLib_efm32_debug.a(em_usbdch9.o)
 .text.USBDHAL_DeactivateEp
                0x000000000001e4ac       0x88 ./../Libraries/EMlib/debug/libEMLib_efm32_debug.a(em_usbdch9.o)
 .text.USBDHAL_GetStallStatusEp
                0x000000000001e534       0xc0 ./../Libraries/EMlib/debug/libEMLib_efm32_debug.a(em_usbdch9.o)
 .text.USBDHAL_SetAddr
                0x000000000001e5f4       0x3c ./../Libraries/EMlib/debug/libEMLib_efm32_debug.a(em_usbdch9.o)
 .text.USBDHAL_StallEp
                0x000000000001e630       0xcc ./../Libraries/EMlib/debug/libEMLib_efm32_debug.a(em_usbdch9.o)
 .text.USBDHAL_UnStallEp
                0x000000000001e6fc       0xe4 ./../Libraries/EMlib/debug/libEMLib_efm32_debug.a(em_usbdch9.o)
 .text.USBD_ActivateAllEps
                0x000000000001e7e0       0x54 ./../Libraries/EMlib/debug/libEMLib_efm32_debug.a(em_usbdch9.o)
 .text.USBD_DeactivateAllEps
                0x000000000001e834       0x68 ./../Libraries/EMlib/debug/libEMLib_efm32_debug.a(em_usbdch9.o)
 .text.USBD_GetEpFromAddr
                0x000000000001e89c       0xa0 ./../Libraries/EMlib/debug/libEMLib_efm32_debug.a(em_usbdch9.o)
 .text.USBDCH9_SetupCmd
                0x000000000001e93c       0xec ./../Libraries/EMlib/debug/libEMLib_efm32_debug.a(em_usbdch9.o)
                0x000000000001e93c                USBDCH9_SetupCmd
 .text.ClearFeature
                0x000000000001ea28       0xcc ./../Libraries/EMlib/debug/libEMLib_efm32_debug.a(em_usbdch9.o)
 .text.GetConfiguration
                0x000000000001eaf4       0xb8 ./../Libraries/EMlib/debug/libEMLib_efm32_debug.a(em_usbdch9.o)
 .text.GetDescriptor
                0x000000000001ebac      0x10c ./../Libraries/EMlib/debug/libEMLib_efm32_debug.a(em_usbdch9.o)
 .text.GetInterface
                0x000000000001ecb8       0x94 ./../Libraries/EMlib/debug/libEMLib_efm32_debug.a(em_usbdch9.o)
 .text.GetStatus
                0x000000000001ed4c      0x1b4 ./../Libraries/EMlib/debug/libEMLib_efm32_debug.a(em_usbdch9.o)
 .text.SetAddress
                0x000000000001ef00       0xb4 ./../Libraries/EMlib/debug/libEMLib_efm32_debug.a(em_usbdch9.o)
 .text.SetConfiguration
                0x000000000001efb4      0x10c ./../Libraries/EMlib/debug/libEMLib_efm32_debug.a(em_usbdch9.o)
 .text.SetFeature
                0x000000000001f0c0      0x100 ./../Libraries/EMlib/debug/libEMLib_efm32_debug.a(em_usbdch9.o)
 .text.SetInterface
                0x000000000001f1c0       0x68 ./../Libraries/EMlib/debug/libEMLib_efm32_debug.a(em_usbdch9.o)
 .text.bme280_init
                0x000000000001f228       0xcc ./../Libraries/BSTLib/debug/libBSTLib_efm32_debug.a(bme280.o)
                0x000000000001f228                bme280_init
 .text.bme280_read_uncomp_temperature
                0x000000000001f2f4       0x90 ./../Libraries/BSTLib/debug/libBSTLib_efm32_debug.a(bme280.o)
                0x000000000001f2f4                bme280_read_uncomp_temperature
 .text.bme280_compensate_temperature_int32
                0x000000000001f384       0xd0 ./../Libraries/BSTLib/debug/libBSTLib_efm32_debug.a(bme280.o)
                0x000000000001f384                bme280_compensate_temperature_int32
 .text.bme280_read_uncomp_pressure
                0x000000000001f454       0x90 ./../Libraries/BSTLib/debug/libBSTLib_efm32_debug.a(bme280.o)
                0x000000000001f454                bme280_read_uncomp_pressure
 .text.bme280_compensate_pressure_int32
                0x000000000001f4e4      0x1d4 ./../Libraries/BSTLib/debug/libBSTLib_efm32_debug.a(bme280.o)
                0x000000000001f4e4                bme280_compensate_pressure_int32
 .text.bme280_read_uncomp_humidity
                0x000000000001f6b8       0x7c ./../Libraries/BSTLib/debug/libBSTLib_efm32_debug.a(bme280.o)
                0x000000000001f6b8                bme280_read_uncomp_humidity
 .text.bme280_compensate_humidity_int32
                0x000000000001f734      0x110 ./../Libraries/BSTLib/debug/libBSTLib_efm32_debug.a(bme280.o)
                0x000000000001f734                bme280_compensate_humidity_int32
 .text.bme280_get_calib_param
                0x000000000001f844      0x2d8 ./../Libraries/BSTLib/debug/libBSTLib_efm32_debug.a(bme280.o)
                0x000000000001f844                bme280_get_calib_param
 .text.bme280_set_oversamp_temperature
                0x000000000001fb1c      0x1e8 ./../Libraries/BSTLib/debug/libBSTLib_efm32_debug.a(bme280.o)
                0x000000000001fb1c                bme280_set_oversamp_temperature
 .text.bme280_set_oversamp_pressure
                0x000000000001fd04      0x1dc ./../Libraries/BSTLib/debug/libBSTLib_efm32_debug.a(bme280.o)
                0x000000000001fd04                bme280_set_oversamp_pressure
 .text.bme280_set_oversamp_humidity
                0x000000000001fee0      0x228 ./../Libraries/BSTLib/debug/libBSTLib_efm32_debug.a(bme280.o)
                0x000000000001fee0                bme280_set_oversamp_humidity
 .text.bme280_get_power_mode
                0x0000000000020108       0x74 ./../Libraries/BSTLib/debug/libBSTLib_efm32_debug.a(bme280.o)
                0x0000000000020108                bme280_get_power_mode
 .text.bme280_set_power_mode
                0x000000000002017c      0x1e8 ./../Libraries/BSTLib/debug/libBSTLib_efm32_debug.a(bme280.o)
                0x000000000002017c                bme280_set_power_mode
 .text.bme280_set_soft_rst
                0x0000000000020364       0x64 ./../Libraries/BSTLib/debug/libBSTLib_efm32_debug.a(bme280.o)
                0x0000000000020364                bme280_set_soft_rst
 .text.bme280_set_standby_durn
                0x00000000000203c8      0x1e0 ./../Libraries/BSTLib/debug/libBSTLib_efm32_debug.a(bme280.o)
                0x00000000000203c8                bme280_set_standby_durn
 .text.bme280_write_register
                0x00000000000205a8       0x64 ./../Libraries/BSTLib/debug/libBSTLib_efm32_debug.a(bme280.o)
                0x00000000000205a8                bme280_write_register
 .text.bme280_read_register
                0x000000000002060c       0x64 ./../Libraries/BSTLib/debug/libBSTLib_efm32_debug.a(bme280.o)
                0x000000000002060c                bme280_read_register
 .text.Retcode_initialize
                0x0000000000020670       0x60 ./../Platform/Essentials/release/libEssentials_efm32.a(Retcode.o)
                0x0000000000020670                Retcode_initialize
 .text.Retcode_raiseError
                0x00000000000206d0       0x24 ./../Platform/Essentials/release/libEssentials_efm32.a(Retcode.o)
                0x00000000000206d0                Retcode_raiseError
 .text.Retcode_raiseErrorFromIsr
                0x00000000000206f4       0x24 ./../Platform/Essentials/release/libEssentials_efm32.a(Retcode.o)
                0x00000000000206f4                Retcode_raiseErrorFromIsr
 .text.CmdProcessor_initialize
                0x0000000000020718       0xe0 ./../Platform/Utils/release/libUtils_efm32.a(CmdProcessor.o)
                0x0000000000020718                CmdProcessor_initialize
 .text.CmdProcessor_enqueue
                0x00000000000207f8       0x74 ./../Platform/Utils/release/libUtils_efm32.a(CmdProcessor.o)
                0x00000000000207f8                CmdProcessor_enqueue
 .text.run      0x000000000002086c       0x14 ./../Platform/Utils/release/libUtils_efm32.a(CmdProcessor.o)
 .text.dequeue  0x0000000000020880       0x80 ./../Platform/Utils/release/libUtils_efm32.a(CmdProcessor.o)
 .text.NVM_Initialize
                0x0000000000020900       0x4c ./../Platform/Drivers/release/libDrivers_efm32.a(BCDS_NVM.o)
                0x0000000000020900                NVM_Initialize
 .text.objectConsistencyCheck
                0x000000000002094c       0x58 ./../Platform/Drivers/release/libDrivers_efm32.a(BCDS_NVM.o)
 .text.NVM_Read
                0x00000000000209a4       0x7c ./../Platform/Drivers/release/libDrivers_efm32.a(BCDS_NVM.o)
                0x00000000000209a4                NVM_Read
 .text.itemConsistencyCheck
                0x0000000000020a20       0x50 ./../Platform/Drivers/release/libDrivers_efm32.a(BCDS_NVM.o)
 .text.NVM_Write
                0x0000000000020a70       0x94 ./../Platform/Drivers/release/libDrivers_efm32.a(BCDS_NVM.o)
                0x0000000000020a70                NVM_Write
 .text.NVM_Flush
                0x0000000000020b04       0x9c ./../Platform/Drivers/release/libDrivers_efm32.a(BCDS_NVM.o)
                0x0000000000020b04                NVM_Flush
 .text.sectionUpdateRequired
                0x0000000000020ba0       0x8c ./../Platform/Drivers/release/libDrivers_efm32.a(BCDS_NVM.o)
 .text.NVM_ReadUInt8
                0x0000000000020c2c       0x40 ./../Platform/Drivers/release/libDrivers_efm32.a(BCDS_NVM.o)
                0x0000000000020c2c                NVM_ReadUInt8
 .text.NVM_WriteUInt8
                0x0000000000020c6c       0x40 ./../Platform/Drivers/release/libDrivers_efm32.a(BCDS_NVM.o)
                0x0000000000020c6c                NVM_WriteUInt8
 .text.isLittleEndianPlatform
                0x0000000000020cac       0x30 ./../Platform/Drivers/release/libDrivers_efm32.a(BCDS_NVM.o)
 .text.NVM_IsEndiannessDifferent
                0x0000000000020cdc       0x54 ./../Platform/Drivers/release/libDrivers_efm32.a(BCDS_NVM.o)
 .text.NVM_SwapBytes
                0x0000000000020d30       0xc4 ./../Platform/Drivers/release/libDrivers_efm32.a(BCDS_NVM.o)
 .text.MappingI2cLibError
                0x0000000000020df4       0x38 ./../Platform/Drivers/release/libDrivers_efm32.a(Max44009.o)
 .text.MAX44009_combineLuxLowHighReg
                0x0000000000020e2c       0x48 ./../Platform/Drivers/release/libDrivers_efm32.a(Max44009.o)
 .text.MAX44009_init
                0x0000000000020e74       0x34 ./../Platform/Drivers/release/libDrivers_efm32.a(Max44009.o)
                0x0000000000020e74                MAX44009_init
 .text.MAX44009_setCdr
                0x0000000000020ea8       0xb8 ./../Platform/Drivers/release/libDrivers_efm32.a(Max44009.o)
                0x0000000000020ea8                MAX44009_setCdr
 .text.MAX44009_getConfigurationReg
                0x0000000000020f60       0x74 ./../Platform/Drivers/release/libDrivers_efm32.a(Max44009.o)
                0x0000000000020f60                MAX44009_getConfigurationReg
 .text.MAX44009_setIntegrationTime
                0x0000000000020fd4       0xac ./../Platform/Drivers/release/libDrivers_efm32.a(Max44009.o)
                0x0000000000020fd4                MAX44009_setIntegrationTime
 .text.MAX44009_getSensorData
                0x0000000000021080       0xe0 ./../Platform/Drivers/release/libDrivers_efm32.a(Max44009.o)
                0x0000000000021080                MAX44009_getSensorData
 .text.MAX44009_getDataInMilliLux
                0x0000000000021160       0x70 ./../Platform/Drivers/release/libDrivers_efm32.a(Max44009.o)
                0x0000000000021160                MAX44009_getDataInMilliLux
 .text.MAX44009_setContinousModeReg
                0x00000000000211d0       0xbc ./../Platform/Drivers/release/libDrivers_efm32.a(Max44009.o)
                0x00000000000211d0                MAX44009_setContinousModeReg
 .text.Bidirectional_ServiceCallback
                0x000000000002128c      0x104 ./../Platform/BLE/release/libBLE_efm32.a(BidirectionalService.o)
 .text.BidirectionalService_Init
                0x0000000000021390       0x44 ./../Platform/BLE/release/libBLE_efm32.a(BidirectionalService.o)
                0x0000000000021390                BidirectionalService_Init
 .text.BidirectionalService_Register
                0x00000000000213d4      0x15c ./../Platform/BLE/release/libBLE_efm32.a(BidirectionalService.o)
                0x00000000000213d4                BidirectionalService_Register
 .text.BidirectionalService_SendData
                0x0000000000021530      0x11c ./../Platform/BLE/release/libBLE_efm32.a(BidirectionalService.o)
                0x0000000000021530                BidirectionalService_SendData
 .text.Retcode_getCode
                0x000000000002164c       0x20 ./../Platform/BLE/release/libBLE_efm32.a(BlePeripheral.o)
 .text.BlePeripheralTaskResumeTrigger
                0x000000000002166c       0x48 ./../Platform/BLE/release/libBLE_efm32.a(BlePeripheral.o)
 .text.BlePeripheralTaskCreate
                0x00000000000216b4       0x70 ./../Platform/BLE/release/libBLE_efm32.a(BlePeripheral.o)
 .text.BlePeripheralTaskSetHandleCreate
                0x0000000000021724       0xe0 ./../Platform/BLE/release/libBLE_efm32.a(BlePeripheral.o)
 .text.BlePeripheralRxHandleCreate
                0x0000000000021804       0x5c ./../Platform/BLE/release/libBLE_efm32.a(BlePeripheral.o)
 .text.BlePeripheralNotifyHandleCreate
                0x0000000000021860       0x58 ./../Platform/BLE/release/libBLE_efm32.a(BlePeripheral.o)
 .text.BlePeripheralTaskResumeTriggerFromIsr
                0x00000000000218b8       0x44 ./../Platform/BLE/release/libBLE_efm32.a(BlePeripheral.o)
 .text.BlePeripheralConfigure
                0x00000000000218fc      0x104 ./../Platform/BLE/release/libBLE_efm32.a(BlePeripheral.o)
 .text.BlePeripheralTask
                0x0000000000021a00       0xf0 ./../Platform/BLE/release/libBLE_efm32.a(BlePeripheral.o)
 .text.BlePeripheral_Initialize
                0x0000000000021af0       0xa0 ./../Platform/BLE/release/libBLE_efm32.a(BlePeripheral.o)
                0x0000000000021af0                BlePeripheral_Initialize
 .text.BlePeripheral_SetDeviceName
                0x0000000000021b90       0x70 ./../Platform/BLE/release/libBLE_efm32.a(BlePeripheral.o)
                0x0000000000021b90                BlePeripheral_SetDeviceName
 .text.BlePeripheral_SetMacAddress