Archive member included because of file (symbol)

./../Platform/BLE/debug/libBLE_efm32_debug.a(BLE_serialDriver_cc.o)
                              /home/venturus/Documents/devel/beeinformed_edge_fw/debug/objects/app_ble.o (BLE_hciReceiveData)
./../Platform/BLE/debug/libBLE_efm32_debug.a(BLE_stateHandler_cc.o)
                              /home/venturus/Documents/devel/beeinformed_edge_fw/debug/objects/app_ble.o (BLE_coreStackInit)
./../Platform/BLE/debug/libBLE_efm32_debug.a(BLE_radioInterface_cc.o)
                              ./../Platform/BLE/debug/libBLE_efm32_debug.a(BLE_stateHandler_cc.o) (BLERADIO_IsPublicAddressValid)
./../Platform/Sensors/debug/libSensors_efm32_debug.a(Environmental.o)
                              /home/venturus/Documents/devel/beeinformed_edge_fw/debug/objects/XdkApplicationTemplate.o (Environmental_setPowerMode)
./../Platform/Sensors/debug/libSensors_efm32_debug.a(Gyroscope.o)
                              ./../Platform/SensorToolbox/release/libSensorToolbox.a (Gyroscope_init)
./../Platform/Sensors/debug/libSensors_efm32_debug.a(Accelerometer.o)
                              ./../Platform/SensorToolbox/release/libSensorToolbox.a (Accelerometer_init)
./../Platform/Sensors/debug/libSensors_efm32_debug.a(LightSensor.o)
                              /home/venturus/Documents/devel/beeinformed_edge_fw/debug/objects/XdkApplicationTemplate.o (LightSensor_init)
./../Platform/Sensors/debug/libSensors_efm32_debug.a(Magnetometer.o)
                              ./../Platform/SensorToolbox/release/libSensorToolbox.a (Magnetometer_init)
./../Platform/SensorUtils/debug/libSensorUtils_efm32_debug.a(Bma280Utils.o)
                              ./../Platform/Sensors/debug/libSensors_efm32_debug.a(Accelerometer.o) (Bma280Utils_initialize)
./../Platform/SensorUtils/debug/libSensorUtils_efm32_debug.a(AxisRemap.o)
                              ./../Platform/SensorUtils/debug/libSensorUtils_efm32_debug.a(Bma280Utils.o) (AxisRemap_remapSensorData)
./../Platform/SensorUtils/debug/libSensorUtils_efm32_debug.a(Bmi160Utils.o)
                              ./../Platform/Sensors/debug/libSensors_efm32_debug.a(Gyroscope.o) (Bmi160Utils_initialize)
./../Platform/SensorUtils/debug/libSensorUtils_efm32_debug.a(Bmg160Utils.o)
                              ./../Platform/Sensors/debug/libSensors_efm32_debug.a(Gyroscope.o) (Bmg160Utils_initialize)
./../Platform/SensorUtils/debug/libSensorUtils_efm32_debug.a(Bme280Utils.o)
                              ./../Platform/Sensors/debug/libSensors_efm32_debug.a(Environmental.o) (Bme280Utils_initialize)
./../Platform/SensorUtils/debug/libSensorUtils_efm32_debug.a(Bmm150Utils.o)
                              ./../Platform/Sensors/debug/libSensors_efm32_debug.a(Magnetometer.o) (Bmm150Utils_initialize)
./../Platform/SensorUtils/debug/libSensorUtils_efm32_debug.a(Max44009Utils.o)
                              ./../Platform/Sensors/debug/libSensors_efm32_debug.a(LightSensor.o) (Max44009Utils_initialize)
./../Libraries/FreeRTOS/FreeRTOS/../BCDS_Customization/debug/libFreeRTOS_efm32_debug.a(queue.o)
                              /home/venturus/Documents/devel/beeinformed_edge_fw/debug/objects/app_ble.o (xQueueGenericCreate)
./../Libraries/FreeRTOS/FreeRTOS/../BCDS_Customization/debug/libFreeRTOS_efm32_debug.a(tasks.o)
                              /home/venturus/Documents/devel/beeinformed_edge_fw/debug/objects/app_ble.o (xTaskGenericCreate)
./../Libraries/FreeRTOS/FreeRTOS/../BCDS_Customization/debug/libFreeRTOS_efm32_debug.a(timers.o)
                              ./../Libraries/FreeRTOS/FreeRTOS/../BCDS_Customization/debug/libFreeRTOS_efm32_debug.a(tasks.o) (xTimerCreateTimerTask)
./../Libraries/FreeRTOS/FreeRTOS/../BCDS_Customization/debug/libFreeRTOS_efm32_debug.a(heap_4.o)
                              ./../Libraries/FreeRTOS/FreeRTOS/../BCDS_Customization/debug/libFreeRTOS_efm32_debug.a(queue.o) (pvPortMalloc)
./../Libraries/FreeRTOS/FreeRTOS/../BCDS_Customization/debug/libFreeRTOS_efm32_debug.a(port.o)
                              ./../Libraries/FreeRTOS/FreeRTOS/../BCDS_Customization/debug/libFreeRTOS_efm32_debug.a(tasks.o) (pxPortInitialiseStack)
./../Libraries/FreeRTOS/FreeRTOS/../BCDS_Customization/debug/libFreeRTOS_efm32_debug.a(list.o)
                              ./../Libraries/FreeRTOS/FreeRTOS/../BCDS_Customization/debug/libFreeRTOS_efm32_debug.a(queue.o) (vListInitialise)
./../Platform/Peripherals/debug/libPeripherals_efm32_debug.a(I2C_cc.o)
                              ./../Platform/SensorUtils/debug/libSensorUtils_efm32_debug.a(Bma280Utils.o) (I2C_delayFunction)
./../Platform/Peripherals/debug/libPeripherals_efm32_debug.a(SID_serialDriverInf_cc.o)
                              ./../Platform/Peripherals/debug/libPeripherals_efm32_debug.a(I2C_cc.o) (SID_init)
./../Platform/Peripherals/debug/libPeripherals_efm32_debug.a(I2C_efm32Driver_cc.o)
[...]
Memory Configuration

Name             Origin             Length             Attributes
FLASH            0x00010000         0x000f0000         xr
RAM              0x20000000         0x00020000         xrw
*default*        0x00000000         0xffffffff

Linker script and memory map

LOAD /opt/XDK-Workbench/armGCC/bin/../lib/gcc/arm-none-eabi/4.7.4/armv7-m/crti.o
LOAD /opt/XDK-Workbench/armGCC/bin/../lib/gcc/arm-none-eabi/4.7.4/armv7-m/crtbegin.o
LOAD /opt/XDK-Workbench/armGCC/bin/../lib/gcc/arm-none-eabi/4.7.4/../../../../arm-none-eabi/lib/armv7-m/crt0.o
LOAD /home/venturus/Documents/devel/beeinformed_edge_fw/debug/objects/./../Platform/Utils/source/RSM_retargetStdioMessage/retargetio.o
LOAD /home/venturus/Documents/devel/beeinformed_edge_fw/debug/objects/./../Libraries/EMlib/EMLib/usb/src/em_usbdint.o
LOAD /home/venturus/Documents/devel/beeinformed_edge_fw/debug/objects/main.o
LOAD /home/venturus/Documents/devel/beeinformed_edge_fw/debug/objects/app_ble.o
LOAD /home/venturus/Documents/devel/beeinformed_edge_fw/debug/objects/XdkApplicationTemplate.o
LOAD /home/venturus/Documents/devel/beeinformed_edge_fw/debug/objects/edge_data_env.o
LOAD /home/venturus/Documents/devel/beeinformed_edge_fw/debug/objects/edge_temp_acq.o
LOAD /home/venturus/Documents/devel/beeinformed_edge_fw/debug/objects/edge_humi_acq.o
LOAD /home/venturus/Documents/devel/beeinformed_edge_fw/debug/objects/edge_press_acq.o
LOAD /home/venturus/Documents/devel/beeinformed_edge_fw/debug/objects/edge_lumi_acq.o
LOAD /home/venturus/Documents/devel/beeinformed_edge_fw/debug/objects/edge_audio_acq.o
LOAD /home/venturus/Documents/devel/beeinformed_edge_fw/debug/objects/startup_efm32gg.o
START GROUP
LOAD ./../Platform/SensorToolbox/release/libSensorToolbox.a
LOAD ./../Libraries/WiFi/TI/../BCDS_Customization/debug/libWifiLib_efm32_debug.a
LOAD ./../Platform/Wlan/debug/libWlan_efm32_debug.a
LOAD ./../Libraries/ServalStack/BCDS_Customization/release/libServalStack_efm32.a
LOAD ./../Platform/ServalPAL_WiFi/release/libServalPalWifi_efm32.a
LOAD ./../Platform/MiscDrivers/debug/libMiscDrivers_efm32_debug.a
LOAD ./../Platform/BLE/debug/libBLE_efm32_debug.a
LOAD ./../Platform/Sensors/debug/libSensors_efm32_debug.a
LOAD ./../Platform/SensorUtils/debug/libSensorUtils_efm32_debug.a
LOAD ./../Libraries/FreeRTOS/FreeRTOS/../BCDS_Customization/debug/libFreeRTOS_efm32_debug.a
LOAD ./../Platform/Peripherals/debug/libPeripherals_efm32_debug.a
LOAD ./../Libraries/EMlib/EMLib/../BCDS_Customization/debug/libEMLib_efm32_debug.a
LOAD ./../Libraries/BSTLib/BST_Github/../BCDS_Customization/debug/libBSTLib_efm32_debug.a
LOAD ../Common/debug/XDKCommon_efm32_debug.a
LOAD ./../Platform/Utils/debug/libUtils_efm32_debug.a
LOAD ./../Platform/Basics/debug/libBasics_efm32_debug.a
LOAD ./../Platform/SensorDrivers/debug/libSensorDrivers_efm32_debug.a
LOAD ./../Platform/Power/debug/libPOWER_efm32_debug.a
LOAD ./../Platform/SensorDrivers/debug/libSensorDrivers_efm32_debug.a
LOAD ./../Libraries/FATfs/BCDS_Customization/debug/libFATfs_efm32_debug.a
LOAD ./../Platform/FOTA/debug/libFOTA_efm32_debug.a
LOAD ./../Libraries/Escrypt_CycurTLS/CycurTLS/src/cycurlib/../../../BCDS_Customization/release/libCYCURTLS_efm32.a
LOAD ./../Libraries/BLEStack/Alpwise/Core_Stack/Libraries/BLESW_CoreStack_CM3.a
LOAD ./../Libraries/BLEStack/Alpwise/Service/Data_Exchange_Service/Libraries/BLESW_ALPWDEP_Server_CM3.a
LOAD ./../Libraries/BLEStack/Alpwise/Core_Stack/Libraries/BLESW_ALPWDES_CM3.a
LOAD ./../Libraries/BLEStack/Alpwise/Service/BLESW_AlertNotification/Libraries/BLESW_ANP_Server_CM3.a
LOAD ./../Libraries/BLEStack/Alpwise/Core_Stack/Libraries/BLESW_ANS_CM3.a
LOAD ./../Libraries/BLEStack/Alpwise/Service/BLESW_BloodPressure/Libraries/BLESW_BLP_Sensor_CM3.a
LOAD ./../Libraries/BLEStack/Alpwise/Core_Stack/Libraries/BLESW_BLS_CM3.a
LOAD ./../Libraries/BLEStack/Alpwise/Service/BLESW_CyclingPower/Libraries/BLESW_CPP_Sensor_CM3.a
LOAD ./../Libraries/BLEStack/Alpwise/Core_Stack/Libraries/BLESW_CPS_CM3.a
LOAD ./../Libraries/BLEStack/Alpwise/Service/BLESW_CyclingSpeedAndCadence/Libraries/BLESW_CSCP_Sensor_CM3.a
LOAD ./../Libraries/BLEStack/Alpwise/Core_Stack/Libraries/BLESW_CSCS_CM3.a
LOAD ./../Libraries/BLEStack/Alpwise/Service/BLESW_Glucose/Libraries/BLESW_GLP_Sensor_CM3.a
LOAD ./../Libraries/BLEStack/Alpwise/Core_Stack/Libraries/BLESW_GLS_CM3.a
LOAD ./../Libraries/BLEStack/Alpwise/Service/BLESW_HealthThermometer/Libraries/BLESW_HTP_Thermometer_CM3.a
LOAD ./../Libraries/BLEStack/Alpwise/Core_Stack/Libraries/BLESW_HTS_CM3.a
LOAD ./../Libraries/BLEStack/Alpwise/Service/BLESW_HeartRate/Libraries/BLESW_HRP_Sensor_CM3.a
LOAD ./../Libraries/BLEStack/Alpwise/Core_Stack/Libraries/BLESW_HRS_CM3.a
LOAD ./../Libraries/BLEStack/Alpwise/Service/BLESW_HumanInterfaceDevice/Libraries/BLESW_HID_Host_CM3.a
LOAD ./../Libraries/BLEStack/Alpwise/Core_Stack/Libraries/BLESW_HIDS_CM3.a
LOAD ./../Libraries/BLEStack/Alpwise/Service/BLESW_LocationAndNavigation/Libraries/BLESW_LNP_Sensor_CM3.a
LOAD ./../Libraries/BLEStack/Alpwise/Core_Stack/Libraries/BLESW_LNS_CM3.a
LOAD ./../Libraries/BLEStack/Alpwise/Service/BLESW_NetworkAvailability/Libraries/BLESW_NWAP_Reporter_CM3.a
LOAD ./../Libraries/BLEStack/Alpwise/Core_Stack/Libraries/BLESW_NWAS_CM3.a
LOAD ./../Libraries/BLEStack/Alpwise/Service/BLESW_PhoneAlertStatus/Libraries/BLESW_PASP_Server_CM3.a
LOAD ./../Libraries/BLEStack/Alpwise/Core_Stack/Libraries/BLESW_PASS_CM3.a
LOAD ./../Libraries/BLEStack/Alpwise/Service/BLESW_RunningSpeedAndCadence/Libraries/BLESW_RSCP_Sensor_CM3.a
LOAD ./../Libraries/BLEStack/Alpwise/Core_Stack/Libraries/BLESW_RSCS_CM3.a
LOAD ./../Libraries/EMlib/EMLib/CMSIS/Lib/GCC/libarm_cortexM3l_math.a
END GROUP
START GROUP
LOAD /opt/XDK-Workbench/armGCC/bin/../lib/gcc/arm-none-eabi/4.7.4/armv7-m/libgcc.a
LOAD /opt/XDK-Workbench/armGCC/bin/../lib/gcc/arm-none-eabi/4.7.4/../../../../arm-none-eabi/lib/armv7-m/libc.a
LOAD /opt/XDK-Workbench/armGCC/bin/../lib/gcc/arm-none-eabi/4.7.4/../../../../arm-none-eabi/lib/armv7-m/libm.a
END GROUP
START GROUP
LOAD /opt/XDK-Workbench/armGCC/bin/../lib/gcc/arm-none-eabi/4.7.4/armv7-m/libgcc.a
LOAD /opt/XDK-Workbench/armGCC/bin/../lib/gcc/arm-none-eabi/4.7.4/../../../../arm-none-eabi/lib/armv7-m/libc.a
END GROUP
LOAD /opt/XDK-Workbench/armGCC/bin/../lib/gcc/arm-none-eabi/4.7.4/armv7-m/crtend.o
LOAD /opt/XDK-Workbench/armGCC/bin/../lib/gcc/arm-none-eabi/4.7.4/armv7-m/crtn.o

.text           0x00010000    0x2562c
 *(.isr_vector)
 .isr_vector    0x00010000      0x100 /home/venturus/Documents/devel/beeinformed_edge_fw/debug/objects/startup_efm32gg.o
                0x00010000                __isr_vector
 *(.text*)
 .text          0x00010100       0x54 /opt/XDK-Workbench/armGCC/bin/../lib/gcc/arm-none-eabi/4.7.4/armv7-m/crtbegin.o
 .text          0x00010154       0x70 /opt/XDK-Workbench/armGCC/bin/../lib/gcc/arm-none-eabi/4.7.4/../../../../arm-none-eabi/lib/armv7-m/crt0.o
                0x00010154                _mainCRTStartup
                0x00010154                _start
                0x00010154                start
 .text._close   0x000101c4       0x18 /home/venturus/Documents/devel/beeinformed_edge_fw/debug/objects/./../Platform/Utils/source/RSM_retargetStdioMessage/retargetio.o
                0x000101c4                _close
 .text._exit    0x000101dc        0xc /home/venturus/Documents/devel/beeinformed_edge_fw/debug/objects/./../Platform/Utils/source/RSM_retargetStdioMessage/retargetio.o
                0x000101dc                _exit
 .text._fstat   0x000101e8       0x24 /home/venturus/Documents/devel/beeinformed_edge_fw/debug/objects/./../Platform/Utils/source/RSM_retargetStdioMessage/retargetio.o
                0x000101e8                _fstat
 .text._isatty  0x0001020c       0x18 /home/venturus/Documents/devel/beeinformed_edge_fw/debug/objects/./../Platform/Utils/source/RSM_retargetStdioMessage/retargetio.o
                0x0001020c                _isatty
 .text._lseek   0x00010224       0x1c /home/venturus/Documents/devel/beeinformed_edge_fw/debug/objects/./../Platform/Utils/source/RSM_retargetStdioMessage/retargetio.o
                0x00010224                _lseek
 .text._read    0x00010240       0x70 /home/venturus/Documents/devel/beeinformed_edge_fw/debug/objects/./../Platform/Utils/source/RSM_retargetStdioMessage/retargetio.o
                0x00010240                _read
 .text._sbrk    0x000102b0       0xa0 /home/venturus/Documents/devel/beeinformed_edge_fw/debug/objects/./../Platform/Utils/source/RSM_retargetStdioMessage/retargetio.o
                0x000102b0                _sbrk
 .text._write   0x00010350       0x20 /home/venturus/Documents/devel/beeinformed_edge_fw/debug/objects/./../Platform/Utils/source/RSM_retargetStdioMessage/retargetio.o
                0x00010350                _write
 .text.INT_Disable
                0x00010370       0x40 /home/venturus/Documents/devel/beeinformed_edge_fw/debug/objects/./../Libraries/EMlib/EMLib/usb/src/em_usbdint.o
 .text.INT_Enable
                0x000103b0       0x54 /home/venturus/Documents/devel/beeinformed_edge_fw/debug/objects/./../Libraries/EMlib/EMLib/usb/src/em_usbdint.o
 .text.USBHAL_FlushTxFifo
                0x00010404       0x4c /home/venturus/Documents/devel/beeinformed_edge_fw/debug/objects/./../Libraries/EMlib/EMLib/usb/src/em_usbdint.o
 .text.USBHAL_GetCoreInts
                0x00010450       0x40 /home/venturus/Documents/devel/beeinformed_edge_fw/debug/objects/./../Libraries/EMlib/EMLib/usb/src/em_usbdint.o
 .text.USBDHAL_EnableInts
                0x00010490       0x70 /home/venturus/Documents/devel/beeinformed_edge_fw/debug/objects/./../Libraries/EMlib/EMLib/usb/src/em_usbdint.o
 .text.USBDHAL_Ep0Activate
                0x00010500       0x70 /home/venturus/Documents/devel/beeinformed_edge_fw/debug/objects/./../Libraries/EMlib/EMLib/usb/src/em_usbdint.o
 .text.USBDHAL_GetAllInEpInts
                0x00010570       0x48 /home/venturus/Documents/devel/beeinformed_edge_fw/debug/objects/./../Libraries/EMlib/EMLib/usb/src/em_usbdint.o
 .text.USBDHAL_GetAllOutEpInts
                0x000105b8       0x44 /home/venturus/Documents/devel/beeinformed_edge_fw/debug/objects/./../Libraries/EMlib/EMLib/usb/src/em_usbdint.o
 .text.USBDHAL_GetInEpInts
                0x000105fc       0x44 /home/venturus/Documents/devel/beeinformed_edge_fw/debug/objects/./../Libraries/EMlib/EMLib/usb/src/em_usbdint.o
 .text.USBDHAL_GetOutEpInts
                0x00010640       0x44 /home/venturus/Documents/devel/beeinformed_edge_fw/debug/objects/./../Libraries/EMlib/EMLib/usb/src/em_usbdint.o
 .text.USBDHAL_StartEp0Setup
                0x00010684       0x88 /home/venturus/Documents/devel/beeinformed_edge_fw/debug/objects/./../Libraries/EMlib/EMLib/usb/src/em_usbdint.o
 .text.USBD_GetEpFromAddr
                0x0001070c       0xa0 /home/venturus/Documents/devel/beeinformed_edge_fw/debug/objects/./../Libraries/EMlib/EMLib/usb/src/em_usbdint.o
 .text.USB_IRQHandler
                0x000107ac      0x16c /home/venturus/Documents/devel/beeinformed_edge_fw/debug/objects/./../Libraries/EMlib/EMLib/usb/src/em_usbdint.o
                0x000107ac                USB_IRQHandler
 .text.Handle_USB_GINTSTS_ENUMDONE
                0x00010918       0x3c /home/venturus/Documents/devel/beeinformed_edge_fw/debug/objects/./../Libraries/EMlib/EMLib/usb/src/em_usbdint.o
 .text.Handle_USB_GINTSTS_IEPINT
                0x00010954      0x118 /home/venturus/Documents/devel/beeinformed_edge_fw/debug/objects/./../Libraries/EMlib/EMLib/usb/src/em_usbdint.o
 .text.Handle_USB_GINTSTS_OEPINT
                0x00010a6c      0x230 /home/venturus/Documents/devel/beeinformed_edge_fw/debug/objects/./../Libraries/EMlib/EMLib/usb/src/em_usbdint.o
 .text.Handle_USB_GINTSTS_RESETDET
                0x00010c9c       0x40 /home/venturus/Documents/devel/beeinformed_edge_fw/debug/objects/./../Libraries/EMlib/EMLib/usb/src/em_usbdint.o
 .text.Handle_USB_GINTSTS_SOF
                0x00010cdc       0x64 /home/venturus/Documents/devel/beeinformed_edge_fw/debug/objects/./../Libraries/EMlib/EMLib/usb/src/em_usbdint.o
 .text.Handle_USB_GINTSTS_USBRST
                0x00010d40      0x150 /home/venturus/Documents/devel/beeinformed_edge_fw/debug/objects/./../Libraries/EMlib/EMLib/usb/src/em_usbdint.o
 .text.Handle_USB_GINTSTS_USBSUSP
                0x00010e90       0x68 /home/venturus/Documents/devel/beeinformed_edge_fw/debug/objects/./../Libraries/EMlib/EMLib/usb/src/em_usbdint.o
 .text.Handle_USB_GINTSTS_WKUPINT
                0x00010ef8       0x30 /home/venturus/Documents/devel/beeinformed_edge_fw/debug/objects/./../Libraries/EMlib/EMLib/usb/src/em_usbdint.o
 .text.main     0x00010f28       0x10 /home/venturus/Documents/devel/beeinformed_edge_fw/debug/objects/main.o
                0x00010f28                main
 .text.GPIO_PinOutToggle
                0x00010f38       0x4c /home/venturus/Documents/devel/beeinformed_edge_fw/debug/objects/app_ble.o
 .text.ble_notify_cb
                0x00010f84       0x58 /home/venturus/Documents/devel/beeinformed_edge_fw/debug/objects/app_ble.o
 .text.ble_recv_timeout_cb
                0x00010fdc       0x48 /home/venturus/Documents/devel/beeinformed_edge_fw/debug/objects/app_ble.o
 .text.ble_alpw_data_xch_cb
                0x00011024      0x2a0 /home/venturus/Documents/devel/beeinformed_edge_fw/debug/objects/app_ble.o
 .text.ble_app_service_register_cb
                0x000112c4       0x50 /home/venturus/Documents/devel/beeinformed_edge_fw/debug/objects/app_ble.o
 .text.ble_send_packet
                0x00011314       0xc0 /home/venturus/Documents/devel/beeinformed_edge_fw/debug/objects/app_ble.o
 .text.ble_init
                0x000113d4       0xbc /home/venturus/Documents/devel/beeinformed_edge_fw/debug/objects/app_ble.o
 .text.handle_temperature
                0x00011490       0x88 /home/venturus/Documents/devel/beeinformed_edge_fw/debug/objects/app_ble.o
 .text.handle_pressure
                0x00011518       0x88 /home/venturus/Documents/devel/beeinformed_edge_fw/debug/objects/app_ble.o
 .text.handle_humi
                0x000115a0       0x88 /home/venturus/Documents/devel/beeinformed_edge_fw/debug/objects/app_ble.o
 .text.handle_lumi
                0x00011628       0x88 /home/venturus/Documents/devel/beeinformed_edge_fw/debug/objects/app_ble.o
 .text.handle_audio
                0x000116b0       0xf8 /home/venturus/Documents/devel/beeinformed_edge_fw/debug/objects/app_ble.o
 .text.ble_cmd_handler
                0x000117a8       0xe0 /home/venturus/Documents/devel/beeinformed_edge_fw/debug/objects/app_ble.o
 .text.ble_hci_task
                0x00011888       0x40 /home/venturus/Documents/devel/beeinformed_edge_fw/debug/objects/app_ble.o
 .text.ble_app_task
                0x000118c8       0xe0 /home/venturus/Documents/devel/beeinformed_edge_fw/debug/objects/app_ble.o
 .text.app_ble_init
                0x000119a8      0x158 /home/venturus/Documents/devel/beeinformed_edge_fw/debug/objects/app_ble.o
                0x000119a8                app_ble_init
 .text.appInitSystem
                0x00011b00       0xd0 /home/venturus/Documents/devel/beeinformed_edge_fw/debug/objects/XdkApplicationTemplate.o
                0x00011b00                appInitSystem
 .text.temp_task
                0x00011bd0       0x6c /home/venturus/Documents/devel/beeinformed_edge_fw/debug/objects/edge_temp_acq.o
 .text.temp_app_init
                0x00011c3c       0x5c /home/venturus/Documents/devel/beeinformed_edge_fw/debug/objects/edge_temp_acq.o
                0x00011c3c                temp_app_init
 .text.humi_task
                0x00011c98       0x6c /home/venturus/Documents/devel/beeinformed_edge_fw/debug/objects/edge_humi_acq.o
 .text.humi_app_start
                0x00011d04       0x5c /home/venturus/Documents/devel/beeinformed_edge_fw/debug/objects/edge_humi_acq.o
                0x00011d04                humi_app_start
 .text.press_task
                0x00011d60       0x6c /home/venturus/Documents/devel/beeinformed_edge_fw/debug/objects/edge_press_acq.o
 .text.pressure_app_start
                0x00011dcc       0x5c /home/venturus/Documents/devel/beeinformed_edge_fw/debug/objects/edge_press_acq.o
                0x00011dcc                pressure_app_start
 .text.lumi_task
                0x00011e28       0x6c /home/venturus/Documents/devel/beeinformed_edge_fw/debug/objects/edge_lumi_acq.o
 .text.lumi_app_start
                0x00011e94       0x5c /home/venturus/Documents/devel/beeinformed_edge_fw/debug/objects/edge_lumi_acq.o
                0x00011e94                lumi_app_start
 .text.ADC_DataSingleGet
                0x00011ef0       0x18 /home/venturus/Documents/devel/beeinformed_edge_fw/debug/objects/edge_audio_acq.o
 .text.ADC_Start
                0x00011f08       0x1c /home/venturus/Documents/devel/beeinformed_edge_fw/debug/objects/edge_audio_acq.o
 .text.GPIO_PinOutSet
                0x00011f24       0x4c /home/venturus/Documents/devel/beeinformed_edge_fw/debug/objects/edge_audio_acq.o
 .text.audio_start_capture
                0x00011f70       0x4c /home/venturus/Documents/devel/beeinformed_edge_fw/debug/objects/edge_audio_acq.o
 .text.audio_dma_callback
                0x00011fbc       0x80 /home/venturus/Documents/devel/beeinformed_edge_fw/debug/objects/edge_audio_acq.o
 .text.audio_adc_timer
                0x0001203c       0xb8 /home/venturus/Documents/devel/beeinformed_edge_fw/debug/objects/edge_audio_acq.o
 .text.audio_hw_init
                0x000120f4      0x180 /home/venturus/Documents/devel/beeinformed_edge_fw/debug/objects/edge_audio_acq.o
 .text.audio_task
                0x00012274      0x124 /home/venturus/Documents/devel/beeinformed_edge_fw/debug/objects/edge_audio_acq.o
 .text.audio_app_init
                0x00012398       0x5c /home/venturus/Documents/devel/beeinformed_edge_fw/debug/objects/edge_audio_acq.o
                0x00012398                audio_app_init
 .text          0x000123f4       0x98 /home/venturus/Documents/devel/beeinformed_edge_fw/debug/objects/startup_efm32gg.o
                0x000123f4                Reset_Handler
                0x00012428                Default_Handler
                0x0001242a                NMI_Handler
                0x0001242c                HardFault_Handler
                0x0001242e                MemManage_Handler
                0x00012430                BusFault_Handler
                0x00012432                UsageFault_Handler
                0x00012436                DebugMon_Handler
                0x0001243a                SysTick_Handler
                0x00012446                ACMP0_IRQHandler
                0x0001244a                ADC0_IRQHandler
                0x0001244c                DAC0_IRQHandler
                0x00012454                TIMER1_IRQHandler
                0x00012456                TIMER2_IRQHandler
                0x00012458                TIMER3_IRQHandler
                0x0001245e                LESENSE_IRQHandler
                0x00012470                LETIMER0_IRQHandler
                0x00012472                PCNT0_IRQHandler
                0x00012474                PCNT1_IRQHandler
                0x00012476                PCNT2_IRQHandler
                0x0001247a                BURTC_IRQHandler
                0x0001247c                CMU_IRQHandler
                0x0001247e                VCMP_IRQHandler
                0x00012480                LCD_IRQHandler
                0x00012482                MSC_IRQHandler
                0x00012484                AES_IRQHandler
                0x00012486                EBI_IRQHandler
                0x00012488                EMU_IRQHandler
 .text.GPIO_PinOutClear
                0x0001248c       0x4c ./../Platform/BLE/debug/libBLE_efm32_debug.a(BLE_serialDriver_cc.o)
 .text.GPIO_PinOutSet
                0x000124d8       0x4c ./../Platform/BLE/debug/libBLE_efm32_debug.a(BLE_serialDriver_cc.o)
 .text.bleHciPtdConfig
                0x00012524       0x88 ./../Platform/BLE/debug/libBLE_efm32_debug.a(BLE_serialDriver_cc.o)
 .text.BLE_hciDriverInit
                0x000125ac       0x40 ./../Platform/BLE/debug/libBLE_efm32_debug.a(BLE_serialDriver_cc.o)
                0x000125ac                BLE_hciDriverInit
 .text.BLE_hciDriverDeinit
                0x000125ec       0x24 ./../Platform/BLE/debug/libBLE_efm32_debug.a(BLE_serialDriver_cc.o)
                0x000125ec                BLE_hciDriverDeinit
 .text.BLE_hciReceiveData
                0x00012610       0x5c ./../Platform/BLE/debug/libBLE_efm32_debug.a(BLE_serialDriver_cc.o)
                0x00012610                BLE_hciReceiveData
 .text.BLE_hciAssertWakeupPin
                0x0001266c       0x14 ./../Platform/BLE/debug/libBLE_efm32_debug.a(BLE_serialDriver_cc.o)
                0x0001266c                BLE_hciAssertWakeupPin
 .text.BLE_hciDeassertWakeupPin
                0x00012680       0x14 ./../Platform/BLE/debug/libBLE_efm32_debug.a(BLE_serialDriver_cc.o)
                0x00012680                BLE_hciDeassertWakeupPin
 .text.BLE_hciSendData
                0x00012694       0x3c ./../Platform/BLE/debug/libBLE_efm32_debug.a(BLE_serialDriver_cc.o)
                0x00012694                BLE_hciSendData
 .text.bleCoreCallback
                0x000126d0      0x224 ./../Platform/BLE/debug/libBLE_efm32_debug.a(BLE_stateHandler_cc.o)
 .text.bleGapCallback
                0x000128f4      0x1e0 ./../Platform/BLE/debug/libBLE_efm32_debug.a(BLE_stateHandler_cc.o)
 .text.bleSetNonConnectableState
                0x00012ad4       0x40 ./../Platform/BLE/debug/libBLE_efm32_debug.a(BLE_stateHandler_cc.o)
 .text.BLE_coreStackInit
                0x00012b14       0x60 ./../Platform/BLE/debug/libBLE_efm32_debug.a(BLE_stateHandler_cc.o)
                0x00012b14                BLE_coreStackInit
 .text.BLEMGMT_NotifyToRun
                0x00012b74       0x24 ./../Platform/BLE/debug/libBLE_efm32_debug.a(BLE_stateHandler_cc.o)
                0x00012b74                BLEMGMT_NotifyToRun
 .text.BLE_coreStateMachine
                0x00012b98      0x308 ./../Platform/BLE/debug/libBLE_efm32_debug.a(BLE_stateHandler_cc.o)
                0x00012b98                BLE_coreStateMachine
 .text.BLE_customServiceRegistry
                0x00012ea0       0x34 ./../Platform/BLE/debug/libBLE_efm32_debug.a(BLE_stateHandler_cc.o)
                0x00012ea0                BLE_customServiceRegistry
 .text.BLE_setDeviceName
                0x00012ed4       0x6c ./../Platform/BLE/debug/libBLE_efm32_debug.a(BLE_stateHandler_cc.o)
                0x00012ed4                BLE_setDeviceName
 .text.BLE_enablenotificationForConnect
                0x00012f40       0x48 ./../Platform/BLE/debug/libBLE_efm32_debug.a(BLE_stateHandler_cc.o)
                0x00012f40                BLE_enablenotificationForConnect
 .text.BLE_sendData
                0x00012f88       0x5c ./../Platform/BLE/debug/libBLE_efm32_debug.a(BLE_stateHandler_cc.o)
                0x00012f88                BLE_sendData
 .text.SendCommand
                0x00012fe4      0x168 ./../Platform/BLE/debug/libBLE_efm32_debug.a(BLE_radioInterface_cc.o)
 .text.BLE_checkAddressValidity
                0x0001314c       0x3c ./../Platform/BLE/debug/libBLE_efm32_debug.a(BLE_radioInterface_cc.o)
 .text.BLERADIO_Init
                0x00013188       0x44 ./../Platform/BLE/debug/libBLE_efm32_debug.a(BLE_radioInterface_cc.o)
                0x00013188                BLERADIO_Init
 .text.BLERADIO_HCIEventHandler
                0x000131cc      0x234 ./../Platform/BLE/debug/libBLE_efm32_debug.a(BLE_radioInterface_cc.o)
                0x000131cc                BLERADIO_HCIEventHandler
 .text.BLERADIO_SetPublicAddress
                0x00013400       0x44 ./../Platform/BLE/debug/libBLE_efm32_debug.a(BLE_radioInterface_cc.o)
                0x00013400                BLERADIO_SetPublicAddress
 .text.BLERADIO_RegisterGetPublicAddressCallback
                0x00013444       0x34 ./../Platform/BLE/debug/libBLE_efm32_debug.a(BLE_radioInterface_cc.o)
                0x00013444                BLERADIO_RegisterGetPublicAddressCallback
 .text.BLERADIO_IsPublicAddressValid
                0x00013478       0x18 ./../Platform/BLE/debug/libBLE_efm32_debug.a(BLE_radioInterface_cc.o)
                0x00013478                BLERADIO_IsPublicAddressValid
 .text.Retcode_getPackage
                0x00013490       0x1c ./../Platform/Sensors/debug/libSensors_efm32_debug.a(Environmental.o)
 .text.bme280LibErrorMapping
                0x000134ac       0x48 ./../Platform/Sensors/debug/libSensors_efm32_debug.a(Environmental.o)
 .text.Environmental_init
                0x000134f4       0xa4 ./../Platform/Sensors/debug/libSensors_efm32_debug.a(Environmental.o)
                0x000134f4                Environmental_init
 .text.Environmental_setPowerMode
                0x00013598       0xd4 ./../Platform/Sensors/debug/libSensors_efm32_debug.a(Environmental.o)
                0x00013598                Environmental_setPowerMode
 .text.Environmental_readTemperatureLSB
                0x0001366c       0xa4 ./../Platform/Sensors/debug/libSensors_efm32_debug.a(Environmental.o)
                0x0001366c                Environmental_readTemperatureLSB
 .text.Environmental_readPressureLSB
                0x00013710       0xa4 ./../Platform/Sensors/debug/libSensors_efm32_debug.a(Environmental.o)
                0x00013710                Environmental_readPressureLSB
 .text.Environmental_readHumidityLSB
                0x000137b4       0xa4 ./../Platform/Sensors/debug/libSensors_efm32_debug.a(Environmental.o)
                0x000137b4                Environmental_readHumidityLSB
 .text.Environmental_readTemperature
                0x00013858       0x74 ./../Platform/Sensors/debug/libSensors_efm32_debug.a(Environmental.o)
                0x00013858                Environmental_readTemperature
 .text.Environmental_readPressure
                0x000138cc       0x60 ./../Platform/Sensors/debug/libSensors_efm32_debug.a(Environmental.o)
                0x000138cc                Environmental_readPressure
 .text.Environmental_readHumidity
                0x0001392c       0x6c ./../Platform/Sensors/debug/libSensors_efm32_debug.a(Environmental.o)
                0x0001392c                Environmental_readHumidity
 .text.Retcode_getPackage
                0x00013998       0x1c ./../Platform/Sensors/debug/libSensors_efm32_debug.a(LightSensor.o)
 .text.LightSensor_init
                0x000139b4       0xa4 ./../Platform/Sensors/debug/libSensors_efm32_debug.a(LightSensor.o)
                0x000139b4                LightSensor_init
 .text.LightSensor_setContinuousMode
                0x00013a58       0xbc ./../Platform/Sensors/debug/libSensors_efm32_debug.a(LightSensor.o)
                0x00013a58                LightSensor_setContinuousMode
 .text.LightSensor_readLuxData
                0x00013b14       0xb8 ./../Platform/Sensors/debug/libSensors_efm32_debug.a(LightSensor.o)
                0x00013b14                LightSensor_readLuxData
 .text.Retcode_getPackage
                0x00013bcc       0x1c ./../Platform/SensorUtils/debug/libSensorUtils_efm32_debug.a(Bme280Utils.o)
 .text.GPIO_PinOutSet
                0x00013be8       0x4c ./../Platform/SensorUtils/debug/libSensorUtils_efm32_debug.a(Bme280Utils.o)
 .text.libErrorMapping
                0x00013c34       0x48 ./../Platform/SensorUtils/debug/libSensorUtils_efm32_debug.a(Bme280Utils.o)
 .text.Bme280Utils_initialize
                0x00013c7c      0x20c ./../Platform/SensorUtils/debug/libSensorUtils_efm32_debug.a(Bme280Utils.o)
                0x00013c7c                Bme280Utils_initialize
 .text.Retcode_getPackage
                0x00013e88       0x1c ./../Platform/SensorUtils/debug/libSensorUtils_efm32_debug.a(Max44009Utils.o)
 .text.GPIO_PinOutSet
                0x00013ea4       0x4c ./../Platform/SensorUtils/debug/libSensorUtils_efm32_debug.a(Max44009Utils.o)
 .text.libErrorMapping
                0x00013ef0       0x40 ./../Platform/SensorUtils/debug/libSensorUtils_efm32_debug.a(Max44009Utils.o)
 .text.Max44009Utils_initialize
                0x00013f30      0x238 ./../Platform/SensorUtils/debug/libSensorUtils_efm32_debug.a(Max44009Utils.o)
                0x00013f30                Max44009Utils_initialize
 .text.xQueueGenericReset
                0x00014168       0xc8 ./../Libraries/FreeRTOS/FreeRTOS/../BCDS_Customization/debug/libFreeRTOS_efm32_debug.a(queue.o)
                0x00014168                xQueueGenericReset
 .text.xQueueGenericCreate
                0x00014230       0x90 ./../Libraries/FreeRTOS/FreeRTOS/../BCDS_Customization/debug/libFreeRTOS_efm32_debug.a(queue.o)
                0x00014230                xQueueGenericCreate
 .text.xQueueCreateMutex
                0x000142c0       0xb0 ./../Libraries/FreeRTOS/FreeRTOS/../BCDS_Customization/debug/libFreeRTOS_efm32_debug.a(queue.o)
                0x000142c0                xQueueCreateMutex
 .text.xQueueGenericSend
                0x00014370      0x19c ./../Libraries/FreeRTOS/FreeRTOS/../BCDS_Customization/debug/libFreeRTOS_efm32_debug.a(queue.o)
                0x00014370                xQueueGenericSend
 .text.xQueueGenericSendFromISR
                0x0001450c       0xec ./../Libraries/FreeRTOS/FreeRTOS/../BCDS_Customization/debug/libFreeRTOS_efm32_debug.a(queue.o)
                0x0001450c                xQueueGenericSendFromISR
 .text.xQueueGenericReceive
                0x000145f8      0x1e0 ./../Libraries/FreeRTOS/FreeRTOS/../BCDS_Customization/debug/libFreeRTOS_efm32_debug.a(queue.o)
                0x000145f8                xQueueGenericReceive
 .text.xQueueReceiveFromISR
                0x000147d8       0xcc ./../Libraries/FreeRTOS/FreeRTOS/../BCDS_Customization/debug/libFreeRTOS_efm32_debug.a(queue.o)
                0x000147d8                xQueueReceiveFromISR
 .text.prvCopyDataToQueue
                0x000148a4       0xdc ./../Libraries/FreeRTOS/FreeRTOS/../BCDS_Customization/debug/libFreeRTOS_efm32_debug.a(queue.o)
 .text.prvCopyDataFromQueue
                0x00014980       0x50 ./../Libraries/FreeRTOS/FreeRTOS/../BCDS_Customization/debug/libFreeRTOS_efm32_debug.a(queue.o)
 .text.prvUnlockQueue
                0x000149d0       0xa0 ./../Libraries/FreeRTOS/FreeRTOS/../BCDS_Customization/debug/libFreeRTOS_efm32_debug.a(queue.o)
 .text.prvIsQueueEmpty
                0x00014a70       0x34 ./../Libraries/FreeRTOS/FreeRTOS/../BCDS_Customization/debug/libFreeRTOS_efm32_debug.a(queue.o)
 .text.prvIsQueueFull
                0x00014aa4       0x38 ./../Libraries/FreeRTOS/FreeRTOS/../BCDS_Customization/debug/libFreeRTOS_efm32_debug.a(queue.o)
 .text.vQueueAddToRegistry
                0x00014adc       0x64 ./../Libraries/FreeRTOS/FreeRTOS/../BCDS_Customization/debug/libFreeRTOS_efm32_debug.a(queue.o)
                0x00014adc                vQueueAddToRegistry
 .text.vQueueWaitForMessageRestricted
                0x00014b40       0x60 ./../Libraries/FreeRTOS/FreeRTOS/../BCDS_Customization/debug/libFreeRTOS_efm32_debug.a(queue.o)
                0x00014b40                vQueueWaitForMessageRestricted
 .text.xTaskGenericCreate
                0x00014ba0      0x1d0 ./../Libraries/FreeRTOS/FreeRTOS/../BCDS_Customization/debug/libFreeRTOS_efm32_debug.a(tasks.o)
                0x00014ba0                xTaskGenericCreate
 .text.vTaskDelay
                0x00014d70       0x78 ./../Libraries/FreeRTOS/FreeRTOS/../BCDS_Customization/debug/libFreeRTOS_efm32_debug.a(tasks.o)
                0x00014d70                vTaskDelay
 .text.vTaskPrioritySet
                0x00014de8      0x16c ./../Libraries/FreeRTOS/FreeRTOS/../BCDS_Customization/debug/libFreeRTOS_efm32_debug.a(tasks.o)
                0x00014de8                vTaskPrioritySet
 .text.vTaskStartScheduler
                0x00014f54       0x94 ./../Libraries/FreeRTOS/FreeRTOS/../BCDS_Customization/debug/libFreeRTOS_efm32_debug.a(tasks.o)
                0x00014f54                vTaskStartScheduler
 .text.vTaskSuspendAll
                0x00014fe8       0x24 ./../Libraries/FreeRTOS/FreeRTOS/../BCDS_Customization/debug/libFreeRTOS_efm32_debug.a(tasks.o)
                0x00014fe8                vTaskSuspendAll
 .text.xTaskResumeAll
                0x0001500c      0x17c ./../Libraries/FreeRTOS/FreeRTOS/../BCDS_Customization/debug/libFreeRTOS_efm32_debug.a(tasks.o)
                0x0001500c                xTaskResumeAll
 .text.xTaskGetTickCount
                0x00015188       0x28 ./../Libraries/FreeRTOS/FreeRTOS/../BCDS_Customization/debug/libFreeRTOS_efm32_debug.a(tasks.o)
                0x00015188                xTaskGetTickCount
 .text.xTaskIncrementTick
                0x000151b0      0x208 ./../Libraries/FreeRTOS/FreeRTOS/../BCDS_Customization/debug/libFreeRTOS_efm32_debug.a(tasks.o)
                0x000151b0                xTaskIncrementTick
 .text.vTaskSwitchContext
                0x000153b8      0x16c ./../Libraries/FreeRTOS/FreeRTOS/../BCDS_Customization/debug/libFreeRTOS_efm32_debug.a(tasks.o)
                0x000153b8                vTaskSwitchContext
 .text.vTaskPlaceOnEventList
                0x00015524       0x90 ./../Libraries/FreeRTOS/FreeRTOS/../BCDS_Customization/debug/libFreeRTOS_efm32_debug.a(tasks.o)
                0x00015524                vTaskPlaceOnEventList
 .text.vTaskPlaceOnEventListRestricted
                0x000155b4       0x68 ./../Libraries/FreeRTOS/FreeRTOS/../BCDS_Customization/debug/libFreeRTOS_efm32_debug.a(tasks.o)
                0x000155b4                vTaskPlaceOnEventListRestricted
 .text.xTaskRemoveFromEventList
                0x0001561c       0xe8 ./../Libraries/FreeRTOS/FreeRTOS/../BCDS_Customization/debug/libFreeRTOS_efm32_debug.a(tasks.o)
                0x0001561c                xTaskRemoveFromEventList
 .text.vTaskSetTimeOutState
                0x00015704       0x44 ./../Libraries/FreeRTOS/FreeRTOS/../BCDS_Customization/debug/libFreeRTOS_efm32_debug.a(tasks.o)
                0x00015704                vTaskSetTimeOutState
 .text.xTaskCheckForTimeOut
                0x00015748       0xc4 ./../Libraries/FreeRTOS/FreeRTOS/../BCDS_Customization/debug/libFreeRTOS_efm32_debug.a(tasks.o)
                0x00015748                xTaskCheckForTimeOut
 .text.vTaskMissedYield
                0x0001580c       0x18 ./../Libraries/FreeRTOS/FreeRTOS/../BCDS_Customization/debug/libFreeRTOS_efm32_debug.a(tasks.o)
                0x0001580c                vTaskMissedYield
 .text.prvIdleTask
                0x00015824       0x10 ./../Libraries/FreeRTOS/FreeRTOS/../BCDS_Customization/debug/libFreeRTOS_efm32_debug.a(tasks.o)
 .text.prvInitialiseTCBVariables
                0x00015834       0xa0 ./../Libraries/FreeRTOS/FreeRTOS/../BCDS_Customization/debug/libFreeRTOS_efm32_debug.a(tasks.o)
 .text.prvInitialiseTaskLists
                0x000158d4       0xa4 ./../Libraries/FreeRTOS/FreeRTOS/../BCDS_Customization/debug/libFreeRTOS_efm32_debug.a(tasks.o)
 .text.prvCheckTasksWaitingTermination
                0x00015978       0x9c ./../Libraries/FreeRTOS/FreeRTOS/../BCDS_Customization/debug/libFreeRTOS_efm32_debug.a(tasks.o)
 .text.prvAddCurrentTaskToDelayedList
                0x00015a14       0x8c ./../Libraries/FreeRTOS/FreeRTOS/../BCDS_Customization/debug/libFreeRTOS_efm32_debug.a(tasks.o)
 .text.prvAllocateTCBAndStack
                0x00015aa0       0x70 ./../Libraries/FreeRTOS/FreeRTOS/../BCDS_Customization/debug/libFreeRTOS_efm32_debug.a(tasks.o)
 .text.prvDeleteTCB
                0x00015b10       0x20 ./../Libraries/FreeRTOS/FreeRTOS/../BCDS_Customization/debug/libFreeRTOS_efm32_debug.a(tasks.o)
 .text.prvResetNextTaskUnblockTime
                0x00015b30       0x5c ./../Libraries/FreeRTOS/FreeRTOS/../BCDS_Customization/debug/libFreeRTOS_efm32_debug.a(tasks.o)
 .text.xTaskGetCurrentTaskHandle
                0x00015b8c       0x20 ./../Libraries/FreeRTOS/FreeRTOS/../BCDS_Customization/debug/libFreeRTOS_efm32_debug.a(tasks.o)
                0x00015b8c                xTaskGetCurrentTaskHandle
 .text.xTaskGetSchedulerState
                0x00015bac       0x48 ./../Libraries/FreeRTOS/FreeRTOS/../BCDS_Customization/debug/libFreeRTOS_efm32_debug.a(tasks.o)
                0x00015bac                xTaskGetSchedulerState
 .text.vTaskPriorityInherit
                0x00015bf4       0xf0 ./../Libraries/FreeRTOS/FreeRTOS/../BCDS_Customization/debug/libFreeRTOS_efm32_debug.a(tasks.o)
                0x00015bf4                vTaskPriorityInherit
 .text.vTaskPriorityDisinherit
                0x00015ce4       0x98 ./../Libraries/FreeRTOS/FreeRTOS/../BCDS_Customization/debug/libFreeRTOS_efm32_debug.a(tasks.o)
                0x00015ce4                vTaskPriorityDisinherit
 .text.xTimerCreateTimerTask
                0x00015d7c       0x78 ./../Libraries/FreeRTOS/FreeRTOS/../BCDS_Customization/debug/libFreeRTOS_efm32_debug.a(timers.o)
                0x00015d7c                xTimerCreateTimerTask
 .text.xTimerCreate
                0x00015df4       0x7c ./../Libraries/FreeRTOS/FreeRTOS/../BCDS_Customization/debug/libFreeRTOS_efm32_debug.a(timers.o)
                0x00015df4                xTimerCreate
 .text.xTimerGenericCommand
                0x00015e70       0xac ./../Libraries/FreeRTOS/FreeRTOS/../BCDS_Customization/debug/libFreeRTOS_efm32_debug.a(timers.o)
                0x00015e70                xTimerGenericCommand
 .text.prvProcessExpiredTimer
                0x00015f1c       0x88 ./../Libraries/FreeRTOS/FreeRTOS/../BCDS_Customization/debug/libFreeRTOS_efm32_debug.a(timers.o)
 .text.prvTimerTask
                0x00015fa4       0x24 ./../Libraries/FreeRTOS/FreeRTOS/../BCDS_Customization/debug/libFreeRTOS_efm32_debug.a(timers.o)
 .text.prvProcessTimerOrBlockTask
                0x00015fc8       0x74 ./../Libraries/FreeRTOS/FreeRTOS/../BCDS_Customization/debug/libFreeRTOS_efm32_debug.a(timers.o)
 .text.prvGetNextExpireTime
                0x0001603c       0x54 ./../Libraries/FreeRTOS/FreeRTOS/../BCDS_Customization/debug/libFreeRTOS_efm32_debug.a(timers.o)
 .text.prvSampleTimeNow
                0x00016090       0x4c ./../Libraries/FreeRTOS/FreeRTOS/../BCDS_Customization/debug/libFreeRTOS_efm32_debug.a(timers.o)
 .text.prvInsertTimerInActiveList
                0x000160dc       0x94 ./../Libraries/FreeRTOS/FreeRTOS/../BCDS_Customization/debug/libFreeRTOS_efm32_debug.a(timers.o)
 .text.prvProcessReceivedCommands
                0x00016170      0x174 ./../Libraries/FreeRTOS/FreeRTOS/../BCDS_Customization/debug/libFreeRTOS_efm32_debug.a(timers.o)
 .text.prvSwitchTimerLists
                0x000162e4       0xf0 ./../Libraries/FreeRTOS/FreeRTOS/../BCDS_Customization/debug/libFreeRTOS_efm32_debug.a(timers.o)
 .text.prvCheckForValidListAndQueue
                0x000163d4       0xb8 ./../Libraries/FreeRTOS/FreeRTOS/../BCDS_Customization/debug/libFreeRTOS_efm32_debug.a(timers.o)
 .text.xTimerPendFunctionCallFromISR
                0x0001648c       0x4c ./../Libraries/FreeRTOS/FreeRTOS/../BCDS_Customization/debug/libFreeRTOS_efm32_debug.a(timers.o)
                0x0001648c                xTimerPendFunctionCallFromISR
 .text.pvPortMalloc
                0x000164d8      0x188 ./../Libraries/FreeRTOS/FreeRTOS/../BCDS_Customization/debug/libFreeRTOS_efm32_debug.a(heap_4.o)
                0x000164d8                pvPortMalloc
 .text.vPortFree
                0x00016660       0xcc ./../Libraries/FreeRTOS/FreeRTOS/../BCDS_Customization/debug/libFreeRTOS_efm32_debug.a(heap_4.o)
                0x00016660                vPortFree
 .text.prvHeapInit
                0x0001672c      0x100 ./../Libraries/FreeRTOS/FreeRTOS/../BCDS_Customization/debug/libFreeRTOS_efm32_debug.a(heap_4.o)
 .text.prvInsertBlockIntoFreeList
                0x0001682c       0xbc ./../Libraries/FreeRTOS/FreeRTOS/../BCDS_Customization/debug/libFreeRTOS_efm32_debug.a(heap_4.o)
 .text.pxPortInitialiseStack
                0x000168e8       0x64 ./../Libraries/FreeRTOS/FreeRTOS/../BCDS_Customization/debug/libFreeRTOS_efm32_debug.a(port.o)
                0x000168e8                pxPortInitialiseStack
 .text.prvTaskExitError
                0x0001694c       0x2c ./../Libraries/FreeRTOS/FreeRTOS/../BCDS_Customization/debug/libFreeRTOS_efm32_debug.a(port.o)
 .text.SVC_Handler
                0x00016978       0x24 ./../Libraries/FreeRTOS/FreeRTOS/../BCDS_Customization/debug/libFreeRTOS_efm32_debug.a(port.o)
                0x00016978                SVC_Handler
 .text.prvPortStartFirstTask
                0x0001699c       0x1c ./../Libraries/FreeRTOS/FreeRTOS/../BCDS_Customization/debug/libFreeRTOS_efm32_debug.a(port.o)
 .text.xPortStartScheduler
                0x000169b8      0x10c ./../Libraries/FreeRTOS/FreeRTOS/../BCDS_Customization/debug/libFreeRTOS_efm32_debug.a(port.o)
                0x000169b8                xPortStartScheduler
 .text.vPortYield
                0x00016ac4       0x20 ./../Libraries/FreeRTOS/FreeRTOS/../BCDS_Customization/debug/libFreeRTOS_efm32_debug.a(port.o)
                0x00016ac4                vPortYield
 .text.vPortEnterCritical
                0x00016ae4       0x2c ./../Libraries/FreeRTOS/FreeRTOS/../BCDS_Customization/debug/libFreeRTOS_efm32_debug.a(port.o)
                0x00016ae4                vPortEnterCritical
 .text.vPortExitCritical
                0x00016b10       0x54 ./../Libraries/FreeRTOS/FreeRTOS/../BCDS_Customization/debug/libFreeRTOS_efm32_debug.a(port.o)
                0x00016b10                vPortExitCritical
 .text.ulPortSetInterruptMask
                0x00016b64       0x14 ./../Libraries/FreeRTOS/FreeRTOS/../BCDS_Customization/debug/libFreeRTOS_efm32_debug.a(port.o)
                0x00016b64                ulPortSetInterruptMask
 .text.vPortClearInterruptMask
                0x00016b78        0x8 ./../Libraries/FreeRTOS/FreeRTOS/../BCDS_Customization/debug/libFreeRTOS_efm32_debug.a(port.o)
                0x00016b78                vPortClearInterruptMask
 .text.PendSV_Handler
                0x00016b80       0x44 ./../Libraries/FreeRTOS/FreeRTOS/../BCDS_Customization/debug/libFreeRTOS_efm32_debug.a(port.o)
                0x00016b80                PendSV_Handler
 .text.vPortValidateInterruptPriority
                0x00016bc4       0x78 ./../Libraries/FreeRTOS/FreeRTOS/../BCDS_Customization/debug/libFreeRTOS_efm32_debug.a(port.o)
                0x00016bc4                vPortValidateInterruptPriority
 .text.vListInitialise
                0x00016c3c       0x40 ./../Libraries/FreeRTOS/FreeRTOS/../BCDS_Customization/debug/libFreeRTOS_efm32_debug.a(list.o)
                0x00016c3c                vListInitialise
 .text.vListInitialiseItem
                0x00016c7c       0x1c ./../Libraries/FreeRTOS/FreeRTOS/../BCDS_Customization/debug/libFreeRTOS_efm32_debug.a(list.o)
                0x00016c7c                vListInitialiseItem
 .text.vListInsertEnd
                0x00016c98       0x48 ./../Libraries/FreeRTOS/FreeRTOS/../BCDS_Customization/debug/libFreeRTOS_efm32_debug.a(list.o)
                0x00016c98                vListInsertEnd
 .text.vListInsert
                0x00016ce0       0x74 ./../Libraries/FreeRTOS/FreeRTOS/../BCDS_Customization/debug/libFreeRTOS_efm32_debug.a(list.o)
                0x00016ce0                vListInsert
 .text.uxListRemove
                0x00016d54       0x58 ./../Libraries/FreeRTOS/FreeRTOS/../BCDS_Customization/debug/libFreeRTOS_efm32_debug.a(list.o)
                0x00016d54                uxListRemove
 .text.I2C_init
                0x00016dac      0x100 ./../Platform/Peripherals/debug/libPeripherals_efm32_debug.a(I2C_cc.o)
                0x00016dac                I2C_init
 .text.I2C_delayFunction
                0x00016eac       0x54 ./../Platform/Peripherals/debug/libPeripherals_efm32_debug.a(I2C_cc.o)
                0x00016eac                I2C_delayFunction
 .text.I2C_i2cDecodeCallbackFunction
                0x00016f00      0x1b8 ./../Platform/Peripherals/debug/libPeripherals_efm32_debug.a(I2C_cc.o)
                0x00016f00                I2C_i2cDecodeCallbackFunction
 .text.I2C_busWriteChannel0
                0x000170b8       0xcc ./../Platform/Peripherals/debug/libPeripherals_efm32_debug.a(I2C_cc.o)
                0x000170b8                I2C_busWriteChannel0
 .text.I2C_busWriteChannel1
                0x00017184       0xcc ./../Platform/Peripherals/debug/libPeripherals_efm32_debug.a(I2C_cc.o)
                0x00017184                I2C_busWriteChannel1
 .text.I2C_busReadChannel0
                0x00017250      0x100 ./../Platform/Peripherals/debug/libPeripherals_efm32_debug.a(I2C_cc.o)
                0x00017250                I2C_busReadChannel0
 .text.I2C_busReadChannel1
                0x00017350      0x100 ./../Platform/Peripherals/debug/libPeripherals_efm32_debug.a(I2C_cc.o)
                0x00017350                I2C_busReadChannel1
 .text.SID_init
                0x00017450       0xc4 ./../Platform/Peripherals/debug/libPeripherals_efm32_debug.a(SID_serialDriverInf_cc.o)
                0x00017450                SID_init
 .text.SID_send
                0x00017514       0x9c ./../Platform/Peripherals/debug/libPeripherals_efm32_debug.a(SID_serialDriverInf_cc.o)
                0x00017514                SID_send
 .text.NVIC_EnableIRQ
                0x000175b0       0x38 ./../Platform/Peripherals/debug/libPeripherals_efm32_debug.a(I2C_efm32Driver_cc.o)
 .text.NVIC_ClearPendingIRQ
                0x000175e8       0x3c ./../Platform/Peripherals/debug/libPeripherals_efm32_debug.a(I2C_efm32Driver_cc.o)
 .text.I2C_initCtrSpecific
                0x00017624      0x114 ./../Platform/Peripherals/debug/libPeripherals_efm32_debug.a(I2C_efm32Driver_cc.o)
                0x00017624                I2C_initCtrSpecific
 .text.I2C_startTransfer
                0x00017738       0xac ./../Platform/Peripherals/debug/libPeripherals_efm32_debug.a(I2C_efm32Driver_cc.o)
                0x00017738                I2C_startTransfer
 .text.I2C0_IRQHandler
                0x000177e4      0x3b4 ./../Platform/Peripherals/debug/libPeripherals_efm32_debug.a(I2C_efm32Driver_cc.o)
                0x000177e4                I2C0_IRQHandler
 .text.I2C1_IRQHandler
                0x00017b98      0x3b4 ./../Platform/Peripherals/debug/libPeripherals_efm32_debug.a(I2C_efm32Driver_cc.o)
                0x00017b98                I2C1_IRQHandler
 .text.I2C_triggerTransfer
                0x00017f4c       0xc4 ./../Platform/Peripherals/debug/libPeripherals_efm32_debug.a(I2C_efm32Driver_cc.o)
                0x00017f4c                I2C_triggerTransfer
 .text.I2C_triggerNextI2CTransfer
                0x00018010      0x138 ./../Platform/Peripherals/debug/libPeripherals_efm32_debug.a(I2C_efm32Driver_cc.o)
                0x00018010                I2C_triggerNextI2CTransfer
 .text.I2C_isTransferCompleted
                0x00018148       0x34 ./../Platform/Peripherals/debug/libPeripherals_efm32_debug.a(I2C_efm32Driver_cc.o)
                0x00018148                I2C_isTransferCompleted
 .text.I2C_getStatus
                0x0001817c       0x18 ./../Platform/Peripherals/debug/libPeripherals_efm32_debug.a(I2C_efm32Driver_cc.o)
                0x0001817c                I2C_getStatus
 .text.NVIC_EnableIRQ
                0x00018194       0x38 ./../Platform/Peripherals/debug/libPeripherals_efm32_debug.a(PTD_portDriver_cc.o)
 .text.NVIC_ClearPendingIRQ
                0x000181cc       0x3c ./../Platform/Peripherals/debug/libPeripherals_efm32_debug.a(PTD_portDriver_cc.o)
 .text.GPIO_IntClear
                0x00018208       0x20 ./../Platform/Peripherals/debug/libPeripherals_efm32_debug.a(PTD_portDriver_cc.o)
 .text.PTD_checkEvenPinConfigured
                0x00018228       0xd8 ./../Platform/Peripherals/debug/libPeripherals_efm32_debug.a(PTD_portDriver_cc.o)
 .text.PTD_checkOddPinConfigured
                0x00018300       0xd8 ./../Platform/Peripherals/debug/libPeripherals_efm32_debug.a(PTD_portDriver_cc.o)
 .text.PTD_portInit
                0x000183d8       0x18 ./../Platform/Peripherals/debug/libPeripherals_efm32_debug.a(PTD_portDriver_cc.o)
                0x000183d8                PTD_portInit
 .text.PTD_portInteruptConfig
                0x000183f0       0x28 ./../Platform/Peripherals/debug/libPeripherals_efm32_debug.a(PTD_portDriver_cc.o)
                0x000183f0                PTD_portInteruptConfig
 .text.PTD_setInterruptPinCount
                0x00018418       0xf0 ./../Platform/Peripherals/debug/libPeripherals_efm32_debug.a(PTD_portDriver_cc.o)
                0x00018418                PTD_setInterruptPinCount
 .text.PTD_intConfig
                0x00018508      0x220 ./../Platform/Peripherals/debug/libPeripherals_efm32_debug.a(PTD_portDriver_cc.o)
                0x00018508                PTD_intConfig
 .text.GPIO_ODD_IRQHandler
                0x00018728       0x98 ./../Platform/Peripherals/debug/libPeripherals_efm32_debug.a(PTD_portDriver_cc.o)
                0x00018728                GPIO_ODD_IRQHandler
 .text.GPIO_EVEN_IRQHandler
                0x000187c0       0x98 ./../Platform/Peripherals/debug/libPeripherals_efm32_debug.a(PTD_portDriver_cc.o)
                0x000187c0                GPIO_EVEN_IRQHandler
 .text.NVIC_EnableIRQ
                0x00018858       0x38 ./../Platform/Peripherals/debug/libPeripherals_efm32_debug.a(SER_serialDriver_cc.o)
 .text.NVIC_ClearPendingIRQ
                0x00018890       0x3c ./../Platform/Peripherals/debug/libPeripherals_efm32_debug.a(SER_serialDriver_cc.o)
 .text.INT_Disable
                0x000188cc       0x40 ./../Platform/Peripherals/debug/libPeripherals_efm32_debug.a(SER_serialDriver_cc.o)
 .text.INT_Enable
                0x0001890c       0x54 ./../Platform/Peripherals/debug/libPeripherals_efm32_debug.a(SER_serialDriver_cc.o)
 .text.SER_callbackMapping
                0x00018960       0x50 ./../Platform/Peripherals/debug/libPeripherals_efm32_debug.a(SER_serialDriver_cc.o)
 .text.SER_initLeuart
                0x000189b0      0x19c ./../Platform/Peripherals/debug/libPeripherals_efm32_debug.a(SER_serialDriver_cc.o)
 .text.SER_initUsart
                0x00018b4c      0x25c ./../Platform/Peripherals/debug/libPeripherals_efm32_debug.a(SER_serialDriver_cc.o)
 .text.SER_initUart
                0x00018da8      0x224 ./../Platform/Peripherals/debug/libPeripherals_efm32_debug.a(SER_serialDriver_cc.o)
 .text.SER_serialDisable
                0x00018fcc       0x84 ./../Platform/Peripherals/debug/libPeripherals_efm32_debug.a(SER_serialDriver_cc.o)
                0x00018fcc                SER_serialDisable
 .text.SER_serialInit
                0x00019050      0x100 ./../Platform/Peripherals/debug/libPeripherals_efm32_debug.a(SER_serialDriver_cc.o)
                0x00019050                SER_serialInit
 .text.SER_serialWrite
                0x00019150      0x124 ./../Platform/Peripherals/debug/libPeripherals_efm32_debug.a(SER_serialDriver_cc.o)
                0x00019150                SER_serialWrite
 .text.SER_serialRead
                0x00019274       0x88 ./../Platform/Peripherals/debug/libPeripherals_efm32_debug.a(SER_serialDriver_cc.o)
                0x00019274                SER_serialRead
 .text.LEUART0_IRQHandler
                0x000192fc      0x150 ./../Platform/Peripherals/debug/libPeripherals_efm32_debug.a(SER_serialDriver_cc.o)
                0x000192fc                LEUART0_IRQHandler
 .text.LEUART1_IRQHandler
                0x0001944c      0x148 ./../Platform/Peripherals/debug/libPeripherals_efm32_debug.a(SER_serialDriver_cc.o)
                0x0001944c                LEUART1_IRQHandler
 .text.USART0_TX_IRQHandler
                0x00019594       0xac ./../Platform/Peripherals/debug/libPeripherals_efm32_debug.a(SER_serialDriver_cc.o)
                0x00019594                USART0_TX_IRQHandler
 .text.USART0_RX_IRQHandler
                0x00019640       0xa0 ./../Platform/Peripherals/debug/libPeripherals_efm32_debug.a(SER_serialDriver_cc.o)
                0x00019640                USART0_RX_IRQHandler
 .text.USART1_TX_IRQHandler
                0x000196e0       0xa8 ./../Platform/Peripherals/debug/libPeripherals_efm32_debug.a(SER_serialDriver_cc.o)
                0x000196e0                USART1_TX_IRQHandler
 .text.USART1_RX_IRQHandler
                0x00019788       0xa4 ./../Platform/Peripherals/debug/libPeripherals_efm32_debug.a(SER_serialDriver_cc.o)
                0x00019788                USART1_RX_IRQHandler
 .text.USART2_TX_IRQHandler
                0x0001982c       0xa8 ./../Platform/Peripherals/debug/libPeripherals_efm32_debug.a(SER_serialDriver_cc.o)
                0x0001982c                USART2_TX_IRQHandler
 .text.USART2_RX_IRQHandler
                0x000198d4       0xa0 ./../Platform/Peripherals/debug/libPeripherals_efm32_debug.a(SER_serialDriver_cc.o)
                0x000198d4                USART2_RX_IRQHandler
 .text.UART0_TX_IRQHandler
                0x00019974       0x94 ./../Platform/Peripherals/debug/libPeripherals_efm32_debug.a(SER_serialDriver_cc.o)
                0x00019974                UART0_TX_IRQHandler
 .text.UART0_RX_IRQHandler
                0x00019a08       0xa0 ./../Platform/Peripherals/debug/libPeripherals_efm32_debug.a(SER_serialDriver_cc.o)
                0x00019a08                UART0_RX_IRQHandler
 .text.UART1_TX_IRQHandler
                0x00019aa8       0x8c ./../Platform/Peripherals/debug/libPeripherals_efm32_debug.a(SER_serialDriver_cc.o)
                0x00019aa8                UART1_TX_IRQHandler
 .text.UART1_RX_IRQHandler
                0x00019b34       0xa0 ./../Platform/Peripherals/debug/libPeripherals_efm32_debug.a(SER_serialDriver_cc.o)
                0x00019b34                UART1_RX_IRQHandler
 .text.USB_setSerialNumber
                0x00019bd4       0x7c ./../Platform/Peripherals/debug/libPeripherals_efm32_debug.a(USB_cc.o)
 .text.USB_dataReceivedCallback
                0x00019c50       0x98 ./../Platform/Peripherals/debug/libPeripherals_efm32_debug.a(USB_cc.o)
 .text.USB_dataTransferred
                0x00019ce8       0x4c ./../Platform/Peripherals/debug/libPeripherals_efm32_debug.a(USB_cc.o)
 .text.USB_stateChange
                0x00019d34       0x58 ./../Platform/Peripherals/debug/libPeripherals_efm32_debug.a(USB_cc.o)
                0x00019d34                USB_stateChange
 .text.USB_setupCommand
                0x00019d8c      0x108 ./../Platform/Peripherals/debug/libPeripherals_efm32_debug.a(USB_cc.o)
                0x00019d8c                USB_setupCommand
 .text.USB_init
                0x00019e94       0xd0 ./../Platform/Peripherals/debug/libPeripherals_efm32_debug.a(USB_cc.o)
                0x00019e94                USB_init
 .text.USB_receiveByte
                0x00019f64       0xa0 ./../Platform/Peripherals/debug/libPeripherals_efm32_debug.a(USB_cc.o)
                0x00019f64                USB_receiveByte
 .text.RETARGET_WriteChar
                0x0001a004       0x2c ./../Platform/Peripherals/debug/libPeripherals_efm32_debug.a(USB_cc.o)
                0x0001a004                RETARGET_WriteChar
 .text.USB_transmitData
                0x0001a030       0xc4 ./../Platform/Peripherals/debug/libPeripherals_efm32_debug.a(USB_cc.o)
                0x0001a030                USB_transmitData
 .text.RETARGET_ReadChar
                0x0001a0f4       0x24 ./../Platform/Peripherals/debug/libPeripherals_efm32_debug.a(USB_cc.o)
                0x0001a0f4                RETARGET_ReadChar
 .text.USB_callBackMapping
                0x0001a118       0x38 ./../Platform/Peripherals/debug/libPeripherals_efm32_debug.a(USB_cc.o)
                0x0001a118                USB_callBackMapping
 .text.ADC_CalibrateLoadSingle
                0x0001a150      0x17c ./../Libraries/EMlib/EMLib/../BCDS_Customization/debug/libEMLib_efm32_debug.a(em_adc.o)
 .text.ADC_Init
                0x0001a2cc       0x68 ./../Libraries/EMlib/EMLib/../BCDS_Customization/debug/libEMLib_efm32_debug.a(em_adc.o)
                0x0001a2cc                ADC_Init
 .text.ADC_InitSingle
                0x0001a334       0xa0 ./../Libraries/EMlib/EMLib/../BCDS_Customization/debug/libEMLib_efm32_debug.a(em_adc.o)
                0x0001a334                ADC_InitSingle
 .text.BITBAND_Peripheral
                0x0001a3d4       0x30 ./../Libraries/EMlib/EMLib/../BCDS_Customization/debug/libEMLib_efm32_debug.a(em_cmu.o)
 .text.CMU_MaxFreqHfle
                0x0001a404       0xb8 ./../Libraries/EMlib/EMLib/../BCDS_Customization/debug/libEMLib_efm32_debug.a(em_cmu.o)
 .text.CMU_FlashWaitStateMax
                0x0001a4bc       0x68 ./../Libraries/EMlib/EMLib/../BCDS_Customization/debug/libEMLib_efm32_debug.a(em_cmu.o)
 .text.CMU_DivToLog2
                0x0001a524       0x38 ./../Libraries/EMlib/EMLib/../BCDS_Customization/debug/libEMLib_efm32_debug.a(em_cmu.o)
 .text.CMU_FlashWaitStateControl
                0x0001a55c       0xf4 ./../Libraries/EMlib/EMLib/../BCDS_Customization/debug/libEMLib_efm32_debug.a(em_cmu.o)
 .text.CMU_USBCClkGet
                0x0001a650       0x50 ./../Libraries/EMlib/EMLib/../BCDS_Customization/debug/libEMLib_efm32_debug.a(em_cmu.o)
 .text.CMU_AUXClkGet
                0x0001a6a0       0x9c ./../Libraries/EMlib/EMLib/../BCDS_Customization/debug/libEMLib_efm32_debug.a(em_cmu.o)
 .text.CMU_DBGClkGet
                0x0001a73c       0x64 ./../Libraries/EMlib/EMLib/../BCDS_Customization/debug/libEMLib_efm32_debug.a(em_cmu.o)
 .text.CMU_LFClkGet
                0x0001a7a0       0xd4 ./../Libraries/EMlib/EMLib/../BCDS_Customization/debug/libEMLib_efm32_debug.a(em_cmu.o)
 .text.CMU_Sync
                0x0001a874       0x3c ./../Libraries/EMlib/EMLib/../BCDS_Customization/debug/libEMLib_efm32_debug.a(em_cmu.o)
 .text.CMU_ClockDivSet
                0x0001a8b0      0x298 ./../Libraries/EMlib/EMLib/../BCDS_Customization/debug/libEMLib_efm32_debug.a(em_cmu.o)
                0x0001a8b0                CMU_ClockDivSet
 .text.CMU_ClockEnable
                0x0001ab48      0x10c ./../Libraries/EMlib/EMLib/../BCDS_Customization/debug/libEMLib_efm32_debug.a(em_cmu.o)
                0x0001ab48                CMU_ClockEnable
 .text.CMU_ClockFreqGet
                0x0001ac54      0x1e8 ./../Libraries/EMlib/EMLib/../BCDS_Customization/debug/libEMLib_efm32_debug.a(em_cmu.o)
                0x0001ac54                CMU_ClockFreqGet
 .text.CMU_ClockSelectGet
                0x0001ae3c      0x1a4 ./../Libraries/EMlib/EMLib/../BCDS_Customization/debug/libEMLib_efm32_debug.a(em_cmu.o)
                0x0001ae3c                CMU_ClockSelectGet
 .text.CMU_ClockSelectSet
                0x0001afe0      0x38c ./../Libraries/EMlib/EMLib/../BCDS_Customization/debug/libEMLib_efm32_debug.a(em_cmu.o)
                0x0001afe0                CMU_ClockSelectSet
 .text.CMU_OscillatorEnable
                0x0001b36c       0xe8 ./../Libraries/EMlib/EMLib/../BCDS_Customization/debug/libEMLib_efm32_debug.a(em_cmu.o)
                0x0001b36c                CMU_OscillatorEnable
 .text.NVIC_EnableIRQ
                0x0001b454       0x38 ./../Libraries/EMlib/EMLib/../BCDS_Customization/debug/libEMLib_efm32_debug.a(em_dma.o)
 .text.NVIC_DisableIRQ
                0x0001b48c       0x3c ./../Libraries/EMlib/EMLib/../BCDS_Customization/debug/libEMLib_efm32_debug.a(em_dma.o)
 .text.NVIC_ClearPendingIRQ
                0x0001b4c8       0x3c ./../Libraries/EMlib/EMLib/../BCDS_Customization/debug/libEMLib_efm32_debug.a(em_dma.o)
 .text.BITBAND_Peripheral
                0x0001b504       0x30 ./../Libraries/EMlib/EMLib/../BCDS_Customization/debug/libEMLib_efm32_debug.a(em_dma.o)
 .text.DMA_Prepare
                0x0001b534      0x138 ./../Libraries/EMlib/EMLib/../BCDS_Customization/debug/libEMLib_efm32_debug.a(em_dma.o)
 .text.DMA_IRQHandler
                0x0001b66c      0x110 ./../Libraries/EMlib/EMLib/../BCDS_Customization/debug/libEMLib_efm32_debug.a(em_dma.o)
                0x0001b66c                DMA_IRQHandler
 .text.DMA_ActivateBasic
                0x0001b77c       0x48 ./../Libraries/EMlib/EMLib/../BCDS_Customization/debug/libEMLib_efm32_debug.a(em_dma.o)
                0x0001b77c                DMA_ActivateBasic
 .text.DMA_CfgChannel
                0x0001b7c4       0xc0 ./../Libraries/EMlib/EMLib/../BCDS_Customization/debug/libEMLib_efm32_debug.a(em_dma.o)
                0x0001b7c4                DMA_CfgChannel
 .text.DMA_CfgDescr
                0x0001b884       0x84 ./../Libraries/EMlib/EMLib/../BCDS_Customization/debug/libEMLib_efm32_debug.a(em_dma.o)
                0x0001b884                DMA_CfgDescr
 .text.DMA_Init
                0x0001b908       0x70 ./../Libraries/EMlib/EMLib/../BCDS_Customization/debug/libEMLib_efm32_debug.a(em_dma.o)
                0x0001b908                DMA_Init
 .text.DMA_Reset
                0x0001b978       0xd4 ./../Libraries/EMlib/EMLib/../BCDS_Customization/debug/libEMLib_efm32_debug.a(em_dma.o)
                0x0001b978                DMA_Reset
 .text.EMU_UpdateOscConfig
                0x0001ba4c       0x20 ./../Libraries/EMlib/EMLib/../BCDS_Customization/debug/libEMLib_efm32_debug.a(em_emu.o)
                0x0001ba4c                EMU_UpdateOscConfig
 .text.BITBAND_Peripheral
                0x0001ba6c       0x30 ./../Libraries/EMlib/EMLib/../BCDS_Customization/debug/libEMLib_efm32_debug.a(em_gpio.o)
 .text.GPIO_DriveModeSet
                0x0001ba9c       0x60 ./../Libraries/EMlib/EMLib/../BCDS_Customization/debug/libEMLib_efm32_debug.a(em_gpio.o)
                0x0001ba9c                GPIO_DriveModeSet
 .text.GPIO_IntConfig
                0x0001bafc       0xf4 ./../Libraries/EMlib/EMLib/../BCDS_Customization/debug/libEMLib_efm32_debug.a(em_gpio.o)
                0x0001bafc                GPIO_IntConfig
 .text.GPIO_PinModeSet
                0x0001bbf0      0x1b8 ./../Libraries/EMlib/EMLib/../BCDS_Customization/debug/libEMLib_efm32_debug.a(em_gpio.o)
                0x0001bbf0                GPIO_PinModeSet
 .text.BITBAND_Peripheral
                0x0001bda8       0x30 ./../Libraries/EMlib/EMLib/../BCDS_Customization/debug/libEMLib_efm32_debug.a(em_i2c.o)
 .text.I2C_BusFreqSet
                0x0001bdd8       0x94 ./../Libraries/EMlib/EMLib/../BCDS_Customization/debug/libEMLib_efm32_debug.a(em_i2c.o)
                0x0001bdd8                I2C_BusFreqSet
 .text.I2C_Init
                0x0001be6c       0x84 ./../Libraries/EMlib/EMLib/../BCDS_Customization/debug/libEMLib_efm32_debug.a(em_i2c.o)
                0x0001be6c                I2C_Init
 .text.LEUART_Sync
                0x0001bef0       0x34 ./../Libraries/EMlib/EMLib/../BCDS_Customization/debug/libEMLib_efm32_debug.a(em_leuart.o)
 .text.LEUART_BaudrateSet
                0x0001bf24       0x90 ./../Libraries/EMlib/EMLib/../BCDS_Customization/debug/libEMLib_efm32_debug.a(em_leuart.o)
                0x0001bf24                LEUART_BaudrateSet
 .text.LEUART_Enable
                0x0001bfb4       0x60 ./../Libraries/EMlib/EMLib/../BCDS_Customization/debug/libEMLib_efm32_debug.a(em_leuart.o)
                0x0001bfb4                LEUART_Enable
 .text.LEUART_FreezeEnable
                0x0001c014       0x38 ./../Libraries/EMlib/EMLib/../BCDS_Customization/debug/libEMLib_efm32_debug.a(em_leuart.o)
                0x0001c014                LEUART_FreezeEnable
 .text.LEUART_Init
                0x0001c04c       0x8c ./../Libraries/EMlib/EMLib/../BCDS_Customization/debug/libEMLib_efm32_debug.a(em_leuart.o)
                0x0001c04c                LEUART_Init
 .text.LEUART_Reset
                0x0001c0d8       0x88 ./../Libraries/EMlib/EMLib/../BCDS_Customization/debug/libEMLib_efm32_debug.a(em_leuart.o)
                0x0001c0d8                LEUART_Reset
 .text.USART_BaudrateAsyncSet
                0x0001c160       0xd0 ./../Libraries/EMlib/EMLib/../BCDS_Customization/debug/libEMLib_efm32_debug.a(em_usart.o)
                0x0001c160                USART_BaudrateAsyncSet
 .text.USART_Enable
                0x0001c230       0x7c ./../Libraries/EMlib/EMLib/../BCDS_Customization/debug/libEMLib_efm32_debug.a(em_usart.o)
                0x0001c230                USART_Enable
 .text.USART_InitAsync
                0x0001c2ac       0xbc ./../Libraries/EMlib/EMLib/../BCDS_Customization/debug/libEMLib_efm32_debug.a(em_usart.o)
                0x0001c2ac                USART_InitAsync
 .text.USART_Reset
                0x0001c368       0xd8 ./../Libraries/EMlib/EMLib/../BCDS_Customization/debug/libEMLib_efm32_debug.a(em_usart.o)
                0x0001c368                USART_Reset
 .text.NVIC_EnableIRQ
                0x0001c440       0x38 ./../Libraries/EMlib/EMLib/../BCDS_Customization/debug/libEMLib_efm32_debug.a(em_usbd.o)
 .text.NVIC_ClearPendingIRQ
                0x0001c478       0x3c ./../Libraries/EMlib/EMLib/../BCDS_Customization/debug/libEMLib_efm32_debug.a(em_usbd.o)
 .text.INT_Disable
                0x0001c4b4       0x40 ./../Libraries/EMlib/EMLib/../BCDS_Customization/debug/libEMLib_efm32_debug.a(em_usbd.o)
 .text.INT_Enable
                0x0001c4f4       0x54 ./../Libraries/EMlib/EMLib/../BCDS_Customization/debug/libEMLib_efm32_debug.a(em_usbd.o)
 .text.USBHAL_DisableGlobalInt
                0x0001c548       0x34 ./../Libraries/EMlib/EMLib/../BCDS_Customization/debug/libEMLib_efm32_debug.a(em_usbd.o)
 .text.USBHAL_EnableGlobalInt
                0x0001c57c       0x34 ./../Libraries/EMlib/EMLib/../BCDS_Customization/debug/libEMLib_efm32_debug.a(em_usbd.o)
 .text.USBDHAL_EnableUsbResetAndSuspendInt
                0x0001c5b0       0x38 ./../Libraries/EMlib/EMLib/../BCDS_Customization/debug/libEMLib_efm32_debug.a(em_usbd.o)
 .text.USBDHAL_EpIsStalled
                0x0001c5e8       0x3c ./../Libraries/EMlib/EMLib/../BCDS_Customization/debug/libEMLib_efm32_debug.a(em_usbd.o)
 .text.USBDHAL_GetStallStatusEp
                0x0001c624       0xc0 ./../Libraries/EMlib/EMLib/../BCDS_Customization/debug/libEMLib_efm32_debug.a(em_usbd.o)
 .text.USBDHAL_SetEp0InDmaPtr
                0x0001c6e4       0x28 ./../Libraries/EMlib/EMLib/../BCDS_Customization/debug/libEMLib_efm32_debug.a(em_usbd.o)
 .text.USBDHAL_SetEp0OutDmaPtr
                0x0001c70c       0x28 ./../Libraries/EMlib/EMLib/../BCDS_Customization/debug/libEMLib_efm32_debug.a(em_usbd.o)
 .text.USBDHAL_StartEp0In
                0x0001c734       0x5c ./../Libraries/EMlib/EMLib/../BCDS_Customization/debug/libEMLib_efm32_debug.a(em_usbd.o)
 .text.USBDHAL_StartEp0Out
                0x0001c790       0x5c ./../Libraries/EMlib/EMLib/../BCDS_Customization/debug/libEMLib_efm32_debug.a(em_usbd.o)
 .text.USBDHAL_StartEpIn
                0x0001c7ec       0xc8 ./../Libraries/EMlib/EMLib/../BCDS_Customization/debug/libEMLib_efm32_debug.a(em_usbd.o)
 .text.USBDHAL_StartEpOut
                0x0001c8b4       0xd4 ./../Libraries/EMlib/EMLib/../BCDS_Customization/debug/libEMLib_efm32_debug.a(em_usbd.o)
 .text.USBD_ArmEp
                0x0001c988       0x28 ./../Libraries/EMlib/EMLib/../BCDS_Customization/debug/libEMLib_efm32_debug.a(em_usbd.o)
 .text.USBD_ArmEp0
                0x0001c9b0       0x88 ./../Libraries/EMlib/EMLib/../BCDS_Customization/debug/libEMLib_efm32_debug.a(em_usbd.o)
 .text.USBD_ArmEpN
                0x0001ca38       0x28 ./../Libraries/EMlib/EMLib/../BCDS_Customization/debug/libEMLib_efm32_debug.a(em_usbd.o)
 .text.USBD_GetEpFromAddr
                0x0001ca60       0xa0 ./../Libraries/EMlib/EMLib/../BCDS_Customization/debug/libEMLib_efm32_debug.a(em_usbd.o)
 .text.USBD_Disconnect
                0x0001cb00       0x14 ./../Libraries/EMlib/EMLib/../BCDS_Customization/debug/libEMLib_efm32_debug.a(em_usbd.o)
                0x0001cb00                USBD_Disconnect
 .text.USBD_GetUsbState
                0x0001cb14       0x1c ./../Libraries/EMlib/EMLib/../BCDS_Customization/debug/libEMLib_efm32_debug.a(em_usbd.o)
                0x0001cb14                USBD_GetUsbState
 .text.USBD_Init
                0x0001cb30      0x4fc ./../Libraries/EMlib/EMLib/../BCDS_Customization/debug/libEMLib_efm32_debug.a(em_usbd.o)
                0x0001cb30                USBD_Init
 .text.USBD_Read
                0x0001d02c      0x108 ./../Libraries/EMlib/EMLib/../BCDS_Customization/debug/libEMLib_efm32_debug.a(em_usbd.o)
                0x0001d02c                USBD_Read
 .text.USBD_SetUsbState
                0x0001d134       0x98 ./../Libraries/EMlib/EMLib/../BCDS_Customization/debug/libEMLib_efm32_debug.a(em_usbd.o)
                0x0001d134                USBD_SetUsbState
 .text.USBD_Write
                0x0001d1cc      0x10c ./../Libraries/EMlib/EMLib/../BCDS_Customization/debug/libEMLib_efm32_debug.a(em_usbd.o)
                0x0001d1cc                USBD_Write
 .text.NVIC_ClearPendingIRQ
                0x0001d2d8       0x3c ./../Libraries/EMlib/EMLib/../BCDS_Customization/debug/libEMLib_efm32_debug.a(em_usbhal.o)
 .text.INT_Disable
                0x0001d314       0x40 ./../Libraries/EMlib/EMLib/../BCDS_Customization/debug/libEMLib_efm32_debug.a(em_usbhal.o)
 .text.INT_Enable
                0x0001d354       0x54 ./../Libraries/EMlib/EMLib/../BCDS_Customization/debug/libEMLib_efm32_debug.a(em_usbhal.o)
 .text.USBHAL_FlushRxFifo
                0x0001d3a8       0x3c ./../Libraries/EMlib/EMLib/../BCDS_Customization/debug/libEMLib_efm32_debug.a(em_usbhal.o)
 .text.USBHAL_FlushTxFifo
                0x0001d3e4       0x4c ./../Libraries/EMlib/EMLib/../BCDS_Customization/debug/libEMLib_efm32_debug.a(em_usbhal.o)
 .text.USBDHAL_DeactivateEp
                0x0001d430       0x88 ./../Libraries/EMlib/EMLib/../BCDS_Customization/debug/libEMLib_efm32_debug.a(em_usbhal.o)
 .text.USBDHAL_GetInEpInts
                0x0001d4b8       0x44 ./../Libraries/EMlib/EMLib/../BCDS_Customization/debug/libEMLib_efm32_debug.a(em_usbhal.o)
 .text.USBDHAL_GetOutEpInts
                0x0001d4fc       0x44 ./../Libraries/EMlib/EMLib/../BCDS_Customization/debug/libEMLib_efm32_debug.a(em_usbhal.o)
 .text.USBDHAL_SetEPDISNAK
                0x0001d540       0xac ./../Libraries/EMlib/EMLib/../BCDS_Customization/debug/libEMLib_efm32_debug.a(em_usbhal.o)
 .text.USBD_GetEpFromAddr
                0x0001d5ec       0xa0 ./../Libraries/EMlib/EMLib/../BCDS_Customization/debug/libEMLib_efm32_debug.a(em_usbhal.o)
 .text.USBHAL_CoreReset
                0x0001d68c       0xbc ./../Libraries/EMlib/EMLib/../BCDS_Customization/debug/libEMLib_efm32_debug.a(em_usbhal.o)
                0x0001d68c                USBHAL_CoreReset
 .text.USBDHAL_CoreInit
                0x0001d748      0x3ec ./../Libraries/EMlib/EMLib/../BCDS_Customization/debug/libEMLib_efm32_debug.a(em_usbhal.o)
                0x0001d748                USBDHAL_CoreInit
 .text.USBDHAL_Disconnect
                0x0001db34       0x3c ./../Libraries/EMlib/EMLib/../BCDS_Customization/debug/libEMLib_efm32_debug.a(em_usbhal.o)
                0x0001db34                USBDHAL_Disconnect
 .text.USBDHAL_AbortAllEps
                0x0001db70      0x53c ./../Libraries/EMlib/EMLib/../BCDS_Customization/debug/libEMLib_efm32_debug.a(em_usbhal.o)
                0x0001db70                USBDHAL_AbortAllEps
 .text.USBDHAL_AbortAllTransfers
                0x0001e0ac       0xc8 ./../Libraries/EMlib/EMLib/../BCDS_Customization/debug/libEMLib_efm32_debug.a(em_usbhal.o)
                0x0001e0ac                USBDHAL_AbortAllTransfers
 .text.USBDHAL_ReenableEp0Setup
                0x0001e174       0x60 ./../Libraries/EMlib/EMLib/../BCDS_Customization/debug/libEMLib_efm32_debug.a(em_usbdep.o)
 .text.USBDHAL_StallEp
                0x0001e1d4       0xcc ./../Libraries/EMlib/EMLib/../BCDS_Customization/debug/libEMLib_efm32_debug.a(em_usbdep.o)
 .text.USBDHAL_StartEp0In
                0x0001e2a0       0x5c ./../Libraries/EMlib/EMLib/../BCDS_Customization/debug/libEMLib_efm32_debug.a(em_usbdep.o)
 .text.USBDHAL_StartEp0Out
                0x0001e2fc       0x5c ./../Libraries/EMlib/EMLib/../BCDS_Customization/debug/libEMLib_efm32_debug.a(em_usbdep.o)
 .text.USBD_GetEpFromAddr
                0x0001e358       0xa0 ./../Libraries/EMlib/EMLib/../BCDS_Customization/debug/libEMLib_efm32_debug.a(em_usbdep.o)
 .text.USBD_ReArmEp0
                0x0001e3f8       0x64 ./../Libraries/EMlib/EMLib/../BCDS_Customization/debug/libEMLib_efm32_debug.a(em_usbdep.o)
 .text.USBDEP_Ep0Handler
                0x0001e45c      0x300 ./../Libraries/EMlib/EMLib/../BCDS_Customization/debug/libEMLib_efm32_debug.a(em_usbdep.o)
                0x0001e45c                USBDEP_Ep0Handler
 .text.USBDEP_EpHandler
                0x0001e75c       0x60 ./../Libraries/EMlib/EMLib/../BCDS_Customization/debug/libEMLib_efm32_debug.a(em_usbdep.o)
                0x0001e75c                USBDEP_EpHandler
 .text.TIMER_CounterGet
                0x0001e7bc       0x18 ./../Libraries/EMlib/EMLib/../BCDS_Customization/debug/libEMLib_efm32_debug.a(em_usbtimer.o)
 .text.TIMER_TopSet
                0x0001e7d4       0x1c ./../Libraries/EMlib/EMLib/../BCDS_Customization/debug/libEMLib_efm32_debug.a(em_usbtimer.o)
 .text.DelayTicks
                0x0001e7f0       0x4c ./../Libraries/EMlib/EMLib/../BCDS_Customization/debug/libEMLib_efm32_debug.a(em_usbtimer.o)
 .text.USBTIMER_DelayMs
                0x0001e83c       0x84 ./../Libraries/EMlib/EMLib/../BCDS_Customization/debug/libEMLib_efm32_debug.a(em_usbtimer.o)
                0x0001e83c                USBTIMER_DelayMs
 .text.USBTIMER_DelayUs
                0x0001e8c0      0x124 ./../Libraries/EMlib/EMLib/../BCDS_Customization/debug/libEMLib_efm32_debug.a(em_usbtimer.o)
                0x0001e8c0                USBTIMER_DelayUs
 .text.USBTIMER_Init
                0x0001e9e4      0x188 ./../Libraries/EMlib/EMLib/../BCDS_Customization/debug/libEMLib_efm32_debug.a(em_usbtimer.o)
                0x0001e9e4                USBTIMER_Init
 .text.GetProdRev
                0x0001eb6c       0x1c ./../Libraries/EMlib/EMLib/../BCDS_Customization/debug/libEMLib_efm32_debug.a(system_efm32gg.o)
 .text.SystemCoreClockGet
                0x0001eb88       0x58 ./../Libraries/EMlib/EMLib/../BCDS_Customization/debug/libEMLib_efm32_debug.a(system_efm32gg.o)
                0x0001eb88                SystemCoreClockGet
 .text.SystemHFClockGet
                0x0001ebe0      0x110 ./../Libraries/EMlib/EMLib/../BCDS_Customization/debug/libEMLib_efm32_debug.a(system_efm32gg.o)
                0x0001ebe0                SystemHFClockGet
 .text.SystemHFXOClockGet
                0x0001ecf0       0x18 ./../Libraries/EMlib/EMLib/../BCDS_Customization/debug/libEMLib_efm32_debug.a(system_efm32gg.o)
                0x0001ecf0                SystemHFXOClockGet
 .text.SystemInit
                0x0001ed08        0xc ./../Libraries/EMlib/EMLib/../BCDS_Customization/debug/libEMLib_efm32_debug.a(system_efm32gg.o)
                0x0001ed08                SystemInit
 .text.SystemLFRCOClockGet
                0x0001ed14       0x10 ./../Libraries/EMlib/EMLib/../BCDS_Customization/debug/libEMLib_efm32_debug.a(system_efm32gg.o)
                0x0001ed14                SystemLFRCOClockGet
 .text.SystemULFRCOClockGet
                0x0001ed24       0x10 ./../Libraries/EMlib/EMLib/../BCDS_Customization/debug/libEMLib_efm32_debug.a(system_efm32gg.o)
                0x0001ed24                SystemULFRCOClockGet
 .text.SystemLFXOClockGet
                0x0001ed34       0x18 ./../Libraries/EMlib/EMLib/../BCDS_Customization/debug/libEMLib_efm32_debug.a(system_efm32gg.o)
                0x0001ed34                SystemLFXOClockGet
 .text.TIMER_Init
                0x0001ed4c      0x134 ./../Libraries/EMlib/EMLib/../BCDS_Customization/debug/libEMLib_efm32_debug.a(em_timer.o)
                0x0001ed4c                TIMER_Init
 .text.TIMER_InitCC
                0x0001ee80       0xec ./../Libraries/EMlib/EMLib/../BCDS_Customization/debug/libEMLib_efm32_debug.a(em_timer.o)
                0x0001ee80                TIMER_InitCC
 .text.TIMER_Reset
                0x0001ef6c      0x108 ./../Libraries/EMlib/EMLib/../BCDS_Customization/debug/libEMLib_efm32_debug.a(em_timer.o)
                0x0001ef6c                TIMER_Reset
 .text.USBDHAL_ActivateEp
                0x0001f074      0x148 ./../Libraries/EMlib/EMLib/../BCDS_Customization/debug/libEMLib_efm32_debug.a(em_usbdch9.o)
 .text.USBDHAL_DeactivateEp
                0x0001f1bc       0x88 ./../Libraries/EMlib/EMLib/../BCDS_Customization/debug/libEMLib_efm32_debug.a(em_usbdch9.o)
 .text.USBDHAL_GetStallStatusEp
                0x0001f244       0xc0 ./../Libraries/EMlib/EMLib/../BCDS_Customization/debug/libEMLib_efm32_debug.a(em_usbdch9.o)
 .text.USBDHAL_SetAddr
                0x0001f304       0x3c ./../Libraries/EMlib/EMLib/../BCDS_Customization/debug/libEMLib_efm32_debug.a(em_usbdch9.o)
 .text.USBDHAL_StallEp
                0x0001f340       0xcc ./../Libraries/EMlib/EMLib/../BCDS_Customization/debug/libEMLib_efm32_debug.a(em_usbdch9.o)
 .text.USBDHAL_UnStallEp
                0x0001f40c       0xe4 ./../Libraries/EMlib/EMLib/../BCDS_Customization/debug/libEMLib_efm32_debug.a(em_usbdch9.o)
 .text.USBD_ActivateAllEps
                0x0001f4f0       0x54 ./../Libraries/EMlib/EMLib/../BCDS_Customization/debug/libEMLib_efm32_debug.a(em_usbdch9.o)
 .text.USBD_DeactivateAllEps
                0x0001f544       0x68 ./../Libraries/EMlib/EMLib/../BCDS_Customization/debug/libEMLib_efm32_debug.a(em_usbdch9.o)
 .text.USBD_GetEpFromAddr
                0x0001f5ac       0xa0 ./../Libraries/EMlib/EMLib/../BCDS_Customization/debug/libEMLib_efm32_debug.a(em_usbdch9.o)
 .text.USBDCH9_SetupCmd
                0x0001f64c       0xec ./../Libraries/EMlib/EMLib/../BCDS_Customization/debug/libEMLib_efm32_debug.a(em_usbdch9.o)
                0x0001f64c                USBDCH9_SetupCmd
 .text.ClearFeature
                0x0001f738       0xcc ./../Libraries/EMlib/EMLib/../BCDS_Customization/debug/libEMLib_efm32_debug.a(em_usbdch9.o)
 .text.GetConfiguration
                0x0001f804       0xb8 ./../Libraries/EMlib/EMLib/../BCDS_Customization/debug/libEMLib_efm32_debug.a(em_usbdch9.o)
 .text.GetDescriptor
                0x0001f8bc      0x10c ./../Libraries/EMlib/EMLib/../BCDS_Customization/debug/libEMLib_efm32_debug.a(em_usbdch9.o)
 .text.GetInterface
                0x0001f9c8       0x94 ./../Libraries/EMlib/EMLib/../BCDS_Customization/debug/libEMLib_efm32_debug.a(em_usbdch9.o)
 .text.GetStatus
                0x0001fa5c      0x1b4 ./../Libraries/EMlib/EMLib/../BCDS_Customization/debug/libEMLib_efm32_debug.a(em_usbdch9.o)
 .text.SetAddress
                0x0001fc10       0xb4 ./../Libraries/EMlib/EMLib/../BCDS_Customization/debug/libEMLib_efm32_debug.a(em_usbdch9.o)
 .text.SetConfiguration
                0x0001fcc4      0x10c ./../Libraries/EMlib/EMLib/../BCDS_Customization/debug/libEMLib_efm32_debug.a(em_usbdch9.o)
 .text.SetFeature
                0x0001fdd0      0x100 ./../Libraries/EMlib/EMLib/../BCDS_Customization/debug/libEMLib_efm32_debug.a(em_usbdch9.o)
 .text.SetInterface
                0x0001fed0       0x68 ./../Libraries/EMlib/EMLib/../BCDS_Customization/debug/libEMLib_efm32_debug.a(em_usbdch9.o)
 .text.bme280_init
                0x0001ff38       0x80 ./../Libraries/BSTLib/BST_Github/../BCDS_Customization/debug/libBSTLib_efm32_debug.a(bme280.o)
                0x0001ff38                bme280_init
 .text.bme280_read_uncomp_temperature
                0x0001ffb8       0x90 ./../Libraries/BSTLib/BST_Github/../BCDS_Customization/debug/libBSTLib_efm32_debug.a(bme280.o)
                0x0001ffb8                bme280_read_uncomp_temperature
 .text.bme280_compensate_temperature_int32
                0x00020048       0xd0 ./../Libraries/BSTLib/BST_Github/../BCDS_Customization/debug/libBSTLib_efm32_debug.a(bme280.o)
                0x00020048                bme280_compensate_temperature_int32
 .text.bme280_read_uncomp_pressure
                0x00020118       0x90 ./../Libraries/BSTLib/BST_Github/../BCDS_Customization/debug/libBSTLib_efm32_debug.a(bme280.o)
                0x00020118                bme280_read_uncomp_pressure
 .text.bme280_compensate_pressure_int32
                0x000201a8      0x1d4 ./../Libraries/BSTLib/BST_Github/../BCDS_Customization/debug/libBSTLib_efm32_debug.a(bme280.o)
                0x000201a8                bme280_compensate_pressure_int32
 .text.bme280_read_uncomp_humidity
                0x0002037c       0x7c ./../Libraries/BSTLib/BST_Github/../BCDS_Customization/debug/libBSTLib_efm32_debug.a(bme280.o)
                0x0002037c                bme280_read_uncomp_humidity
 .text.bme280_compensate_humidity_int32
                0x000203f8      0x110 ./../Libraries/BSTLib/BST_Github/../BCDS_Customization/debug/libBSTLib_efm32_debug.a(bme280.o)
                0x000203f8                bme280_compensate_humidity_int32
 .text.bme280_get_calib_param
                0x00020508      0x2d8 ./../Libraries/BSTLib/BST_Github/../BCDS_Customization/debug/libBSTLib_efm32_debug.a(bme280.o)
                0x00020508                bme280_get_calib_param
 .text.bme280_set_oversamp_temperature
                0x000207e0      0x1e8 ./../Libraries/BSTLib/BST_Github/../BCDS_Customization/debug/libBSTLib_efm32_debug.a(bme280.o)
                0x000207e0                bme280_set_oversamp_temperature
 .text.bme280_set_oversamp_pressure
                0x000209c8      0x1dc ./../Libraries/BSTLib/BST_Github/../BCDS_Customization/debug/libBSTLib_efm32_debug.a(bme280.o)
                0x000209c8                bme280_set_oversamp_pressure
 .text.bme280_set_oversamp_humidity
                0x00020ba4      0x228 ./../Libraries/BSTLib/BST_Github/../BCDS_Customization/debug/libBSTLib_efm32_debug.a(bme280.o)
                0x00020ba4                bme280_set_oversamp_humidity
 .text.bme280_get_power_mode
                0x00020dcc       0x74 ./../Libraries/BSTLib/BST_Github/../BCDS_Customization/debug/libBSTLib_efm32_debug.a(bme280.o)
                0x00020dcc                bme280_get_power_mode
 .text.bme280_set_power_mode
                0x00020e40      0x1e8 ./../Libraries/BSTLib/BST_Github/../BCDS_Customization/debug/libBSTLib_efm32_debug.a(bme280.o)
                0x00020e40                bme280_set_power_mode
 .text.bme280_set_soft_rst
                0x00021028       0x64 ./../Libraries/BSTLib/BST_Github/../BCDS_Customization/debug/libBSTLib_efm32_debug.a(bme280.o)
                0x00021028                bme280_set_soft_rst
 .text.bme280_set_standby_durn
                0x0002108c      0x1e0 ./../Libraries/BSTLib/BST_Github/../BCDS_Customization/debug/libBSTLib_efm32_debug.a(bme280.o)
                0x0002108c                bme280_set_standby_durn
 .text.bme280_write_register
                0x0002126c       0x64 ./../Libraries/BSTLib/BST_Github/../BCDS_Customization/debug/libBSTLib_efm32_debug.a(bme280.o)
                0x0002126c                bme280_write_register
 .text.bme280_read_register
                0x000212d0       0x64 ./../Libraries/BSTLib/BST_Github/../BCDS_Customization/debug/libBSTLib_efm32_debug.a(bme280.o)
                0x000212d0                bme280_read_register
 .text.GPIO_PinOutClear
                0x00021334       0x4c ../Common/debug/XDKCommon_efm32_debug.a(SystemStartup.o)
 .text.GPIO_PinOutSet
                0x00021380       0x4c ../Common/debug/XDKCommon_efm32_debug.a(SystemStartup.o)
 .text.systemStartup
                0x000213cc       0x88 ../Common/debug/XDKCommon_efm32_debug.a(SystemStartup.o)
                0x000213cc                systemStartup
 .text.vApplicationStackOverflowHook
                0x00021454       0x80 ../Common/debug/XDKCommon_efm32_debug.a(SystemStartup.o)
                0x00021454                vApplicationStackOverflowHook
 .text.Retcode_getPackage
                0x000214d4       0x1c ../Common/debug/XDKCommon_efm32_debug.a(BoardInitialization.o)
 .text.NVIC_SetPriority
                0x000214f0       0x5c ../Common/debug/XDKCommon_efm32_debug.a(BoardInitialization.o)
 .text.CHIP_Init
                0x0002154c       0x50 ../Common/debug/XDKCommon_efm32_debug.a(BoardInitialization.o)
 .text.GPIO_PinOutSet
                0x0002159c       0x4c ../Common/debug/XDKCommon_efm32_debug.a(BoardInitialization.o)
 .text.ErrorHandlingFunc
                0x000215e8       0x2c ../Common/debug/XDKCommon_efm32_debug.a(BoardInitialization.o)
 .text.bleGetPublicAddress
                0x00021614      0x104 ../Common/debug/XDKCommon_efm32_debug.a(BoardInitialization.o)
 .text.customizeInterruptPriority
                0x00021718      0x1d0 ../Common/debug/XDKCommon_efm32_debug.a(BoardInitialization.o)
                0x00021718                customizeInterruptPriority
 .text.assertIndicationMapping
                0x000218e8       0x84 ../Common/debug/XDKCommon_efm32_debug.a(BoardInitialization.o)
                0x000218e8                assertIndicationMapping
 .text.boardInit
                0x0002196c       0x10 ../Common/debug/XDKCommon_efm32_debug.a(BoardInitialization.o)
                0x0002196c                boardInit
 .text.boardStartup
                0x0002197c       0xe0 ../Common/debug/XDKCommon_efm32_debug.a(BoardInitialization.o)
                0x0002197c                boardStartup
 .text.NVIC_SystemReset
                0x00021a5c       0x30 ../Common/debug/XDKCommon_efm32_debug.a(UsbResetUtility.o)
 .text.UsbResetUtility_SystemReset
                0x00021a8c       0x10 ../Common/debug/XDKCommon_efm32_debug.a(UsbResetUtility.o)
 .text.UsbResetUtility_InteruptHandling
                0x00021a9c       0x5c ../Common/debug/XDKCommon_efm32_debug.a(UsbResetUtility.o)
 .text.UsbResetUtility_Init
                0x00021af8       0x48 ../Common/debug/XDKCommon_efm32_debug.a(UsbResetUtility.o)
                0x00021af8                UsbResetUtility_Init
 .text.UsbResetUtility_UsbISRCallback
                0x00021b40      0x148 ../Common/debug/XDKCommon_efm32_debug.a(UsbResetUtility.o)
                0x00021b40                UsbResetUtility_UsbISRCallback
 .text.resetGpioConfig
                0x00021c88      0x3f8 ../Common/debug/XDKCommon_efm32_debug.a(GpioConfig.o)
                0x00021c88                resetGpioConfig
 .text.RingBuf_Init
                0x00022080       0x38 ./../Platform/Utils/debug/libUtils_efm32_debug.a(RB_ringBuffer.o)
                0x00022080                RingBuf_Init
 .text.RingBuf_Write
                0x000220b8       0xdc ./../Platform/Utils/debug/libUtils_efm32_debug.a(RB_ringBuffer.o)
                0x000220b8                RingBuf_Write
 .text.RingBuf_Read
                0x00022194       0xd4 ./../Platform/Utils/debug/libUtils_efm32_debug.a(RB_ringBuffer.o)
                0x00022194                RingBuf_Read
 .text.Assert_initialize
                0x00022268       0x48 ./../Platform/Basics/debug/libBasics_efm32_debug.a(Assert.o)
                0x00022268                Assert_initialize
 .text.Assert_dynamic
                0x000222b0       0x2c ./../Platform/Basics/debug/libBasics_efm32_debug.a(Assert.o)
                0x000222b0                Assert_dynamic
 .text.defaultErrorHandlingFunc
                0x000222dc       0x14 ./../Platform/Basics/debug/libBasics_efm32_debug.a(Retcode.o)
 .text.Retcode_initialize
                0x000222f0       0x38 ./../Platform/Basics/debug/libBasics_efm32_debug.a(Retcode.o)
                0x000222f0                Retcode_initialize
 .text.Retcode_compose
                0x00022328       0x50 ./../Platform/Basics/debug/libBasics_efm32_debug.a(Retcode.o)
                0x00022328                Retcode_compose
 .text.Retcode_getPackage
                0x00022378       0x1c ./../Platform/SensorDrivers/debug/libSensorDrivers_efm32_debug.a(Max44009.o)
 .text.MappingI2cLibError
                0x00022394       0x5c ./../Platform/SensorDrivers/debug/libSensorDrivers_efm32_debug.a(Max44009.o)
 .text.MAX44009_combineLuxLowHighReg
                0x000223f0       0x48 ./../Platform/SensorDrivers/debug/libSensorDrivers_efm32_debug.a(Max44009.o)
 .text.MAX44009_init
                0x00022438       0x3c ./../Platform/SensorDrivers/debug/libSensorDrivers_efm32_debug.a(Max44009.o)
                0x00022438                MAX44009_init
 .text.MAX44009_setCdr
                0x00022474       0xe0 ./../Platform/SensorDrivers/debug/libSensorDrivers_efm32_debug.a(Max44009.o)
                0x00022474                MAX44009_setCdr
 .text.MAX44009_getConfigurationReg
                0x00022554       0xa0 ./../Platform/SensorDrivers/debug/libSensorDrivers_efm32_debug.a(Max44009.o)
                0x00022554                MAX44009_getConfigurationReg
 .text.MAX44009_setIntegrationTime
                0x000225f4       0xd8 ./../Platform/SensorDrivers/debug/libSensorDrivers_efm32_debug.a(Max44009.o)
                0x000225f4                MAX44009_setIntegrationTime
 .text.MAX44009_getSensorData
                0x000226cc      0x10c ./../Platform/SensorDrivers/debug/libSensorDrivers_efm32_debug.a(Max44009.o)
                0x000226cc                MAX44009_getSensorData
 .text.MAX44009_getDataInMilliLux
                0x000227d8       0x70 ./../Platform/SensorDrivers/debug/libSensorDrivers_efm32_debug.a(Max44009.o)
                0x000227d8                MAX44009_getDataInMilliLux
 .text.MAX44009_setContinousModeReg
                0x00022848       0xf4 ./../Platform/SensorDrivers/debug/libSensorDrivers_efm32_debug.a(Max44009.o)
                0x00022848                MAX44009_setContinousModeReg
 .text.MAX44009_setManualModeReg
                0x0002293c       0xf8 ./../Platform/SensorDrivers/debug/libSensorDrivers_efm32_debug.a(Max44009.o)
                0x0002293c                MAX44009_setManualModeReg
 .text.NVIC_EnableIRQ
                0x00022a34       0x38 ./../Platform/Power/debug/libPOWER_efm32_debug.a(PowerMgt.o)
 .text.NVIC_SetPriority
                0x00022a6c       0x5c ./../Platform/Power/debug/libPOWER_efm32_debug.a(PowerMgt.o)
 .text.RTC_IntClear
                0x00022ac8       0x20 ./../Platform/Power/debug/libPOWER_efm32_debug.a(PowerMgt.o)
 .text.RTC_IntDisable
                0x00022ae8       0x30 ./../Platform/Power/debug/libPOWER_efm32_debug.a(PowerMgt.o)
 .text.RTC_IntEnable
                0x00022b18       0x2c ./../Platform/Power/debug/libPOWER_efm32_debug.a(PowerMgt.o)
 .text.PowerMgt_GetSystemTimeMs
                0x00022b44       0x88 ./../Platform/Power/debug/libPOWER_efm32_debug.a(PowerMgt.o)
                0x00022b44                PowerMgt_GetSystemTimeMs
 .text.RTC_IRQHandler
                0x00022bcc      0x184 ./../Platform/Power/debug/libPOWER_efm32_debug.a(PowerMgt.o)
                0x00022bcc                RTC_IRQHandler
 .text.vPortSetupTimerInterrupt
                0x00022d50      0x10c ./../Platform/Power/debug/libPOWER_efm32_debug.a(PowerMgt.o)
                0x00022d50                vPortSetupTimerInterrupt
 .text.BleMgmt_timerRing
                0x00022e5c       0xb8 ./../Libraries/BLEStack/Alpwise/Core_Stack/Libraries/BLESW_CoreStack_CM3.a(BleEngine.o)
 .text.BLEMGMT_Init
                0x00022f14       0x3c ./../Libraries/BLEStack/Alpwise/Core_Stack/Libraries/BLESW_CoreStack_CM3.a(BleEngine.o)
                0x00022f14                BLEMGMT_Init
 .text.BLEMGMT_Deinit
                0x00022f50       0x20 ./../Libraries/BLEStack/Alpwise/Core_Stack/Libraries/BLESW_CoreStack_CM3.a(BleEngine.o)
                0x00022f50                BLEMGMT_Deinit
 .text.BLEMGMT_Run
                0x00022f70       0x4c ./../Libraries/BLEStack/Alpwise/Core_Stack/Libraries/BLESW_CoreStack_CM3.a(BleEngine.o)
                0x00022f70                BLEMGMT_Run
 .text.BLEMGMT_RegisterHandler
                0x00022fbc       0x28 ./../Libraries/BLEStack/Alpwise/Core_Stack/Libraries/BLESW_CoreStack_CM3.a(BleEngine.o)
                0x00022fbc                BLEMGMT_RegisterHandler
 .text.BleMgmt_PostEvent
                0x00022fe4       0x50 ./../Libraries/BLEStack/Alpwise/Core_Stack/Libraries/BLESW_CoreStack_CM3.a(BleEngine.o)
                0x00022fe4                BleMgmt_PostEvent
 .text.BleMgmt_RemoveTimerEvent
                0x00023034       0xdc ./../Libraries/BLEStack/Alpwise/Core_Stack/Libraries/BLESW_CoreStack_CM3.a(BleEngine.o)
                0x00023034                BleMgmt_RemoveTimerEvent
 .text.BleMgmt_AddTimerEvent
                0x00023110       0xdc ./../Libraries/BLEStack/Alpwise/Core_Stack/Libraries/BLESW_CoreStack_CM3.a(BleEngine.o)
                0x00023110                BleMgmt_AddTimerEvent
 .text.SYSTEM_MemCpy
                0x000231ec       0x14 ./../Libraries/BLEStack/Alpwise/Core_Stack/Libraries/BLESW_CoreStack_CM3.a(BleMemory.o)
                0x000231ec                SYSTEM_MemCpy
 .text.SYSTEM_ReverseMemCpy
                0x00023200       0x1a ./../Libraries/BLEStack/Alpwise/Core_Stack/Libraries/BLESW_CoreStack_CM3.a(BleMemory.o)
                0x00023200                SYSTEM_ReverseMemCpy
 .text.SYSTEM_MemCmp
                0x0002321a       0x24 ./../Libraries/BLEStack/Alpwise/Core_Stack/Libraries/BLESW_CoreStack_CM3.a(BleMemory.o)
                0x0002321a                SYSTEM_MemCmp
 .text.SYSTEM_MemSet
                0x0002323e       0x16 ./../Libraries/BLEStack/Alpwise/Core_Stack/Libraries/BLESW_CoreStack_CM3.a(BleMemory.o)
                0x0002323e                SYSTEM_MemSet
 .text.BleList_RemoveNode
                0x00023254       0x2e ./../Libraries/BLEStack/Alpwise/Core_Stack/Libraries/BLESW_CoreStack_CM3.a(BleSlist.o)
                0x00023254                BleList_RemoveNode
 .text.BleList_GetHeadNode
                0x00023282        0xc ./../Libraries/BLEStack/Alpwise/Core_Stack/Libraries/BLESW_CoreStack_CM3.a(BleSlist.o)
                0x00023282                BleList_GetHeadNode
 .text.BleList_IsNodeIn
                0x0002328e       0x12 ./../Libraries/BLEStack/Alpwise/Core_Stack/Libraries/BLESW_CoreStack_CM3.a(BleSlist.o)
                0x0002328e                BleList_IsNodeIn
 .text.BleList_InsertTail
                0x000232a0       0x28 ./../Libraries/BLEStack/Alpwise/Core_Stack/Libraries/BLESW_CoreStack_CM3.a(BleSlist.o)
                0x000232a0                BleList_InsertTail
 .text.BleList_InsertAfter
                0x000232c8       0x34 ./../Libraries/BLEStack/Alpwise/Core_Stack/Libraries/BLESW_CoreStack_CM3.a(BleSlist.o)
                0x000232c8                BleList_InsertAfter
 .text.BleList_GetCount
                0x000232fc       0x10 ./../Libraries/BLEStack/Alpwise/Core_Stack/Libraries/BLESW_CoreStack_CM3.a(BleSlist.o)
                0x000232fc                BleList_GetCount
 .text.BleList_GetIndex
                0x0002330c       0x16 ./../Libraries/BLEStack/Alpwise/Core_Stack/Libraries/BLESW_CoreStack_CM3.a(BleSlist.o)
                0x0002330c                BleList_GetIndex
 .text.BleList_IsNodeIn_ISR
                0x00023322       0x12 ./../Libraries/BLEStack/Alpwise/Core_Stack/Libraries/BLESW_CoreStack_CM3.a(BleSlist.o)
                0x00023322                BleList_IsNodeIn_ISR
 .text.BleList_GetHeadNode_ISR
                0x00023334        0xc ./../Libraries/BLEStack/Alpwise/Core_Stack/Libraries/BLESW_CoreStack_CM3.a(BleSlist.o)
                0x00023334                BleList_GetHeadNode_ISR
 .text.BleList_InsertTail_ISR